Archive member included to satisfy reference by file (symbol)

d:/stm32cubeide_1.7.0/stm32cubeide/plugins/com.st.stm32cube.ide.mcu.externaltools.gnu-tools-for-stm32.9-2020-q2-update.win32_2.0.0.202105311346/tools/bin/../lib/gcc/arm-none-eabi/9.3.1/../../../../arm-none-eabi/lib/thumb/v7e-m+fp/hard\libc_nano.a(lib_a-assert.o)
                              ./Core/Src/lfs.o (__assert_func)
d:/stm32cubeide_1.7.0/stm32cubeide/plugins/com.st.stm32cube.ide.mcu.externaltools.gnu-tools-for-stm32.9-2020-q2-update.win32_2.0.0.202105311346/tools/bin/../lib/gcc/arm-none-eabi/9.3.1/../../../../arm-none-eabi/lib/thumb/v7e-m+fp/hard\libc_nano.a(lib_a-errno.o)
                              ./Core/Src/syscalls.o (__errno)
d:/stm32cubeide_1.7.0/stm32cubeide/plugins/com.st.stm32cube.ide.mcu.externaltools.gnu-tools-for-stm32.9-2020-q2-update.win32_2.0.0.202105311346/tools/bin/../lib/gcc/arm-none-eabi/9.3.1/../../../../arm-none-eabi/lib/thumb/v7e-m+fp/hard\libc_nano.a(lib_a-exit.o)
                              d:/stm32cubeide_1.7.0/stm32cubeide/plugins/com.st.stm32cube.ide.mcu.externaltools.gnu-tools-for-stm32.9-2020-q2-update.win32_2.0.0.202105311346/tools/bin/../lib/gcc/arm-none-eabi/9.3.1/../../../../arm-none-eabi/lib/thumb/v7e-m+fp/hard/crt0.o (exit)
d:/stm32cubeide_1.7.0/stm32cubeide/plugins/com.st.stm32cube.ide.mcu.externaltools.gnu-tools-for-stm32.9-2020-q2-update.win32_2.0.0.202105311346/tools/bin/../lib/gcc/arm-none-eabi/9.3.1/../../../../arm-none-eabi/lib/thumb/v7e-m+fp/hard\libc_nano.a(lib_a-fprintf.o)
                              d:/stm32cubeide_1.7.0/stm32cubeide/plugins/com.st.stm32cube.ide.mcu.externaltools.gnu-tools-for-stm32.9-2020-q2-update.win32_2.0.0.202105311346/tools/bin/../lib/gcc/arm-none-eabi/9.3.1/../../../../arm-none-eabi/lib/thumb/v7e-m+fp/hard\libc_nano.a(lib_a-assert.o) (fiprintf)
d:/stm32cubeide_1.7.0/stm32cubeide/plugins/com.st.stm32cube.ide.mcu.externaltools.gnu-tools-for-stm32.9-2020-q2-update.win32_2.0.0.202105311346/tools/bin/../lib/gcc/arm-none-eabi/9.3.1/../../../../arm-none-eabi/lib/thumb/v7e-m+fp/hard\libc_nano.a(lib_a-impure.o)
                              d:/stm32cubeide_1.7.0/stm32cubeide/plugins/com.st.stm32cube.ide.mcu.externaltools.gnu-tools-for-stm32.9-2020-q2-update.win32_2.0.0.202105311346/tools/bin/../lib/gcc/arm-none-eabi/9.3.1/../../../../arm-none-eabi/lib/thumb/v7e-m+fp/hard\libc_nano.a(lib_a-exit.o) (_global_impure_ptr)
d:/stm32cubeide_1.7.0/stm32cubeide/plugins/com.st.stm32cube.ide.mcu.externaltools.gnu-tools-for-stm32.9-2020-q2-update.win32_2.0.0.202105311346/tools/bin/../lib/gcc/arm-none-eabi/9.3.1/../../../../arm-none-eabi/lib/thumb/v7e-m+fp/hard\libc_nano.a(lib_a-init.o)
                              d:/stm32cubeide_1.7.0/stm32cubeide/plugins/com.st.stm32cube.ide.mcu.externaltools.gnu-tools-for-stm32.9-2020-q2-update.win32_2.0.0.202105311346/tools/bin/../lib/gcc/arm-none-eabi/9.3.1/../../../../arm-none-eabi/lib/thumb/v7e-m+fp/hard/crt0.o (__libc_init_array)
d:/stm32cubeide_1.7.0/stm32cubeide/plugins/com.st.stm32cube.ide.mcu.externaltools.gnu-tools-for-stm32.9-2020-q2-update.win32_2.0.0.202105311346/tools/bin/../lib/gcc/arm-none-eabi/9.3.1/../../../../arm-none-eabi/lib/thumb/v7e-m+fp/hard\libc_nano.a(lib_a-malloc.o)
                              ./Core/Src/lfs.o (malloc)
d:/stm32cubeide_1.7.0/stm32cubeide/plugins/com.st.stm32cube.ide.mcu.externaltools.gnu-tools-for-stm32.9-2020-q2-update.win32_2.0.0.202105311346/tools/bin/../lib/gcc/arm-none-eabi/9.3.1/../../../../arm-none-eabi/lib/thumb/v7e-m+fp/hard\libc_nano.a(lib_a-memcmp.o)
                              ./Core/Src/lfs.o (memcmp)
d:/stm32cubeide_1.7.0/stm32cubeide/plugins/com.st.stm32cube.ide.mcu.externaltools.gnu-tools-for-stm32.9-2020-q2-update.win32_2.0.0.202105311346/tools/bin/../lib/gcc/arm-none-eabi/9.3.1/../../../../arm-none-eabi/lib/thumb/v7e-m+fp/hard\libc_nano.a(lib_a-memcpy-stub.o)
                              ./Core/Src/lfs.o (memcpy)
d:/stm32cubeide_1.7.0/stm32cubeide/plugins/com.st.stm32cube.ide.mcu.externaltools.gnu-tools-for-stm32.9-2020-q2-update.win32_2.0.0.202105311346/tools/bin/../lib/gcc/arm-none-eabi/9.3.1/../../../../arm-none-eabi/lib/thumb/v7e-m+fp/hard\libc_nano.a(lib_a-memset.o)
                              d:/stm32cubeide_1.7.0/stm32cubeide/plugins/com.st.stm32cube.ide.mcu.externaltools.gnu-tools-for-stm32.9-2020-q2-update.win32_2.0.0.202105311346/tools/bin/../lib/gcc/arm-none-eabi/9.3.1/../../../../arm-none-eabi/lib/thumb/v7e-m+fp/hard/crt0.o (memset)
d:/stm32cubeide_1.7.0/stm32cubeide/plugins/com.st.stm32cube.ide.mcu.externaltools.gnu-tools-for-stm32.9-2020-q2-update.win32_2.0.0.202105311346/tools/bin/../lib/gcc/arm-none-eabi/9.3.1/../../../../arm-none-eabi/lib/thumb/v7e-m+fp/hard\libc_nano.a(lib_a-nano-freer.o)
[...]
Memory Configuration

Name             Origin             Length             Attributes
CCMRAM           0x0000000010000000 0x0000000000010000 xrw
RAM              0x0000000020000000 0x0000000000030000 xrw
FLASH            0x0000000008000000 0x0000000000200000 xr
*default*        0x0000000000000000 0xffffffffffffffff

Linker script and memory map

LOAD d:/stm32cubeide_1.7.0/stm32cubeide/plugins/com.st.stm32cube.ide.mcu.externaltools.gnu-tools-for-stm32.9-2020-q2-update.win32_2.0.0.202105311346/tools/bin/../lib/gcc/arm-none-eabi/9.3.1/thumb/v7e-m+fp/hard/crti.o
LOAD d:/stm32cubeide_1.7.0/stm32cubeide/plugins/com.st.stm32cube.ide.mcu.externaltools.gnu-tools-for-stm32.9-2020-q2-update.win32_2.0.0.202105311346/tools/bin/../lib/gcc/arm-none-eabi/9.3.1/thumb/v7e-m+fp/hard/crtbegin.o
LOAD d:/stm32cubeide_1.7.0/stm32cubeide/plugins/com.st.stm32cube.ide.mcu.externaltools.gnu-tools-for-stm32.9-2020-q2-update.win32_2.0.0.202105311346/tools/bin/../lib/gcc/arm-none-eabi/9.3.1/../../../../arm-none-eabi/lib/thumb/v7e-m+fp/hard/crt0.o
LOAD ./Core/Src/MT25Q.o
LOAD ./Core/Src/lfs.o
LOAD ./Core/Src/lfs_port.o
LOAD ./Core/Src/lfs_util.o
LOAD ./Core/Src/main.o
LOAD ./Core/Src/nor.o
LOAD ./Core/Src/nor_ids.o
LOAD ./Core/Src/stm32f4xx_hal_msp.o
LOAD ./Core/Src/stm32f4xx_it.o
LOAD ./Core/Src/syscalls.o
LOAD ./Core/Src/sysmem.o
LOAD ./Core/Src/system_stm32f4xx.o
LOAD ./Core/Startup/startup_stm32f427aihx.o
LOAD ./Drivers/STM32F4xx_HAL_Driver/Src/stm32f4xx_hal.o
LOAD ./Drivers/STM32F4xx_HAL_Driver/Src/stm32f4xx_hal_adc.o
LOAD ./Drivers/STM32F4xx_HAL_Driver/Src/stm32f4xx_hal_adc_ex.o
LOAD ./Drivers/STM32F4xx_HAL_Driver/Src/stm32f4xx_hal_cortex.o
LOAD ./Drivers/STM32F4xx_HAL_Driver/Src/stm32f4xx_hal_dma.o
LOAD ./Drivers/STM32F4xx_HAL_Driver/Src/stm32f4xx_hal_dma_ex.o
LOAD ./Drivers/STM32F4xx_HAL_Driver/Src/stm32f4xx_hal_exti.o
LOAD ./Drivers/STM32F4xx_HAL_Driver/Src/stm32f4xx_hal_flash.o
LOAD ./Drivers/STM32F4xx_HAL_Driver/Src/stm32f4xx_hal_flash_ex.o
LOAD ./Drivers/STM32F4xx_HAL_Driver/Src/stm32f4xx_hal_flash_ramfunc.o
LOAD ./Drivers/STM32F4xx_HAL_Driver/Src/stm32f4xx_hal_gpio.o
LOAD ./Drivers/STM32F4xx_HAL_Driver/Src/stm32f4xx_hal_pcd.o
LOAD ./Drivers/STM32F4xx_HAL_Driver/Src/stm32f4xx_hal_pcd_ex.o
LOAD ./Drivers/STM32F4xx_HAL_Driver/Src/stm32f4xx_hal_pwr.o
LOAD ./Drivers/STM32F4xx_HAL_Driver/Src/stm32f4xx_hal_pwr_ex.o
LOAD ./Drivers/STM32F4xx_HAL_Driver/Src/stm32f4xx_hal_rcc.o
LOAD ./Drivers/STM32F4xx_HAL_Driver/Src/stm32f4xx_hal_rcc_ex.o
LOAD ./Drivers/STM32F4xx_HAL_Driver/Src/stm32f4xx_hal_spi.o
LOAD ./Drivers/STM32F4xx_HAL_Driver/Src/stm32f4xx_hal_tim.o
LOAD ./Drivers/STM32F4xx_HAL_Driver/Src/stm32f4xx_hal_tim_ex.o
LOAD ./Drivers/STM32F4xx_HAL_Driver/Src/stm32f4xx_hal_uart.o
LOAD ./Drivers/STM32F4xx_HAL_Driver/Src/stm32f4xx_ll_adc.o
LOAD ./Drivers/STM32F4xx_HAL_Driver/Src/stm32f4xx_ll_usb.o
LOAD ./Middlewares/ST/STM32_USB_Device_Library/Class/CDC/Src/usbd_cdc.o
LOAD ./Middlewares/ST/STM32_USB_Device_Library/Core/Src/usbd_core.o
LOAD ./Middlewares/ST/STM32_USB_Device_Library/Core/Src/usbd_ctlreq.o
LOAD ./Middlewares/ST/STM32_USB_Device_Library/Core/Src/usbd_ioreq.o
LOAD ./USB_DEVICE/App/usb_device.o
LOAD ./USB_DEVICE/App/usbd_cdc_if.o
LOAD ./USB_DEVICE/App/usbd_desc.o
LOAD ./USB_DEVICE/Target/usbd_conf.o
START GROUP
LOAD d:/stm32cubeide_1.7.0/stm32cubeide/plugins/com.st.stm32cube.ide.mcu.externaltools.gnu-tools-for-stm32.9-2020-q2-update.win32_2.0.0.202105311346/tools/bin/../lib/gcc/arm-none-eabi/9.3.1/../../../../arm-none-eabi/lib/thumb/v7e-m+fp/hard\libc_nano.a
LOAD d:/stm32cubeide_1.7.0/stm32cubeide/plugins/com.st.stm32cube.ide.mcu.externaltools.gnu-tools-for-stm32.9-2020-q2-update.win32_2.0.0.202105311346/tools/bin/../lib/gcc/arm-none-eabi/9.3.1/../../../../arm-none-eabi/lib/thumb/v7e-m+fp/hard\libm.a
END GROUP
START GROUP
LOAD d:/stm32cubeide_1.7.0/stm32cubeide/plugins/com.st.stm32cube.ide.mcu.externaltools.gnu-tools-for-stm32.9-2020-q2-update.win32_2.0.0.202105311346/tools/bin/../lib/gcc/arm-none-eabi/9.3.1/thumb/v7e-m+fp/hard\libgcc.a
LOAD d:/stm32cubeide_1.7.0/stm32cubeide/plugins/com.st.stm32cube.ide.mcu.externaltools.gnu-tools-for-stm32.9-2020-q2-update.win32_2.0.0.202105311346/tools/bin/../lib/gcc/arm-none-eabi/9.3.1/../../../../arm-none-eabi/lib/thumb/v7e-m+fp/hard\libc_nano.a
END GROUP
START GROUP
LOAD d:/stm32cubeide_1.7.0/stm32cubeide/plugins/com.st.stm32cube.ide.mcu.externaltools.gnu-tools-for-stm32.9-2020-q2-update.win32_2.0.0.202105311346/tools/bin/../lib/gcc/arm-none-eabi/9.3.1/thumb/v7e-m+fp/hard\libgcc.a
LOAD d:/stm32cubeide_1.7.0/stm32cubeide/plugins/com.st.stm32cube.ide.mcu.externaltools.gnu-tools-for-stm32.9-2020-q2-update.win32_2.0.0.202105311346/tools/bin/../lib/gcc/arm-none-eabi/9.3.1/../../../../arm-none-eabi/lib/thumb/v7e-m+fp/hard\libc_nano.a
LOAD d:/stm32cubeide_1.7.0/stm32cubeide/plugins/com.st.stm32cube.ide.mcu.externaltools.gnu-tools-for-stm32.9-2020-q2-update.win32_2.0.0.202105311346/tools/bin/../lib/gcc/arm-none-eabi/9.3.1/../../../../arm-none-eabi/lib/thumb/v7e-m+fp/hard\libnosys.a
END GROUP
START GROUP
LOAD d:/stm32cubeide_1.7.0/stm32cubeide/plugins/com.st.stm32cube.ide.mcu.externaltools.gnu-tools-for-stm32.9-2020-q2-update.win32_2.0.0.202105311346/tools/bin/../lib/gcc/arm-none-eabi/9.3.1/thumb/v7e-m+fp/hard\libgcc.a
LOAD d:/stm32cubeide_1.7.0/stm32cubeide/plugins/com.st.stm32cube.ide.mcu.externaltools.gnu-tools-for-stm32.9-2020-q2-update.win32_2.0.0.202105311346/tools/bin/../lib/gcc/arm-none-eabi/9.3.1/../../../../arm-none-eabi/lib/thumb/v7e-m+fp/hard\libc_nano.a
LOAD d:/stm32cubeide_1.7.0/stm32cubeide/plugins/com.st.stm32cube.ide.mcu.externaltools.gnu-tools-for-stm32.9-2020-q2-update.win32_2.0.0.202105311346/tools/bin/../lib/gcc/arm-none-eabi/9.3.1/../../../../arm-none-eabi/lib/thumb/v7e-m+fp/hard\libnosys.a
END GROUP
LOAD d:/stm32cubeide_1.7.0/stm32cubeide/plugins/com.st.stm32cube.ide.mcu.externaltools.gnu-tools-for-stm32.9-2020-q2-update.win32_2.0.0.202105311346/tools/bin/../lib/gcc/arm-none-eabi/9.3.1/thumb/v7e-m+fp/hard/crtend.o
LOAD d:/stm32cubeide_1.7.0/stm32cubeide/plugins/com.st.stm32cube.ide.mcu.externaltools.gnu-tools-for-stm32.9-2020-q2-update.win32_2.0.0.202105311346/tools/bin/../lib/gcc/arm-none-eabi/9.3.1/thumb/v7e-m+fp/hard/crtn.o
                0x0000000020030000                _estack = (ORIGIN (RAM) + LENGTH (RAM))
                0x0000000000000200                _Min_Heap_Size = 0x200
                0x0000000000000400                _Min_Stack_Size = 0x400

.isr_vector     0x0000000008000000      0x1ac
                0x0000000008000000                . = ALIGN (0x4)
 *(.isr_vector)
 .isr_vector    0x0000000008000000      0x1ac ./Core/Startup/startup_stm32f427aihx.o
                0x0000000008000000                g_pfnVectors
                0x00000000080001ac                . = ALIGN (0x4)

.text           0x00000000080001b0    0x12224
                0x00000000080001b0                . = ALIGN (0x4)
 *(.text)
 .text          0x00000000080001b0       0x40 d:/stm32cubeide_1.7.0/stm32cubeide/plugins/com.st.stm32cube.ide.mcu.externaltools.gnu-tools-for-stm32.9-2020-q2-update.win32_2.0.0.202105311346/tools/bin/../lib/gcc/arm-none-eabi/9.3.1/thumb/v7e-m+fp/hard/crtbegin.o
 .text          0x00000000080001f0       0x14 d:/stm32cubeide_1.7.0/stm32cubeide/plugins/com.st.stm32cube.ide.mcu.externaltools.gnu-tools-for-stm32.9-2020-q2-update.win32_2.0.0.202105311346/tools/bin/../lib/gcc/arm-none-eabi/9.3.1/../../../../arm-none-eabi/lib/thumb/v7e-m+fp/hard\libc_nano.a(lib_a-strcmp.o)
                0x00000000080001f0                strcmp
 .text          0x0000000008000204       0x10 d:/stm32cubeide_1.7.0/stm32cubeide/plugins/com.st.stm32cube.ide.mcu.externaltools.gnu-tools-for-stm32.9-2020-q2-update.win32_2.0.0.202105311346/tools/bin/../lib/gcc/arm-none-eabi/9.3.1/../../../../arm-none-eabi/lib/thumb/v7e-m+fp/hard\libc_nano.a(lib_a-strlen.o)
                0x0000000008000204                strlen
 *fill*         0x0000000008000214        0xc 
 .text          0x0000000008000220       0xa0 d:/stm32cubeide_1.7.0/stm32cubeide/plugins/com.st.stm32cube.ide.mcu.externaltools.gnu-tools-for-stm32.9-2020-q2-update.win32_2.0.0.202105311346/tools/bin/../lib/gcc/arm-none-eabi/9.3.1/../../../../arm-none-eabi/lib/thumb/v7e-m+fp/hard\libc_nano.a(lib_a-memchr.o)
                0x0000000008000220                memchr
 .text          0x00000000080002c0       0x30 d:/stm32cubeide_1.7.0/stm32cubeide/plugins/com.st.stm32cube.ide.mcu.externaltools.gnu-tools-for-stm32.9-2020-q2-update.win32_2.0.0.202105311346/tools/bin/../lib/gcc/arm-none-eabi/9.3.1/thumb/v7e-m+fp/hard\libgcc.a(_aeabi_uldivmod.o)
                0x00000000080002c0                __aeabi_uldivmod
 .text          0x00000000080002f0       0x28 d:/stm32cubeide_1.7.0/stm32cubeide/plugins/com.st.stm32cube.ide.mcu.externaltools.gnu-tools-for-stm32.9-2020-q2-update.win32_2.0.0.202105311346/tools/bin/../lib/gcc/arm-none-eabi/9.3.1/thumb/v7e-m+fp/hard\libgcc.a(_popcountsi2.o)
                0x00000000080002f0                __popcountsi2
 .text          0x0000000008000318      0x2c4 d:/stm32cubeide_1.7.0/stm32cubeide/plugins/com.st.stm32cube.ide.mcu.externaltools.gnu-tools-for-stm32.9-2020-q2-update.win32_2.0.0.202105311346/tools/bin/../lib/gcc/arm-none-eabi/9.3.1/thumb/v7e-m+fp/hard\libgcc.a(_udivmoddi4.o)
                0x0000000008000318                __udivmoddi4
 .text          0x00000000080005dc        0x4 d:/stm32cubeide_1.7.0/stm32cubeide/plugins/com.st.stm32cube.ide.mcu.externaltools.gnu-tools-for-stm32.9-2020-q2-update.win32_2.0.0.202105311346/tools/bin/../lib/gcc/arm-none-eabi/9.3.1/thumb/v7e-m+fp/hard\libgcc.a(_dvmd_tls.o)
                0x00000000080005dc                __aeabi_idiv0
                0x00000000080005dc                __aeabi_ldiv0
 *(.text*)
 .text.lfs_max  0x00000000080005e0       0x20 ./Core/Src/lfs.o
 .text.lfs_min  0x0000000008000600       0x20 ./Core/Src/lfs.o
 .text.lfs_aligndown
                0x0000000008000620       0x2a ./Core/Src/lfs.o
 .text.lfs_alignup
                0x000000000800064a       0x24 ./Core/Src/lfs.o
 .text.lfs_npw2
                0x000000000800066e       0x20 ./Core/Src/lfs.o
 .text.lfs_ctz  0x000000000800068e       0x1e ./Core/Src/lfs.o
 .text.lfs_popc
                0x00000000080006ac       0x18 ./Core/Src/lfs.o
 .text.lfs_scmp
                0x00000000080006c4       0x1c ./Core/Src/lfs.o
 .text.lfs_fromle32
                0x00000000080006e0       0x16 ./Core/Src/lfs.o
 .text.lfs_tole32
                0x00000000080006f6       0x18 ./Core/Src/lfs.o
 .text.lfs_frombe32
                0x000000000800070e       0x18 ./Core/Src/lfs.o
 .text.lfs_tobe32
                0x0000000008000726       0x18 ./Core/Src/lfs.o
 .text.lfs_malloc
                0x000000000800073e       0x18 ./Core/Src/lfs.o
 .text.lfs_free
                0x0000000008000756       0x16 ./Core/Src/lfs.o
 .text.lfs_cache_drop
                0x000000000800076c       0x1e ./Core/Src/lfs.o
 .text.lfs_cache_zero
                0x000000000800078a       0x2c ./Core/Src/lfs.o
 *fill*         0x00000000080007b6        0x2 
 .text.lfs_bd_read
                0x00000000080007b8      0x298 ./Core/Src/lfs.o
 .text.lfs_bd_cmp
                0x0000000008000a50       0xa2 ./Core/Src/lfs.o
 .text.lfs_bd_crc
                0x0000000008000af2       0x8c ./Core/Src/lfs.o
 *fill*         0x0000000008000b7e        0x2 
 .text.lfs_bd_flush
                0x0000000008000b80       0xf4 ./Core/Src/lfs.o
 .text.lfs_bd_sync
                0x0000000008000c74       0x68 ./Core/Src/lfs.o
 .text.lfs_bd_prog
                0x0000000008000cdc      0x158 ./Core/Src/lfs.o
 .text.lfs_bd_erase
                0x0000000008000e34       0x64 ./Core/Src/lfs.o
 .text.lfs_pair_swap
                0x0000000008000e98       0x2a ./Core/Src/lfs.o
 .text.lfs_pair_isnull
                0x0000000008000ec2       0x36 ./Core/Src/lfs.o
 .text.lfs_pair_cmp
                0x0000000008000ef8       0x54 ./Core/Src/lfs.o
 .text.lfs_pair_issync
                0x0000000008000f4c       0x5a ./Core/Src/lfs.o
 .text.lfs_pair_fromle32
                0x0000000008000fa6       0x34 ./Core/Src/lfs.o
 .text.lfs_pair_tole32
                0x0000000008000fda       0x34 ./Core/Src/lfs.o
 .text.lfs_tag_isvalid
                0x000000000800100e       0x1c ./Core/Src/lfs.o
 .text.lfs_tag_isdelete
                0x000000000800102a       0x26 ./Core/Src/lfs.o
 .text.lfs_tag_type1
                0x0000000008001050       0x20 ./Core/Src/lfs.o
 .text.lfs_tag_type2
                0x0000000008001070       0x20 ./Core/Src/lfs.o
 .text.lfs_tag_type3
                0x0000000008001090       0x20 ./Core/Src/lfs.o
 .text.lfs_tag_chunk
                0x00000000080010b0       0x1a ./Core/Src/lfs.o
 .text.lfs_tag_splice
                0x00000000080010ca       0x1a ./Core/Src/lfs.o
 .text.lfs_tag_id
                0x00000000080010e4       0x20 ./Core/Src/lfs.o
 .text.lfs_tag_size
                0x0000000008001104       0x1a ./Core/Src/lfs.o
 .text.lfs_tag_dsize
                0x000000000800111e       0x28 ./Core/Src/lfs.o
 .text.lfs_gstate_xor
                0x0000000008001146       0x4a ./Core/Src/lfs.o
 .text.lfs_gstate_iszero
                0x0000000008001190       0x3a ./Core/Src/lfs.o
 .text.lfs_gstate_hasorphans
                0x00000000080011ca       0x26 ./Core/Src/lfs.o
 .text.lfs_gstate_getorphans
                0x00000000080011f0       0x1e ./Core/Src/lfs.o
 .text.lfs_gstate_hasmove
                0x000000000800120e       0x26 ./Core/Src/lfs.o
 .text.lfs_gstate_needssuperblock
                0x0000000008001234       0x28 ./Core/Src/lfs.o
 .text.lfs_gstate_hasmovehere
                0x000000000800125c       0x40 ./Core/Src/lfs.o
 .text.lfs_gstate_fromle32
                0x000000000800129c       0x40 ./Core/Src/lfs.o
 .text.lfs_gstate_tole32
                0x00000000080012dc       0x40 ./Core/Src/lfs.o
 .text.lfs_fcrc_fromle32
                0x000000000800131c       0x30 ./Core/Src/lfs.o
 .text.lfs_fcrc_tole32
                0x000000000800134c       0x30 ./Core/Src/lfs.o
 .text.lfs_ctz_fromle32
                0x000000000800137c       0x30 ./Core/Src/lfs.o
 .text.lfs_ctz_tole32
                0x00000000080013ac       0x30 ./Core/Src/lfs.o
 .text.lfs_superblock_fromle32
                0x00000000080013dc       0x70 ./Core/Src/lfs.o
 .text.lfs_superblock_tole32
                0x000000000800144c       0x70 ./Core/Src/lfs.o
 .text.lfs_mlist_isopen
                0x00000000080014bc       0x3a ./Core/Src/lfs.o
 .text.lfs_mlist_remove
                0x00000000080014f6       0x44 ./Core/Src/lfs.o
 .text.lfs_mlist_append
                0x000000000800153a       0x24 ./Core/Src/lfs.o
 *fill*         0x000000000800155e        0x2 
 .text.lfs_fs_disk_version
                0x0000000008001560       0x1c ./Core/Src/lfs.o
 .text.lfs_fs_disk_version_major
                0x000000000800157c       0x1c ./Core/Src/lfs.o
 .text.lfs_fs_disk_version_minor
                0x0000000008001598       0x1a ./Core/Src/lfs.o
 .text.lfs_alloc_lookahead
                0x00000000080015b2       0x6a ./Core/Src/lfs.o
 .text.lfs_alloc_ack
                0x000000000800161c       0x1c ./Core/Src/lfs.o
 .text.lfs_alloc_drop
                0x0000000008001638       0x22 ./Core/Src/lfs.o
 *fill*         0x000000000800165a        0x2 
 .text.lfs_fs_rawgc
                0x000000000800165c       0x84 ./Core/Src/lfs.o
 .text.lfs_alloc
                0x00000000080016e0      0x104 ./Core/Src/lfs.o
 .text.lfs_dir_getslice
                0x00000000080017e4      0x1cc ./Core/Src/lfs.o
 .text.lfs_dir_get
                0x00000000080019b0       0x36 ./Core/Src/lfs.o
 .text.lfs_dir_getread
                0x00000000080019e6      0x1b6 ./Core/Src/lfs.o
 .text.lfs_dir_traverse_filter
                0x0000000008001b9c       0xb8 ./Core/Src/lfs.o
 .text.lfs_dir_traverse
                0x0000000008001c54      0x820 ./Core/Src/lfs.o
 .text.lfs_dir_fetchmatch
                0x0000000008002474      0x790 ./Core/Src/lfs.o
 .text.lfs_dir_fetch
                0x0000000008002c04       0x36 ./Core/Src/lfs.o
 *fill*         0x0000000008002c3a        0x2 
 .text.lfs_dir_getgstate
                0x0000000008002c3c       0x64 ./Core/Src/lfs.o
 .text.lfs_dir_getinfo
                0x0000000008002ca0       0xf4 ./Core/Src/lfs.o
 .text.lfs_dir_find_match
                0x0000000008002d94       0x92 ./Core/Src/lfs.o
 *fill*         0x0000000008002e26        0x2 
 .text.lfs_dir_find
                0x0000000008002e28      0x1f4 ./Core/Src/lfs.o
 .text.lfs_dir_commitprog
                0x000000000800301c       0x6c ./Core/Src/lfs.o
 .text.lfs_dir_commitattr
                0x0000000008003088      0x100 ./Core/Src/lfs.o
 .text.lfs_dir_commitcrc
                0x0000000008003188      0x2e0 ./Core/Src/lfs.o
 .text.lfs_dir_alloc
                0x0000000008003468       0xf2 ./Core/Src/lfs.o
 .text.lfs_dir_split
                0x000000000800355a       0xa8 ./Core/Src/lfs.o
 .text.lfs_dir_commit_size
                0x0000000008003602       0x2c ./Core/Src/lfs.o
 .text.lfs_dir_commit_commit
                0x000000000800362e       0x2a ./Core/Src/lfs.o
 .text.lfs_dir_needsrelocation
                0x0000000008003658       0x4c ./Core/Src/lfs.o
 .text.lfs_dir_compact
                0x00000000080036a4      0x3ec ./Core/Src/lfs.o
 .text.lfs_dir_splittingcompact
                0x0000000008003a90      0x22c ./Core/Src/lfs.o
 .text.lfs_dir_relocatingcommit
                0x0000000008003cbc      0x568 ./Core/Src/lfs.o
 .text.lfs_dir_orphaningcommit
                0x0000000008004224      0x5f4 ./Core/Src/lfs.o
 .text.lfs_dir_commit
                0x0000000008004818       0x4a ./Core/Src/lfs.o
 *fill*         0x0000000008004862        0x2 
 .text.lfs_dir_rawopen
                0x0000000008004864       0xf4 ./Core/Src/lfs.o
 .text.lfs_dir_rawclose
                0x0000000008004958       0x1c ./Core/Src/lfs.o
 .text.lfs_dir_rawread
                0x0000000008004974      0x108 ./Core/Src/lfs.o
 .text.lfs_ctz_index
                0x0000000008004a7c       0x70 ./Core/Src/lfs.o
 .text.lfs_ctz_find
                0x0000000008004aec       0xd6 ./Core/Src/lfs.o
 *fill*         0x0000000008004bc2        0x2 
 .text.lfs_ctz_extend
                0x0000000008004bc4      0x210 ./Core/Src/lfs.o
 .text.lfs_ctz_traverse
                0x0000000008004dd4       0xfc ./Core/Src/lfs.o
 .text.lfs_file_rawopencfg
                0x0000000008004ed0      0x3a0 ./Core/Src/lfs.o
 .text.lfs_file_rawopen
                0x0000000008005270       0x30 ./Core/Src/lfs.o
 .text.lfs_file_rawclose
                0x00000000080052a0       0x3a ./Core/Src/lfs.o
 *fill*         0x00000000080052da        0x2 
 .text.lfs_file_relocate
                0x00000000080052dc      0x1b4 ./Core/Src/lfs.o
 .text.lfs_file_outline
                0x0000000008005490       0x42 ./Core/Src/lfs.o
 *fill*         0x00000000080054d2        0x2 
 .text.lfs_file_flush
                0x00000000080054d4      0x1a8 ./Core/Src/lfs.o
 .text.lfs_file_rawsync
                0x000000000800567c      0x118 ./Core/Src/lfs.o
 .text.lfs_file_flushedread
                0x0000000008005794      0x1a4 ./Core/Src/lfs.o
 .text.lfs_file_rawread
                0x0000000008005938       0x6c ./Core/Src/lfs.o
 .text.lfs_file_flushedwrite
                0x00000000080059a4      0x252 ./Core/Src/lfs.o
 *fill*         0x0000000008005bf6        0x2 
 .text.lfs_file_rawwrite
                0x0000000008005bf8      0x108 ./Core/Src/lfs.o
 .text.lfs_file_rawsize
                0x0000000008005d00       0x36 ./Core/Src/lfs.o
 *fill*         0x0000000008005d36        0x2 
 .text.lfs_init
                0x0000000008005d38      0x398 ./Core/Src/lfs.o
 .text.lfs_deinit
                0x00000000080060d0       0x4e ./Core/Src/lfs.o
 *fill*         0x000000000800611e        0x2 
 .text.lfs_rawformat
                0x0000000008006120      0x164 ./Core/Src/lfs.o
 .text.lfs_rawmount
                0x0000000008006284      0x41c ./Core/Src/lfs.o
 .text.lfs_rawunmount
                0x00000000080066a0       0x18 ./Core/Src/lfs.o
 .text.lfs_fs_rawtraverse
                0x00000000080066b8      0x2a4 ./Core/Src/lfs.o
 .text.lfs_fs_pred
                0x000000000800695c       0xe0 ./Core/Src/lfs.o
 .text.lfs_fs_parent_match
                0x0000000008006a3c       0x84 ./Core/Src/lfs.o
 .text.lfs_fs_parent
                0x0000000008006ac0      0x104 ./Core/Src/lfs.o
 .text.lfs_fs_prepsuperblock
                0x0000000008006bc4       0x2a ./Core/Src/lfs.o
 *fill*         0x0000000008006bee        0x2 
 .text.lfs_fs_preporphans
                0x0000000008006bf0       0xa0 ./Core/Src/lfs.o
 .text.lfs_fs_prepmove
                0x0000000008006c90       0x74 ./Core/Src/lfs.o
 .text.lfs_fs_desuperblock
                0x0000000008006d04       0xd8 ./Core/Src/lfs.o
 .text.lfs_fs_demove
                0x0000000008006ddc       0xf8 ./Core/Src/lfs.o
 .text.lfs_fs_deorphan
                0x0000000008006ed4      0x360 ./Core/Src/lfs.o
 .text.lfs_fs_forceconsistency
                0x0000000008007234       0x4a ./Core/Src/lfs.o
 .text.lfs_fs_size_count
                0x000000000800727e       0x26 ./Core/Src/lfs.o
 .text.lfs_fs_rawsize
                0x00000000080072a4       0x34 ./Core/Src/lfs.o
 .text.lfs_format
                0x00000000080072d8       0x2c ./Core/Src/lfs.o
                0x00000000080072d8                lfs_format
 .text.lfs_mount
                0x0000000008007304       0x2c ./Core/Src/lfs.o
                0x0000000008007304                lfs_mount
 .text.lfs_file_open
                0x0000000008007330       0x68 ./Core/Src/lfs.o
                0x0000000008007330                lfs_file_open
 .text.lfs_file_close
                0x0000000008007398       0x58 ./Core/Src/lfs.o
                0x0000000008007398                lfs_file_close
 .text.lfs_file_read
                0x00000000080073f0       0x60 ./Core/Src/lfs.o
                0x00000000080073f0                lfs_file_read
 .text.lfs_file_write
                0x0000000008007450       0x60 ./Core/Src/lfs.o
                0x0000000008007450                lfs_file_write
 .text.lfs_file_size
                0x00000000080074b0       0x58 ./Core/Src/lfs.o
                0x00000000080074b0                lfs_file_size
 .text.lfs_dir_open
                0x0000000008007508       0x64 ./Core/Src/lfs.o
                0x0000000008007508                lfs_dir_open
 .text.lfs_dir_close
                0x000000000800756c       0x2c ./Core/Src/lfs.o
                0x000000000800756c                lfs_dir_close
 .text.lfs_dir_read
                0x0000000008007598       0x30 ./Core/Src/lfs.o
                0x0000000008007598                lfs_dir_read
 .text.lfs_crc  0x00000000080075c8       0x7c ./Core/Src/lfs_util.o
                0x00000000080075c8                lfs_crc
 .text.read_file_from_littlefs
                0x0000000008007644      0x124 ./Core/Src/main.o
                0x0000000008007644                read_file_from_littlefs
 .text.nor_delay_us
                0x0000000008007768       0x18 ./Core/Src/main.o
                0x0000000008007768                nor_delay_us
 .text.nor_cs_assert
                0x0000000008007780       0x18 ./Core/Src/main.o
                0x0000000008007780                nor_cs_assert
 .text.nor_cs_deassert
                0x0000000008007798       0x18 ./Core/Src/main.o
                0x0000000008007798                nor_cs_deassert
 .text.nor_spi_tx
                0x00000000080077b0       0x30 ./Core/Src/main.o
                0x00000000080077b0                nor_spi_tx
 .text.nor_spi_rx
                0x00000000080077e0       0x30 ./Core/Src/main.o
                0x00000000080077e0                nor_spi_rx
 .text.__init_nor
                0x0000000008007810       0x50 ./Core/Src/main.o
                0x0000000008007810                __init_nor
 .text._fs_read
                0x0000000008007860       0x38 ./Core/Src/main.o
                0x0000000008007860                _fs_read
 .text._fs_write
                0x0000000008007898       0x38 ./Core/Src/main.o
                0x0000000008007898                _fs_write
 .text._fs_erase
                0x00000000080078d0       0x2c ./Core/Src/main.o
                0x00000000080078d0                _fs_erase
 .text._fs_sync
                0x00000000080078fc       0x16 ./Core/Src/main.o
                0x00000000080078fc                _fs_sync
 *fill*         0x0000000008007912        0x2 
 .text.list_files
                0x0000000008007914      0x100 ./Core/Src/main.o
                0x0000000008007914                list_files
 .text.__init_littefs
                0x0000000008007a14       0xa8 ./Core/Src/main.o
                0x0000000008007a14                __init_littefs
 .text.list_files_with_size
                0x0000000008007abc      0x164 ./Core/Src/main.o
                0x0000000008007abc                list_files_with_size
 .text.__init_storage
                0x0000000008007c20       0x10 ./Core/Src/main.o
                0x0000000008007c20                __init_storage
 .text.main     0x0000000008007c30      0x120 ./Core/Src/main.o
                0x0000000008007c30                main
 .text.SystemClock_Config
                0x0000000008007d50       0xd4 ./Core/Src/main.o
                0x0000000008007d50                SystemClock_Config
 .text.MX_ADC1_Init
                0x0000000008007e24       0xa4 ./Core/Src/main.o
 .text.MX_ADC3_Init
                0x0000000008007ec8       0xa4 ./Core/Src/main.o
 .text.MX_SPI3_Init
                0x0000000008007f6c       0x6c ./Core/Src/main.o
 .text.MX_SPI4_Init
                0x0000000008007fd8       0x6c ./Core/Src/main.o
 .text.MX_UART7_Init
                0x0000000008008044       0x54 ./Core/Src/main.o
 .text.MX_USART1_UART_Init
                0x0000000008008098       0x54 ./Core/Src/main.o
 .text.MX_GPIO_Init
                0x00000000080080ec      0x1f8 ./Core/Src/main.o
 .text.Error_Handler
                0x00000000080082e4        0xa ./Core/Src/main.o
                0x00000000080082e4                Error_Handler
 .text._nor_cs_assert
                0x00000000080082ee       0x16 ./Core/Src/nor.o
 .text._nor_cs_deassert
                0x0000000008008304       0x16 ./Core/Src/nor.o
 .text._nor_spi_tx
                0x000000000800831a       0x1e ./Core/Src/nor.o
 .text._nor_spi_rx
                0x0000000008008338       0x1e ./Core/Src/nor.o
 .text._nor_delay_us
                0x0000000008008356       0x1a ./Core/Src/nor.o
 .text._nor_ReadID
                0x0000000008008370       0x42 ./Core/Src/nor.o
 .text._nor_ReadUniqID
                0x00000000080083b2       0x62 ./Core/Src/nor.o
 .text._nor_WriteEnable
                0x0000000008008414       0x2e ./Core/Src/nor.o
 .text._nor_ReadStatusRegister
                0x0000000008008442       0x84 ./Core/Src/nor.o
                0x0000000008008442                _nor_ReadStatusRegister
 .text._nor_WaitForWriteEnd
                0x00000000080084c6       0x78 ./Core/Src/nor.o
                0x00000000080084c6                _nor_WaitForWriteEnd
 .text.NOR_Init
                0x000000000800853e      0x17c ./Core/Src/nor.o
                0x000000000800853e                NOR_Init
 *fill*         0x00000000080086ba        0x2 
 .text.NOR_EraseAddress
                0x00000000080086bc       0xb4 ./Core/Src/nor.o
                0x00000000080086bc                NOR_EraseAddress
 .text.NOR_EraseSector
                0x0000000008008770       0x48 ./Core/Src/nor.o
                0x0000000008008770                NOR_EraseSector
 .text.NOR_WriteBytes
                0x00000000080087b8       0xe0 ./Core/Src/nor.o
                0x00000000080087b8                NOR_WriteBytes
 .text.NOR_WriteSector
                0x0000000008008898       0x70 ./Core/Src/nor.o
                0x0000000008008898                NOR_WriteSector
 .text.NOR_ReadBytes
                0x0000000008008908       0xdc ./Core/Src/nor.o
                0x0000000008008908                NOR_ReadBytes
 .text.NOR_ReadSector
                0x00000000080089e4       0x70 ./Core/Src/nor.o
                0x00000000080089e4                NOR_ReadSector
 .text.NOR_IDS_Interpret_Manufacturer
                0x0000000008008a54       0x18 ./Core/Src/nor_ids.o
                0x0000000008008a54                NOR_IDS_Interpret_Manufacturer
 .text.NOR_IDS_Interpret_Model
                0x0000000008008a6c       0x48 ./Core/Src/nor_ids.o
                0x0000000008008a6c                NOR_IDS_Interpret_Model
 .text.NOR_IDS_GetQtdBlocks
                0x0000000008008ab4       0xa2 ./Core/Src/nor_ids.o
                0x0000000008008ab4                NOR_IDS_GetQtdBlocks
 *fill*         0x0000000008008b56        0x2 
 .text.HAL_MspInit
                0x0000000008008b58       0x50 ./Core/Src/stm32f4xx_hal_msp.o
                0x0000000008008b58                HAL_MspInit
 .text.HAL_ADC_MspInit
                0x0000000008008ba8      0x15c ./Core/Src/stm32f4xx_hal_msp.o
                0x0000000008008ba8                HAL_ADC_MspInit
 .text.HAL_SPI_MspInit
                0x0000000008008d04      0x13c ./Core/Src/stm32f4xx_hal_msp.o
                0x0000000008008d04                HAL_SPI_MspInit
 .text.HAL_UART_MspInit
                0x0000000008008e40      0x11c ./Core/Src/stm32f4xx_hal_msp.o
                0x0000000008008e40                HAL_UART_MspInit
 .text.NMI_Handler
                0x0000000008008f5c        0x6 ./Core/Src/stm32f4xx_it.o
                0x0000000008008f5c                NMI_Handler
 .text.HardFault_Handler
                0x0000000008008f62        0x6 ./Core/Src/stm32f4xx_it.o
                0x0000000008008f62                HardFault_Handler
 .text.MemManage_Handler
                0x0000000008008f68        0x6 ./Core/Src/stm32f4xx_it.o
                0x0000000008008f68                MemManage_Handler
 .text.BusFault_Handler
                0x0000000008008f6e        0x6 ./Core/Src/stm32f4xx_it.o
                0x0000000008008f6e                BusFault_Handler
 .text.UsageFault_Handler
                0x0000000008008f74        0x6 ./Core/Src/stm32f4xx_it.o
                0x0000000008008f74                UsageFault_Handler
 .text.SVC_Handler
                0x0000000008008f7a        0xe ./Core/Src/stm32f4xx_it.o
                0x0000000008008f7a                SVC_Handler
 .text.DebugMon_Handler
                0x0000000008008f88        0xe ./Core/Src/stm32f4xx_it.o
                0x0000000008008f88                DebugMon_Handler
 .text.PendSV_Handler
                0x0000000008008f96        0xe ./Core/Src/stm32f4xx_it.o
                0x0000000008008f96                PendSV_Handler
 .text.SysTick_Handler
                0x0000000008008fa4        0xc ./Core/Src/stm32f4xx_it.o
                0x0000000008008fa4                SysTick_Handler
 .text.USART1_IRQHandler
                0x0000000008008fb0       0x14 ./Core/Src/stm32f4xx_it.o
                0x0000000008008fb0                USART1_IRQHandler
 .text.OTG_FS_IRQHandler
                0x0000000008008fc4       0x14 ./Core/Src/stm32f4xx_it.o
                0x0000000008008fc4                OTG_FS_IRQHandler
 .text.UART7_IRQHandler
                0x0000000008008fd8       0x14 ./Core/Src/stm32f4xx_it.o
                0x0000000008008fd8                UART7_IRQHandler
 .text._getpid  0x0000000008008fec       0x10 ./Core/Src/syscalls.o
                0x0000000008008fec                _getpid
 .text._kill    0x0000000008008ffc       0x20 ./Core/Src/syscalls.o
                0x0000000008008ffc                _kill
 .text._exit    0x000000000800901c       0x14 ./Core/Src/syscalls.o
                0x000000000800901c                _exit
 .text._read    0x0000000008009030       0x3a ./Core/Src/syscalls.o
                0x0000000008009030                _read
 .text._write   0x000000000800906a       0x38 ./Core/Src/syscalls.o
                0x000000000800906a                _write
 .text._close   0x00000000080090a2       0x18 ./Core/Src/syscalls.o
                0x00000000080090a2                _close
 .text._fstat   0x00000000080090ba       0x20 ./Core/Src/syscalls.o
                0x00000000080090ba                _fstat
 .text._isatty  0x00000000080090da       0x16 ./Core/Src/syscalls.o
                0x00000000080090da                _isatty
 .text._lseek   0x00000000080090f0       0x1a ./Core/Src/syscalls.o
                0x00000000080090f0                _lseek
 *fill*         0x000000000800910a        0x2 
 .text._sbrk    0x000000000800910c       0x6c ./Core/Src/sysmem.o
                0x000000000800910c                _sbrk
 .text.SystemInit
                0x0000000008009178       0x24 ./Core/Src/system_stm32f4xx.o
                0x0000000008009178                SystemInit
 .text.Reset_Handler
                0x000000000800919c       0x50 ./Core/Startup/startup_stm32f427aihx.o
                0x000000000800919c                Reset_Handler
 .text.Default_Handler
                0x00000000080091ec        0x2 ./Core/Startup/startup_stm32f427aihx.o
                0x00000000080091ec                RTC_Alarm_IRQHandler
                0x00000000080091ec                HASH_RNG_IRQHandler
                0x00000000080091ec                EXTI2_IRQHandler
                0x00000000080091ec                TIM8_CC_IRQHandler
                0x00000000080091ec                UART8_IRQHandler
                0x00000000080091ec                SPI4_IRQHandler
                0x00000000080091ec                TIM1_CC_IRQHandler
                0x00000000080091ec                DMA2_Stream5_IRQHandler
                0x00000000080091ec                DMA1_Stream5_IRQHandler
                0x00000000080091ec                PVD_IRQHandler
                0x00000000080091ec                SDIO_IRQHandler
                0x00000000080091ec                TAMP_STAMP_IRQHandler
                0x00000000080091ec                CAN2_RX1_IRQHandler
                0x00000000080091ec                EXTI3_IRQHandler
                0x00000000080091ec                TIM8_TRG_COM_TIM14_IRQHandler
                0x00000000080091ec                TIM1_UP_TIM10_IRQHandler
                0x00000000080091ec                TIM8_UP_TIM13_IRQHandler
                0x00000000080091ec                I2C3_ER_IRQHandler
                0x00000000080091ec                EXTI0_IRQHandler
                0x00000000080091ec                I2C2_EV_IRQHandler
                0x00000000080091ec                DMA1_Stream2_IRQHandler
                0x00000000080091ec                CAN1_RX0_IRQHandler
                0x00000000080091ec                FPU_IRQHandler
                0x00000000080091ec                OTG_HS_WKUP_IRQHandler
                0x00000000080091ec                CAN2_SCE_IRQHandler
                0x00000000080091ec                DMA2_Stream2_IRQHandler
                0x00000000080091ec                SPI1_IRQHandler
                0x00000000080091ec                TIM6_DAC_IRQHandler
                0x00000000080091ec                TIM1_BRK_TIM9_IRQHandler
                0x00000000080091ec                DCMI_IRQHandler
                0x00000000080091ec                CAN2_RX0_IRQHandler
                0x00000000080091ec                DMA2_Stream3_IRQHandler
                0x00000000080091ec                USART6_IRQHandler
                0x00000000080091ec                USART3_IRQHandler
                0x00000000080091ec                CAN1_RX1_IRQHandler
                0x00000000080091ec                UART5_IRQHandler
                0x00000000080091ec                DMA2_Stream0_IRQHandler
                0x00000000080091ec                TIM4_IRQHandler
                0x00000000080091ec                I2C1_EV_IRQHandler
                0x00000000080091ec                DMA1_Stream6_IRQHandler
                0x00000000080091ec                DMA1_Stream1_IRQHandler
                0x00000000080091ec                UART4_IRQHandler
                0x00000000080091ec                TIM3_IRQHandler
                0x00000000080091ec                RCC_IRQHandler
                0x00000000080091ec                TIM8_BRK_TIM12_IRQHandler
                0x00000000080091ec                Default_Handler
                0x00000000080091ec                EXTI15_10_IRQHandler
                0x00000000080091ec                ADC_IRQHandler
                0x00000000080091ec                DMA1_Stream7_IRQHandler
                0x00000000080091ec                SPI5_IRQHandler
                0x00000000080091ec                TIM7_IRQHandler
                0x00000000080091ec                CAN2_TX_IRQHandler
                0x00000000080091ec                TIM5_IRQHandler
                0x00000000080091ec                DMA2_Stream7_IRQHandler
                0x00000000080091ec                I2C3_EV_IRQHandler
                0x00000000080091ec                EXTI9_5_IRQHandler
                0x00000000080091ec                RTC_WKUP_IRQHandler
                0x00000000080091ec                ETH_WKUP_IRQHandler
                0x00000000080091ec                SPI2_IRQHandler
                0x00000000080091ec                OTG_HS_EP1_IN_IRQHandler
                0x00000000080091ec                DMA1_Stream0_IRQHandler
                0x00000000080091ec                CAN1_TX_IRQHandler
                0x00000000080091ec                EXTI4_IRQHandler
                0x00000000080091ec                ETH_IRQHandler
                0x00000000080091ec                OTG_HS_EP1_OUT_IRQHandler
                0x00000000080091ec                WWDG_IRQHandler
                0x00000000080091ec                SPI6_IRQHandler
                0x00000000080091ec                TIM2_IRQHandler
                0x00000000080091ec                OTG_FS_WKUP_IRQHandler
                0x00000000080091ec                TIM1_TRG_COM_TIM11_IRQHandler
                0x00000000080091ec                OTG_HS_IRQHandler
                0x00000000080091ec                DMA2D_IRQHandler
                0x00000000080091ec                EXTI1_IRQHandler
                0x00000000080091ec                USART2_IRQHandler
                0x00000000080091ec                I2C2_ER_IRQHandler
                0x00000000080091ec                DMA2_Stream1_IRQHandler
                0x00000000080091ec                CAN1_SCE_IRQHandler
                0x00000000080091ec                FLASH_IRQHandler
                0x00000000080091ec                DMA2_Stream4_IRQHandler
                0x00000000080091ec                SPI3_IRQHandler
                0x00000000080091ec                DMA1_Stream4_IRQHandler
                0x00000000080091ec                I2C1_ER_IRQHandler
                0x00000000080091ec                FMC_IRQHandler
                0x00000000080091ec                DMA2_Stream6_IRQHandler
                0x00000000080091ec                SAI1_IRQHandler
                0x00000000080091ec                DMA1_Stream3_IRQHandler
 *fill*         0x00000000080091ee        0x2 
 .text.HAL_Init
                0x00000000080091f0       0x44 ./Drivers/STM32F4xx_HAL_Driver/Src/stm32f4xx_hal.o
                0x00000000080091f0                HAL_Init
 .text.HAL_InitTick
                0x0000000008009234       0x60 ./Drivers/STM32F4xx_HAL_Driver/Src/stm32f4xx_hal.o
                0x0000000008009234                HAL_InitTick
 .text.HAL_IncTick
                0x0000000008009294       0x28 ./Drivers/STM32F4xx_HAL_Driver/Src/stm32f4xx_hal.o
                0x0000000008009294                HAL_IncTick
 .text.HAL_GetTick
                0x00000000080092bc       0x18 ./Drivers/STM32F4xx_HAL_Driver/Src/stm32f4xx_hal.o
                0x00000000080092bc                HAL_GetTick
 .text.HAL_Delay
                0x00000000080092d4       0x48 ./Drivers/STM32F4xx_HAL_Driver/Src/stm32f4xx_hal.o
                0x00000000080092d4                HAL_Delay
 .text.HAL_ADC_Init
                0x000000000800931c       0x86 ./Drivers/STM32F4xx_HAL_Driver/Src/stm32f4xx_hal_adc.o
                0x000000000800931c                HAL_ADC_Init
 *fill*         0x00000000080093a2        0x2 
 .text.HAL_ADC_ConfigChannel
                0x00000000080093a4      0x264 ./Drivers/STM32F4xx_HAL_Driver/Src/stm32f4xx_hal_adc.o
                0x00000000080093a4                HAL_ADC_ConfigChannel
 .text.ADC_Init
                0x0000000008009608      0x1f8 ./Drivers/STM32F4xx_HAL_Driver/Src/stm32f4xx_hal_adc.o
 .text.__NVIC_SetPriorityGrouping
                0x0000000008009800       0x48 ./Drivers/STM32F4xx_HAL_Driver/Src/stm32f4xx_hal_cortex.o
 .text.__NVIC_GetPriorityGrouping
                0x0000000008009848       0x1c ./Drivers/STM32F4xx_HAL_Driver/Src/stm32f4xx_hal_cortex.o
 .text.__NVIC_EnableIRQ
                0x0000000008009864       0x3c ./Drivers/STM32F4xx_HAL_Driver/Src/stm32f4xx_hal_cortex.o
 .text.__NVIC_SetPriority
                0x00000000080098a0       0x54 ./Drivers/STM32F4xx_HAL_Driver/Src/stm32f4xx_hal_cortex.o
 .text.NVIC_EncodePriority
                0x00000000080098f4       0x66 ./Drivers/STM32F4xx_HAL_Driver/Src/stm32f4xx_hal_cortex.o
 *fill*         0x000000000800995a        0x2 
 .text.SysTick_Config
                0x000000000800995c       0x44 ./Drivers/STM32F4xx_HAL_Driver/Src/stm32f4xx_hal_cortex.o
 .text.HAL_NVIC_SetPriorityGrouping
                0x00000000080099a0       0x16 ./Drivers/STM32F4xx_HAL_Driver/Src/stm32f4xx_hal_cortex.o
                0x00000000080099a0                HAL_NVIC_SetPriorityGrouping
 .text.HAL_NVIC_SetPriority
                0x00000000080099b6       0x38 ./Drivers/STM32F4xx_HAL_Driver/Src/stm32f4xx_hal_cortex.o
                0x00000000080099b6                HAL_NVIC_SetPriority
 .text.HAL_NVIC_EnableIRQ
                0x00000000080099ee       0x1c ./Drivers/STM32F4xx_HAL_Driver/Src/stm32f4xx_hal_cortex.o
                0x00000000080099ee                HAL_NVIC_EnableIRQ
 .text.HAL_SYSTICK_Config
                0x0000000008009a0a       0x18 ./Drivers/STM32F4xx_HAL_Driver/Src/stm32f4xx_hal_cortex.o
                0x0000000008009a0a                HAL_SYSTICK_Config
 .text.HAL_DMA_Abort
                0x0000000008009a22       0xe0 ./Drivers/STM32F4xx_HAL_Driver/Src/stm32f4xx_hal_dma.o
                0x0000000008009a22                HAL_DMA_Abort
 .text.HAL_DMA_Abort_IT
                0x0000000008009b02       0x44 ./Drivers/STM32F4xx_HAL_Driver/Src/stm32f4xx_hal_dma.o
                0x0000000008009b02                HAL_DMA_Abort_IT
 *fill*         0x0000000008009b46        0x2 
 .text.HAL_GPIO_Init
                0x0000000008009b48      0x358 ./Drivers/STM32F4xx_HAL_Driver/Src/stm32f4xx_hal_gpio.o
                0x0000000008009b48                HAL_GPIO_Init
 .text.HAL_GPIO_WritePin
                0x0000000008009ea0       0x32 ./Drivers/STM32F4xx_HAL_Driver/Src/stm32f4xx_hal_gpio.o
                0x0000000008009ea0                HAL_GPIO_WritePin
 .text.HAL_PCD_Init
                0x0000000008009ed2      0x23a ./Drivers/STM32F4xx_HAL_Driver/Src/stm32f4xx_hal_pcd.o
                0x0000000008009ed2                HAL_PCD_Init
 .text.HAL_PCD_Start
                0x000000000800a10c       0x66 ./Drivers/STM32F4xx_HAL_Driver/Src/stm32f4xx_hal_pcd.o
                0x000000000800a10c                HAL_PCD_Start
 .text.HAL_PCD_IRQHandler
                0x000000000800a172      0x764 ./Drivers/STM32F4xx_HAL_Driver/Src/stm32f4xx_hal_pcd.o
                0x000000000800a172                HAL_PCD_IRQHandler
 .text.HAL_PCD_SetAddress
                0x000000000800a8d6       0x4a ./Drivers/STM32F4xx_HAL_Driver/Src/stm32f4xx_hal_pcd.o
                0x000000000800a8d6                HAL_PCD_SetAddress
 .text.HAL_PCD_EP_Open
                0x000000000800a920       0xd0 ./Drivers/STM32F4xx_HAL_Driver/Src/stm32f4xx_hal_pcd.o
                0x000000000800a920                HAL_PCD_EP_Open
 .text.HAL_PCD_EP_Close
                0x000000000800a9f0       0x94 ./Drivers/STM32F4xx_HAL_Driver/Src/stm32f4xx_hal_pcd.o
                0x000000000800a9f0                HAL_PCD_EP_Close
 .text.HAL_PCD_EP_Receive
                0x000000000800aa84       0x96 ./Drivers/STM32F4xx_HAL_Driver/Src/stm32f4xx_hal_pcd.o
                0x000000000800aa84                HAL_PCD_EP_Receive
 .text.HAL_PCD_EP_GetRxCount
                0x000000000800ab1a       0x30 ./Drivers/STM32F4xx_HAL_Driver/Src/stm32f4xx_hal_pcd.o
                0x000000000800ab1a                HAL_PCD_EP_GetRxCount
 .text.HAL_PCD_EP_Transmit
                0x000000000800ab4a       0x94 ./Drivers/STM32F4xx_HAL_Driver/Src/stm32f4xx_hal_pcd.o
                0x000000000800ab4a                HAL_PCD_EP_Transmit
 .text.HAL_PCD_EP_SetStall
                0x000000000800abde       0xc8 ./Drivers/STM32F4xx_HAL_Driver/Src/stm32f4xx_hal_pcd.o
                0x000000000800abde                HAL_PCD_EP_SetStall
 .text.HAL_PCD_EP_ClrStall
                0x000000000800aca6       0xac ./Drivers/STM32F4xx_HAL_Driver/Src/stm32f4xx_hal_pcd.o
                0x000000000800aca6                HAL_PCD_EP_ClrStall
 .text.PCD_WriteEmptyTxFifo
                0x000000000800ad52      0x11a ./Drivers/STM32F4xx_HAL_Driver/Src/stm32f4xx_hal_pcd.o
 .text.PCD_EP_OutXfrComplete_int
                0x000000000800ae6c      0x218 ./Drivers/STM32F4xx_HAL_Driver/Src/stm32f4xx_hal_pcd.o
 .text.PCD_EP_OutSetupPacket_int
                0x000000000800b084       0x8c ./Drivers/STM32F4xx_HAL_Driver/Src/stm32f4xx_hal_pcd.o
 .text.HAL_PCDEx_SetTxFiFo
                0x000000000800b110       0x8e ./Drivers/STM32F4xx_HAL_Driver/Src/stm32f4xx_hal_pcd_ex.o
                0x000000000800b110                HAL_PCDEx_SetTxFiFo
 .text.HAL_PCDEx_SetRxFiFo
                0x000000000800b19e       0x22 ./Drivers/STM32F4xx_HAL_Driver/Src/stm32f4xx_hal_pcd_ex.o
                0x000000000800b19e                HAL_PCDEx_SetRxFiFo
 .text.HAL_PCDEx_LPM_Callback
                0x000000000800b1c0       0x18 ./Drivers/STM32F4xx_HAL_Driver/Src/stm32f4xx_hal_pcd_ex.o
                0x000000000800b1c0                HAL_PCDEx_LPM_Callback
 .text.HAL_RCC_OscConfig
                0x000000000800b1d8      0x4f0 ./Drivers/STM32F4xx_HAL_Driver/Src/stm32f4xx_hal_rcc.o
                0x000000000800b1d8                HAL_RCC_OscConfig
 .text.HAL_RCC_ClockConfig
                0x000000000800b6c8      0x1cc ./Drivers/STM32F4xx_HAL_Driver/Src/stm32f4xx_hal_rcc.o
                0x000000000800b6c8                HAL_RCC_ClockConfig
 .text.HAL_RCC_GetSysClockFreq
                0x000000000800b894      0x16c ./Drivers/STM32F4xx_HAL_Driver/Src/stm32f4xx_hal_rcc.o
                0x000000000800b894                HAL_RCC_GetSysClockFreq
 .text.HAL_RCC_GetHCLKFreq
                0x000000000800ba00       0x18 ./Drivers/STM32F4xx_HAL_Driver/Src/stm32f4xx_hal_rcc.o
                0x000000000800ba00                HAL_RCC_GetHCLKFreq
 .text.HAL_RCC_GetPCLK1Freq
                0x000000000800ba18       0x28 ./Drivers/STM32F4xx_HAL_Driver/Src/stm32f4xx_hal_rcc.o
                0x000000000800ba18                HAL_RCC_GetPCLK1Freq
 .text.HAL_RCC_GetPCLK2Freq
                0x000000000800ba40       0x28 ./Drivers/STM32F4xx_HAL_Driver/Src/stm32f4xx_hal_rcc.o
                0x000000000800ba40                HAL_RCC_GetPCLK2Freq
 .text.HAL_SPI_Init
                0x000000000800ba68      0x112 ./Drivers/STM32F4xx_HAL_Driver/Src/stm32f4xx_hal_spi.o
                0x000000000800ba68                HAL_SPI_Init
 .text.HAL_SPI_Transmit
                0x000000000800bb7a      0x278 ./Drivers/STM32F4xx_HAL_Driver/Src/stm32f4xx_hal_spi.o
                0x000000000800bb7a                HAL_SPI_Transmit
 .text.HAL_SPI_Receive
                0x000000000800bdf2      0x222 ./Drivers/STM32F4xx_HAL_Driver/Src/stm32f4xx_hal_spi.o
                0x000000000800bdf2                HAL_SPI_Receive
 .text.HAL_SPI_TransmitReceive
                0x000000000800c014      0x344 ./Drivers/STM32F4xx_HAL_Driver/Src/stm32f4xx_hal_spi.o
                0x000000000800c014                HAL_SPI_TransmitReceive
 .text.SPI_WaitFlagStateUntilTimeout
                0x000000000800c358      0x110 ./Drivers/STM32F4xx_HAL_Driver/Src/stm32f4xx_hal_spi.o
 .text.SPI_EndRxTransaction
                0x000000000800c468       0xca ./Drivers/STM32F4xx_HAL_Driver/Src/stm32f4xx_hal_spi.o
 *fill*         0x000000000800c532        0x2 
 .text.SPI_EndRxTxTransaction
                0x000000000800c534       0x84 ./Drivers/STM32F4xx_HAL_Driver/Src/stm32f4xx_hal_spi.o
 .text.HAL_UART_Init
                0x000000000800c5b8       0x9a ./Drivers/STM32F4xx_HAL_Driver/Src/stm32f4xx_hal_uart.o
                0x000000000800c5b8                HAL_UART_Init
 .text.HAL_UART_Transmit
                0x000000000800c652      0x124 ./Drivers/STM32F4xx_HAL_Driver/Src/stm32f4xx_hal_uart.o
                0x000000000800c652                HAL_UART_Transmit
 *fill*         0x000000000800c776        0x2 
 .text.HAL_UART_IRQHandler
                0x000000000800c778      0x51c ./Drivers/STM32F4xx_HAL_Driver/Src/stm32f4xx_hal_uart.o
                0x000000000800c778                HAL_UART_IRQHandler
 .text.HAL_UART_TxCpltCallback
                0x000000000800cc94       0x14 ./Drivers/STM32F4xx_HAL_Driver/Src/stm32f4xx_hal_uart.o
                0x000000000800cc94                HAL_UART_TxCpltCallback
 .text.HAL_UART_RxCpltCallback
                0x000000000800cca8       0x14 ./Drivers/STM32F4xx_HAL_Driver/Src/stm32f4xx_hal_uart.o
                0x000000000800cca8                HAL_UART_RxCpltCallback
 .text.HAL_UART_ErrorCallback
                0x000000000800ccbc       0x14 ./Drivers/STM32F4xx_HAL_Driver/Src/stm32f4xx_hal_uart.o
                0x000000000800ccbc                HAL_UART_ErrorCallback
 .text.HAL_UARTEx_RxEventCallback
                0x000000000800ccd0       0x18 ./Drivers/STM32F4xx_HAL_Driver/Src/stm32f4xx_hal_uart.o
                0x000000000800ccd0                HAL_UARTEx_RxEventCallback
 .text.UART_WaitOnFlagUntilTimeout
                0x000000000800cce8       0xdc ./Drivers/STM32F4xx_HAL_Driver/Src/stm32f4xx_hal_uart.o
 .text.UART_EndRxTransfer
                0x000000000800cdc4       0xc6 ./Drivers/STM32F4xx_HAL_Driver/Src/stm32f4xx_hal_uart.o
 .text.UART_DMAAbortOnError
                0x000000000800ce8a       0x28 ./Drivers/STM32F4xx_HAL_Driver/Src/stm32f4xx_hal_uart.o
 .text.UART_Transmit_IT
                0x000000000800ceb2       0xa0 ./Drivers/STM32F4xx_HAL_Driver/Src/stm32f4xx_hal_uart.o
 .text.UART_EndTransmit_IT
                0x000000000800cf52       0x30 ./Drivers/STM32F4xx_HAL_Driver/Src/stm32f4xx_hal_uart.o
 .text.UART_Receive_IT
                0x000000000800cf82      0x176 ./Drivers/STM32F4xx_HAL_Driver/Src/stm32f4xx_hal_uart.o
 .text.UART_SetConfig
                0x000000000800d0f8      0x390 ./Drivers/STM32F4xx_HAL_Driver/Src/stm32f4xx_hal_uart.o
 .text.USB_CoreInit
                0x000000000800d488       0xc2 ./Drivers/STM32F4xx_HAL_Driver/Src/stm32f4xx_ll_usb.o
                0x000000000800d488                USB_CoreInit
 *fill*         0x000000000800d54a        0x2 
 .text.USB_SetTurnaroundTime
                0x000000000800d54c      0x144 ./Drivers/STM32F4xx_HAL_Driver/Src/stm32f4xx_ll_usb.o
                0x000000000800d54c                USB_SetTurnaroundTime
 .text.USB_EnableGlobalInt
                0x000000000800d690       0x22 ./Drivers/STM32F4xx_HAL_Driver/Src/stm32f4xx_ll_usb.o
                0x000000000800d690                USB_EnableGlobalInt
 .text.USB_DisableGlobalInt
                0x000000000800d6b2       0x22 ./Drivers/STM32F4xx_HAL_Driver/Src/stm32f4xx_ll_usb.o
                0x000000000800d6b2                USB_DisableGlobalInt
 .text.USB_SetCurrentMode
                0x000000000800d6d4       0x98 ./Drivers/STM32F4xx_HAL_Driver/Src/stm32f4xx_ll_usb.o
                0x000000000800d6d4                USB_SetCurrentMode
 .text.USB_DevInit
                0x000000000800d76c      0x2c8 ./Drivers/STM32F4xx_HAL_Driver/Src/stm32f4xx_ll_usb.o
                0x000000000800d76c                USB_DevInit
 .text.USB_FlushTxFifo
                0x000000000800da34       0x48 ./Drivers/STM32F4xx_HAL_Driver/Src/stm32f4xx_ll_usb.o
                0x000000000800da34                USB_FlushTxFifo
 .text.USB_FlushRxFifo
                0x000000000800da7c       0x40 ./Drivers/STM32F4xx_HAL_Driver/Src/stm32f4xx_ll_usb.o
                0x000000000800da7c                USB_FlushRxFifo
 .text.USB_SetDevSpeed
                0x000000000800dabc       0x32 ./Drivers/STM32F4xx_HAL_Driver/Src/stm32f4xx_ll_usb.o
                0x000000000800dabc                USB_SetDevSpeed
 .text.USB_GetDevSpeed
                0x000000000800daee       0x4a ./Drivers/STM32F4xx_HAL_Driver/Src/stm32f4xx_ll_usb.o
                0x000000000800daee                USB_GetDevSpeed
 .text.USB_ActivateEndpoint
                0x000000000800db38      0x10e ./Drivers/STM32F4xx_HAL_Driver/Src/stm32f4xx_ll_usb.o
                0x000000000800db38                USB_ActivateEndpoint
 *fill*         0x000000000800dc46        0x2 
 .text.USB_DeactivateEndpoint
                0x000000000800dc48      0x1b8 ./Drivers/STM32F4xx_HAL_Driver/Src/stm32f4xx_ll_usb.o
                0x000000000800dc48                USB_DeactivateEndpoint
 .text.USB_EPStartXfer
                0x000000000800de00      0x488 ./Drivers/STM32F4xx_HAL_Driver/Src/stm32f4xx_ll_usb.o
                0x000000000800de00                USB_EPStartXfer
 .text.USB_EP0StartXfer
                0x000000000800e288      0x2a6 ./Drivers/STM32F4xx_HAL_Driver/Src/stm32f4xx_ll_usb.o
                0x000000000800e288                USB_EP0StartXfer
 .text.USB_WritePacket
                0x000000000800e52e       0x7c ./Drivers/STM32F4xx_HAL_Driver/Src/stm32f4xx_ll_usb.o
                0x000000000800e52e                USB_WritePacket
 .text.USB_ReadPacket
                0x000000000800e5aa       0xb0 ./Drivers/STM32F4xx_HAL_Driver/Src/stm32f4xx_ll_usb.o
                0x000000000800e5aa                USB_ReadPacket
 .text.USB_EPSetStall
                0x000000000800e65a       0xdc ./Drivers/STM32F4xx_HAL_Driver/Src/stm32f4xx_ll_usb.o
                0x000000000800e65a                USB_EPSetStall
 .text.USB_EPClearStall
                0x000000000800e736       0xcc ./Drivers/STM32F4xx_HAL_Driver/Src/stm32f4xx_ll_usb.o
                0x000000000800e736                USB_EPClearStall
 .text.USB_SetDevAddress
                0x000000000800e802       0x4c ./Drivers/STM32F4xx_HAL_Driver/Src/stm32f4xx_ll_usb.o
                0x000000000800e802                USB_SetDevAddress
 .text.USB_DevConnect
                0x000000000800e84e       0x42 ./Drivers/STM32F4xx_HAL_Driver/Src/stm32f4xx_ll_usb.o
                0x000000000800e84e                USB_DevConnect
 .text.USB_DevDisconnect
                0x000000000800e890       0x42 ./Drivers/STM32F4xx_HAL_Driver/Src/stm32f4xx_ll_usb.o
                0x000000000800e890                USB_DevDisconnect
 .text.USB_ReadInterrupts
                0x000000000800e8d2       0x26 ./Drivers/STM32F4xx_HAL_Driver/Src/stm32f4xx_ll_usb.o
                0x000000000800e8d2                USB_ReadInterrupts
 .text.USB_ReadDevAllOutEpInterrupt
                0x000000000800e8f8       0x34 ./Drivers/STM32F4xx_HAL_Driver/Src/stm32f4xx_ll_usb.o
                0x000000000800e8f8                USB_ReadDevAllOutEpInterrupt
 .text.USB_ReadDevAllInEpInterrupt
                0x000000000800e92c       0x34 ./Drivers/STM32F4xx_HAL_Driver/Src/stm32f4xx_ll_usb.o
                0x000000000800e92c                USB_ReadDevAllInEpInterrupt
 .text.USB_ReadDevOutEPInterrupt
                0x000000000800e960       0x3c ./Drivers/STM32F4xx_HAL_Driver/Src/stm32f4xx_ll_usb.o
                0x000000000800e960                USB_ReadDevOutEPInterrupt
 .text.USB_ReadDevInEPInterrupt
                0x000000000800e99c       0x5c ./Drivers/STM32F4xx_HAL_Driver/Src/stm32f4xx_ll_usb.o
                0x000000000800e99c                USB_ReadDevInEPInterrupt
 .text.USB_GetMode
                0x000000000800e9f8       0x1c ./Drivers/STM32F4xx_HAL_Driver/Src/stm32f4xx_ll_usb.o
                0x000000000800e9f8                USB_GetMode
 .text.USB_ActivateSetup
                0x000000000800ea14       0x46 ./Drivers/STM32F4xx_HAL_Driver/Src/stm32f4xx_ll_usb.o
                0x000000000800ea14                USB_ActivateSetup
 *fill*         0x000000000800ea5a        0x2 
 .text.USB_EP0_OutStart
                0x000000000800ea5c       0xbc ./Drivers/STM32F4xx_HAL_Driver/Src/stm32f4xx_ll_usb.o
                0x000000000800ea5c                USB_EP0_OutStart
 .text.USB_CoreReset
                0x000000000800eb18       0x64 ./Drivers/STM32F4xx_HAL_Driver/Src/stm32f4xx_ll_usb.o
 .text.USBD_CDC_Init
                0x000000000800eb7c       0xfe ./Middlewares/ST/STM32_USB_Device_Library/Class/CDC/Src/usbd_cdc.o
 .text.USBD_CDC_DeInit
                0x000000000800ec7a       0x74 ./Middlewares/ST/STM32_USB_Device_Library/Class/CDC/Src/usbd_cdc.o
 *fill*         0x000000000800ecee        0x2 
 .text.USBD_CDC_Setup
                0x000000000800ecf0      0x190 ./Middlewares/ST/STM32_USB_Device_Library/Class/CDC/Src/usbd_cdc.o
 .text.USBD_CDC_DataIn
                0x000000000800ee80       0xca ./Middlewares/ST/STM32_USB_Device_Library/Class/CDC/Src/usbd_cdc.o
 .text.USBD_CDC_DataOut
                0x000000000800ef4a       0x56 ./Middlewares/ST/STM32_USB_Device_Library/Class/CDC/Src/usbd_cdc.o
 .text.USBD_CDC_EP0_RxReady
                0x000000000800efa0       0x5a ./Middlewares/ST/STM32_USB_Device_Library/Class/CDC/Src/usbd_cdc.o
 *fill*         0x000000000800effa        0x2 
 .text.USBD_CDC_GetFSCfgDesc
                0x000000000800effc       0x20 ./Middlewares/ST/STM32_USB_Device_Library/Class/CDC/Src/usbd_cdc.o
 .text.USBD_CDC_GetHSCfgDesc
                0x000000000800f01c       0x20 ./Middlewares/ST/STM32_USB_Device_Library/Class/CDC/Src/usbd_cdc.o
 .text.USBD_CDC_GetOtherSpeedCfgDesc
                0x000000000800f03c       0x20 ./Middlewares/ST/STM32_USB_Device_Library/Class/CDC/Src/usbd_cdc.o
 .text.USBD_CDC_GetDeviceQualifierDescriptor
                0x000000000800f05c       0x20 ./Middlewares/ST/STM32_USB_Device_Library/Class/CDC/Src/usbd_cdc.o
                0x000000000800f05c                USBD_CDC_GetDeviceQualifierDescriptor
 .text.USBD_CDC_RegisterInterface
                0x000000000800f07c       0x2a ./Middlewares/ST/STM32_USB_Device_Library/Class/CDC/Src/usbd_cdc.o
                0x000000000800f07c                USBD_CDC_RegisterInterface
 .text.USBD_CDC_SetTxBuffer
                0x000000000800f0a6       0x3c ./Middlewares/ST/STM32_USB_Device_Library/Class/CDC/Src/usbd_cdc.o
                0x000000000800f0a6                USBD_CDC_SetTxBuffer
 .text.USBD_CDC_SetRxBuffer
                0x000000000800f0e2       0x32 ./Middlewares/ST/STM32_USB_Device_Library/Class/CDC/Src/usbd_cdc.o
                0x000000000800f0e2                USBD_CDC_SetRxBuffer
 .text.USBD_CDC_ReceivePacket
                0x000000000800f114       0x54 ./Middlewares/ST/STM32_USB_Device_Library/Class/CDC/Src/usbd_cdc.o
                0x000000000800f114                USBD_CDC_ReceivePacket
 .text.USBD_Init
                0x000000000800f168       0x60 ./Middlewares/ST/STM32_USB_Device_Library/Core/Src/usbd_core.o
                0x000000000800f168                USBD_Init
 .text.USBD_RegisterClass
                0x000000000800f1c8       0x4e ./Middlewares/ST/STM32_USB_Device_Library/Core/Src/usbd_core.o
                0x000000000800f1c8                USBD_RegisterClass
 .text.USBD_Start
                0x000000000800f216       0x18 ./Middlewares/ST/STM32_USB_Device_Library/Core/Src/usbd_core.o
                0x000000000800f216                USBD_Start
 .text.USBD_RunTestMode
                0x000000000800f22e       0x16 ./Middlewares/ST/STM32_USB_Device_Library/Core/Src/usbd_core.o
                0x000000000800f22e                USBD_RunTestMode
 .text.USBD_SetClassConfig
                0x000000000800f244       0x38 ./Middlewares/ST/STM32_USB_Device_Library/Core/Src/usbd_core.o
                0x000000000800f244                USBD_SetClassConfig
 .text.USBD_ClrClassConfig
                0x000000000800f27c       0x30 ./Middlewares/ST/STM32_USB_Device_Library/Core/Src/usbd_core.o
                0x000000000800f27c                USBD_ClrClassConfig
 .text.USBD_LL_SetupStage
                0x000000000800f2ac       0xaa ./Middlewares/ST/STM32_USB_Device_Library/Core/Src/usbd_core.o
                0x000000000800f2ac                USBD_LL_SetupStage
 .text.USBD_LL_DataOutStage
                0x000000000800f356       0xc6 ./Middlewares/ST/STM32_USB_Device_Library/Core/Src/usbd_core.o
                0x000000000800f356                USBD_LL_DataOutStage
 .text.USBD_LL_DataInStage
                0x000000000800f41c      0x12c ./Middlewares/ST/STM32_USB_Device_Library/Core/Src/usbd_core.o
                0x000000000800f41c                USBD_LL_DataInStage
 .text.USBD_LL_Reset
                0x000000000800f548       0x9c ./Middlewares/ST/STM32_USB_Device_Library/Core/Src/usbd_core.o
                0x000000000800f548                USBD_LL_Reset
 .text.USBD_LL_SetSpeed
                0x000000000800f5e4       0x20 ./Middlewares/ST/STM32_USB_Device_Library/Core/Src/usbd_core.o
                0x000000000800f5e4                USBD_LL_SetSpeed
 .text.USBD_LL_Suspend
                0x000000000800f604       0x2c ./Middlewares/ST/STM32_USB_Device_Library/Core/Src/usbd_core.o
                0x000000000800f604                USBD_LL_Suspend
 .text.USBD_LL_Resume
                0x000000000800f630       0x30 ./Middlewares/ST/STM32_USB_Device_Library/Core/Src/usbd_core.o
                0x000000000800f630                USBD_LL_Resume
 .text.USBD_LL_SOF
                0x000000000800f660       0x44 ./Middlewares/ST/STM32_USB_Device_Library/Core/Src/usbd_core.o
                0x000000000800f660                USBD_LL_SOF
 .text.USBD_LL_IsoINIncomplete
                0x000000000800f6a4       0x4c ./Middlewares/ST/STM32_USB_Device_Library/Core/Src/usbd_core.o
                0x000000000800f6a4                USBD_LL_IsoINIncomplete
 .text.USBD_LL_IsoOUTIncomplete
                0x000000000800f6f0       0x4c ./Middlewares/ST/STM32_USB_Device_Library/Core/Src/usbd_core.o
                0x000000000800f6f0                USBD_LL_IsoOUTIncomplete
 .text.USBD_LL_DevConnected
                0x000000000800f73c       0x16 ./Middlewares/ST/STM32_USB_Device_Library/Core/Src/usbd_core.o
                0x000000000800f73c                USBD_LL_DevConnected
 .text.USBD_LL_DevDisconnected
                0x000000000800f752       0x38 ./Middlewares/ST/STM32_USB_Device_Library/Core/Src/usbd_core.o
                0x000000000800f752                USBD_LL_DevDisconnected
 .text.SWAPBYTE
                0x000000000800f78a       0x3c ./Middlewares/ST/STM32_USB_Device_Library/Core/Src/usbd_ctlreq.o
 *fill*         0x000000000800f7c6        0x2 
 .text.USBD_StdDevReq
                0x000000000800f7c8       0xdc ./Middlewares/ST/STM32_USB_Device_Library/Core/Src/usbd_ctlreq.o
                0x000000000800f7c8                USBD_StdDevReq
 .text.USBD_StdItfReq
                0x000000000800f8a4       0x92 ./Middlewares/ST/STM32_USB_Device_Library/Core/Src/usbd_ctlreq.o
                0x000000000800f8a4                USBD_StdItfReq
 .text.USBD_StdEPReq
                0x000000000800f936      0x2c4 ./Middlewares/ST/STM32_USB_Device_Library/Core/Src/usbd_ctlreq.o
                0x000000000800f936                USBD_StdEPReq
 *fill*         0x000000000800fbfa        0x2 
 .text.USBD_GetDescriptor
                0x000000000800fbfc      0x2d4 ./Middlewares/ST/STM32_USB_Device_Library/Core/Src/usbd_ctlreq.o
 .text.USBD_SetAddress
                0x000000000800fed0       0x88 ./Middlewares/ST/STM32_USB_Device_Library/Core/Src/usbd_ctlreq.o
 .text.USBD_SetConfig
                0x000000000800ff58      0x14c ./Middlewares/ST/STM32_USB_Device_Library/Core/Src/usbd_ctlreq.o
 .text.USBD_GetConfig
                0x00000000080100a4       0x6c ./Middlewares/ST/STM32_USB_Device_Library/Core/Src/usbd_ctlreq.o
 .text.USBD_GetStatus
                0x0000000008010110       0x68 ./Middlewares/ST/STM32_USB_Device_Library/Core/Src/usbd_ctlreq.o
 .text.USBD_SetFeature
                0x0000000008010178       0x28 ./Middlewares/ST/STM32_USB_Device_Library/Core/Src/usbd_ctlreq.o
 .text.USBD_ClrFeature
                0x00000000080101a0       0x44 ./Middlewares/ST/STM32_USB_Device_Library/Core/Src/usbd_ctlreq.o
 .text.USBD_ParseSetupRequest
                0x00000000080101e4       0x74 ./Middlewares/ST/STM32_USB_Device_Library/Core/Src/usbd_ctlreq.o
                0x00000000080101e4                USBD_ParseSetupRequest
 .text.USBD_CtlError
                0x0000000008010258       0x22 ./Middlewares/ST/STM32_USB_Device_Library/Core/Src/usbd_ctlreq.o
                0x0000000008010258                USBD_CtlError
 .text.USBD_GetString
                0x000000000801027a       0x8c ./Middlewares/ST/STM32_USB_Device_Library/Core/Src/usbd_ctlreq.o
                0x000000000801027a                USBD_GetString
 .text.USBD_GetLen
                0x0000000008010306       0x34 ./Middlewares/ST/STM32_USB_Device_Library/Core/Src/usbd_ctlreq.o
 .text.USBD_CtlSendData
                0x000000000801033a       0x36 ./Middlewares/ST/STM32_USB_Device_Library/Core/Src/usbd_ioreq.o
                0x000000000801033a                USBD_CtlSendData
 .text.USBD_CtlContinueSendData
                0x0000000008010370       0x22 ./Middlewares/ST/STM32_USB_Device_Library/Core/Src/usbd_ioreq.o
                0x0000000008010370                USBD_CtlContinueSendData
 .text.USBD_CtlPrepareRx
                0x0000000008010392       0x3a ./Middlewares/ST/STM32_USB_Device_Library/Core/Src/usbd_ioreq.o
                0x0000000008010392                USBD_CtlPrepareRx
 .text.USBD_CtlContinueRx
                0x00000000080103cc       0x22 ./Middlewares/ST/STM32_USB_Device_Library/Core/Src/usbd_ioreq.o
                0x00000000080103cc                USBD_CtlContinueRx
 .text.USBD_CtlSendStatus
                0x00000000080103ee       0x26 ./Middlewares/ST/STM32_USB_Device_Library/Core/Src/usbd_ioreq.o
                0x00000000080103ee                USBD_CtlSendStatus
 .text.USBD_CtlReceiveStatus
                0x0000000008010414       0x26 ./Middlewares/ST/STM32_USB_Device_Library/Core/Src/usbd_ioreq.o
                0x0000000008010414                USBD_CtlReceiveStatus
 *fill*         0x000000000801043a        0x2 
 .text.MX_USB_DEVICE_Init
                0x000000000801043c       0x60 ./USB_DEVICE/App/usb_device.o
                0x000000000801043c                MX_USB_DEVICE_Init
 .text.CDC_Init_FS
                0x000000000801049c       0x28 ./USB_DEVICE/App/usbd_cdc_if.o
 .text.CDC_DeInit_FS
                0x00000000080104c4       0x10 ./USB_DEVICE/App/usbd_cdc_if.o
 .text.CDC_Control_FS
                0x00000000080104d4       0xbc ./USB_DEVICE/App/usbd_cdc_if.o
 .text.CDC_Receive_FS
                0x0000000008010590       0x28 ./USB_DEVICE/App/usbd_cdc_if.o
 .text.CDC_TransmitCplt_FS
                0x00000000080105b8       0x22 ./USB_DEVICE/App/usbd_cdc_if.o
 *fill*         0x00000000080105da        0x2 
 .text.USBD_FS_DeviceDescriptor
                0x00000000080105dc       0x24 ./USB_DEVICE/App/usbd_desc.o
                0x00000000080105dc                USBD_FS_DeviceDescriptor
 .text.USBD_FS_LangIDStrDescriptor
                0x0000000008010600       0x24 ./USB_DEVICE/App/usbd_desc.o
                0x0000000008010600                USBD_FS_LangIDStrDescriptor
 .text.USBD_FS_ProductStrDescriptor
                0x0000000008010624       0x3c ./USB_DEVICE/App/usbd_desc.o
                0x0000000008010624                USBD_FS_ProductStrDescriptor
 .text.USBD_FS_ManufacturerStrDescriptor
                0x0000000008010660       0x28 ./USB_DEVICE/App/usbd_desc.o
                0x0000000008010660                USBD_FS_ManufacturerStrDescriptor
 .text.USBD_FS_SerialStrDescriptor
                0x0000000008010688       0x24 ./USB_DEVICE/App/usbd_desc.o
                0x0000000008010688                USBD_FS_SerialStrDescriptor
 .text.USBD_FS_ConfigStrDescriptor
                0x00000000080106ac       0x3c ./USB_DEVICE/App/usbd_desc.o
                0x00000000080106ac                USBD_FS_ConfigStrDescriptor
 .text.USBD_FS_InterfaceStrDescriptor
                0x00000000080106e8       0x3c ./USB_DEVICE/App/usbd_desc.o
                0x00000000080106e8                USBD_FS_InterfaceStrDescriptor
 .text.Get_SerialNum
                0x0000000008010724       0x58 ./USB_DEVICE/App/usbd_desc.o
 .text.IntToUnicode
                0x000000000801077c       0x7e ./USB_DEVICE/App/usbd_desc.o
 *fill*         0x00000000080107fa        0x2 
 .text.HAL_PCD_MspInit
                0x00000000080107fc       0xa8 ./USB_DEVICE/Target/usbd_conf.o
                0x00000000080107fc                HAL_PCD_MspInit
 .text.HAL_PCD_SetupStageCallback
                0x00000000080108a4       0x24 ./USB_DEVICE/Target/usbd_conf.o
                0x00000000080108a4                HAL_PCD_SetupStageCallback
 .text.HAL_PCD_DataOutStageCallback
                0x00000000080108c8       0x36 ./USB_DEVICE/Target/usbd_conf.o
                0x00000000080108c8                HAL_PCD_DataOutStageCallback
 .text.HAL_PCD_DataInStageCallback
                0x00000000080108fe       0x34 ./USB_DEVICE/Target/usbd_conf.o
                0x00000000080108fe                HAL_PCD_DataInStageCallback
 .text.HAL_PCD_SOFCallback
                0x0000000008010932       0x1c ./USB_DEVICE/Target/usbd_conf.o
                0x0000000008010932                HAL_PCD_SOFCallback
 .text.HAL_PCD_ResetCallback
                0x000000000801094e       0x50 ./USB_DEVICE/Target/usbd_conf.o
                0x000000000801094e                HAL_PCD_ResetCallback
 *fill*         0x000000000801099e        0x2 
 .text.HAL_PCD_SuspendCallback
                0x00000000080109a0       0x4c ./USB_DEVICE/Target/usbd_conf.o
                0x00000000080109a0                HAL_PCD_SuspendCallback
 .text.HAL_PCD_ResumeCallback
                0x00000000080109ec       0x1c ./USB_DEVICE/Target/usbd_conf.o
                0x00000000080109ec                HAL_PCD_ResumeCallback
 .text.HAL_PCD_ISOOUTIncompleteCallback
                0x0000000008010a08       0x24 ./USB_DEVICE/Target/usbd_conf.o
                0x0000000008010a08                HAL_PCD_ISOOUTIncompleteCallback
 .text.HAL_PCD_ISOINIncompleteCallback
                0x0000000008010a2c       0x24 ./USB_DEVICE/Target/usbd_conf.o
                0x0000000008010a2c                HAL_PCD_ISOINIncompleteCallback
 .text.HAL_PCD_ConnectCallback
                0x0000000008010a50       0x1c ./USB_DEVICE/Target/usbd_conf.o
                0x0000000008010a50                HAL_PCD_ConnectCallback
 .text.HAL_PCD_DisconnectCallback
                0x0000000008010a6c       0x1c ./USB_DEVICE/Target/usbd_conf.o
                0x0000000008010a6c                HAL_PCD_DisconnectCallback
 .text.USBD_LL_Init
                0x0000000008010a88       0x98 ./USB_DEVICE/Target/usbd_conf.o
                0x0000000008010a88                USBD_LL_Init
 .text.USBD_LL_Start
                0x0000000008010b20       0x36 ./USB_DEVICE/Target/usbd_conf.o
                0x0000000008010b20                USBD_LL_Start
 .text.USBD_LL_OpenEP
                0x0000000008010b56       0x4c ./USB_DEVICE/Target/usbd_conf.o
                0x0000000008010b56                USBD_LL_OpenEP
 .text.USBD_LL_CloseEP
                0x0000000008010ba2       0x3e ./USB_DEVICE/Target/usbd_conf.o
                0x0000000008010ba2                USBD_LL_CloseEP
 .text.USBD_LL_StallEP
                0x0000000008010be0       0x3e ./USB_DEVICE/Target/usbd_conf.o
                0x0000000008010be0                USBD_LL_StallEP
 .text.USBD_LL_ClearStallEP
                0x0000000008010c1e       0x3e ./USB_DEVICE/Target/usbd_conf.o
                0x0000000008010c1e                USBD_LL_ClearStallEP
 .text.USBD_LL_IsStallEP
                0x0000000008010c5c       0x58 ./USB_DEVICE/Target/usbd_conf.o
                0x0000000008010c5c                USBD_LL_IsStallEP
 .text.USBD_LL_SetUSBAddress
                0x0000000008010cb4       0x3e ./USB_DEVICE/Target/usbd_conf.o
                0x0000000008010cb4                USBD_LL_SetUSBAddress
 .text.USBD_LL_Transmit
                0x0000000008010cf2       0x42 ./USB_DEVICE/Target/usbd_conf.o
                0x0000000008010cf2                USBD_LL_Transmit
 .text.USBD_LL_PrepareReceive
                0x0000000008010d34       0x42 ./USB_DEVICE/Target/usbd_conf.o
                0x0000000008010d34                USBD_LL_PrepareReceive
 .text.USBD_LL_GetRxDataSize
                0x0000000008010d76       0x26 ./USB_DEVICE/Target/usbd_conf.o
                0x0000000008010d76                USBD_LL_GetRxDataSize
 .text.USBD_static_malloc
                0x0000000008010d9c       0x1c ./USB_DEVICE/Target/usbd_conf.o
                0x0000000008010d9c                USBD_static_malloc
 .text.USBD_static_free
                0x0000000008010db8       0x14 ./USB_DEVICE/Target/usbd_conf.o
                0x0000000008010db8                USBD_static_free
 .text.USBD_Get_USB_Status
                0x0000000008010dcc       0x58 ./USB_DEVICE/Target/usbd_conf.o
                0x0000000008010dcc                USBD_Get_USB_Status
 .text.__assert_func
                0x0000000008010e24       0x3c d:/stm32cubeide_1.7.0/stm32cubeide/plugins/com.st.stm32cube.ide.mcu.externaltools.gnu-tools-for-stm32.9-2020-q2-update.win32_2.0.0.202105311346/tools/bin/../lib/gcc/arm-none-eabi/9.3.1/../../../../arm-none-eabi/lib/thumb/v7e-m+fp/hard\libc_nano.a(lib_a-assert.o)
                0x0000000008010e24                __assert_func
 .text.__errno  0x0000000008010e60        0xc d:/stm32cubeide_1.7.0/stm32cubeide/plugins/com.st.stm32cube.ide.mcu.externaltools.gnu-tools-for-stm32.9-2020-q2-update.win32_2.0.0.202105311346/tools/bin/../lib/gcc/arm-none-eabi/9.3.1/../../../../arm-none-eabi/lib/thumb/v7e-m+fp/hard\libc_nano.a(lib_a-errno.o)
                0x0000000008010e60                __errno
 .text.fprintf  0x0000000008010e6c       0x24 d:/stm32cubeide_1.7.0/stm32cubeide/plugins/com.st.stm32cube.ide.mcu.externaltools.gnu-tools-for-stm32.9-2020-q2-update.win32_2.0.0.202105311346/tools/bin/../lib/gcc/arm-none-eabi/9.3.1/../../../../arm-none-eabi/lib/thumb/v7e-m+fp/hard\libc_nano.a(lib_a-fprintf.o)
                0x0000000008010e6c                fiprintf
                0x0000000008010e6c                fprintf
 .text.__libc_init_array
                0x0000000008010e90       0x48 d:/stm32cubeide_1.7.0/stm32cubeide/plugins/com.st.stm32cube.ide.mcu.externaltools.gnu-tools-for-stm32.9-2020-q2-update.win32_2.0.0.202105311346/tools/bin/../lib/gcc/arm-none-eabi/9.3.1/../../../../arm-none-eabi/lib/thumb/v7e-m+fp/hard\libc_nano.a(lib_a-init.o)
                0x0000000008010e90                __libc_init_array
 .text.malloc   0x0000000008010ed8       0x10 d:/stm32cubeide_1.7.0/stm32cubeide/plugins/com.st.stm32cube.ide.mcu.externaltools.gnu-tools-for-stm32.9-2020-q2-update.win32_2.0.0.202105311346/tools/bin/../lib/gcc/arm-none-eabi/9.3.1/../../../../arm-none-eabi/lib/thumb/v7e-m+fp/hard\libc_nano.a(lib_a-malloc.o)
                0x0000000008010ed8                malloc
 .text.free     0x0000000008010ee8       0x10 d:/stm32cubeide_1.7.0/stm32cubeide/plugins/com.st.stm32cube.ide.mcu.externaltools.gnu-tools-for-stm32.9-2020-q2-update.win32_2.0.0.202105311346/tools/bin/../lib/gcc/arm-none-eabi/9.3.1/../../../../arm-none-eabi/lib/thumb/v7e-m+fp/hard\libc_nano.a(lib_a-malloc.o)
                0x0000000008010ee8                free
 .text.memcmp   0x0000000008010ef8       0x1c d:/stm32cubeide_1.7.0/stm32cubeide/plugins/com.st.stm32cube.ide.mcu.externaltools.gnu-tools-for-stm32.9-2020-q2-update.win32_2.0.0.202105311346/tools/bin/../lib/gcc/arm-none-eabi/9.3.1/../../../../arm-none-eabi/lib/thumb/v7e-m+fp/hard\libc_nano.a(lib_a-memcmp.o)
                0x0000000008010ef8                memcmp
 .text.memcpy   0x0000000008010f14       0x1c d:/stm32cubeide_1.7.0/stm32cubeide/plugins/com.st.stm32cube.ide.mcu.externaltools.gnu-tools-for-stm32.9-2020-q2-update.win32_2.0.0.202105311346/tools/bin/../lib/gcc/arm-none-eabi/9.3.1/../../../../arm-none-eabi/lib/thumb/v7e-m+fp/hard\libc_nano.a(lib_a-memcpy-stub.o)
                0x0000000008010f14                memcpy
 .text.memset   0x0000000008010f30       0x10 d:/stm32cubeide_1.7.0/stm32cubeide/plugins/com.st.stm32cube.ide.mcu.externaltools.gnu-tools-for-stm32.9-2020-q2-update.win32_2.0.0.202105311346/tools/bin/../lib/gcc/arm-none-eabi/9.3.1/../../../../arm-none-eabi/lib/thumb/v7e-m+fp/hard\libc_nano.a(lib_a-memset.o)
                0x0000000008010f30                memset
 .text._free_r  0x0000000008010f40       0xa0 d:/stm32cubeide_1.7.0/stm32cubeide/plugins/com.st.stm32cube.ide.mcu.externaltools.gnu-tools-for-stm32.9-2020-q2-update.win32_2.0.0.202105311346/tools/bin/../lib/gcc/arm-none-eabi/9.3.1/../../../../arm-none-eabi/lib/thumb/v7e-m+fp/hard\libc_nano.a(lib_a-nano-freer.o)
                0x0000000008010f40                _free_r
 .text._malloc_r
                0x0000000008010fe0       0xb4 d:/stm32cubeide_1.7.0/stm32cubeide/plugins/com.st.stm32cube.ide.mcu.externaltools.gnu-tools-for-stm32.9-2020-q2-update.win32_2.0.0.202105311346/tools/bin/../lib/gcc/arm-none-eabi/9.3.1/../../../../arm-none-eabi/lib/thumb/v7e-m+fp/hard\libc_nano.a(lib_a-nano-mallocr.o)
                0x0000000008010fe0                _malloc_r
 .text.__sfputc_r
                0x0000000008011094       0x2e d:/stm32cubeide_1.7.0/stm32cubeide/plugins/com.st.stm32cube.ide.mcu.externaltools.gnu-tools-for-stm32.9-2020-q2-update.win32_2.0.0.202105311346/tools/bin/../lib/gcc/arm-none-eabi/9.3.1/../../../../arm-none-eabi/lib/thumb/v7e-m+fp/hard\libc_nano.a(lib_a-nano-vfprintf.o)
 .text.__sfputs_r
                0x00000000080110c2       0x24 d:/stm32cubeide_1.7.0/stm32cubeide/plugins/com.st.stm32cube.ide.mcu.externaltools.gnu-tools-for-stm32.9-2020-q2-update.win32_2.0.0.202105311346/tools/bin/../lib/gcc/arm-none-eabi/9.3.1/../../../../arm-none-eabi/lib/thumb/v7e-m+fp/hard\libc_nano.a(lib_a-nano-vfprintf.o)
                0x00000000080110c2                __sfputs_r
 *fill*         0x00000000080110e6        0x2 
 .text._vfprintf_r
                0x00000000080110e8      0x260 d:/stm32cubeide_1.7.0/stm32cubeide/plugins/com.st.stm32cube.ide.mcu.externaltools.gnu-tools-for-stm32.9-2020-q2-update.win32_2.0.0.202105311346/tools/bin/../lib/gcc/arm-none-eabi/9.3.1/../../../../arm-none-eabi/lib/thumb/v7e-m+fp/hard\libc_nano.a(lib_a-nano-vfprintf.o)
                0x00000000080110e8                _vfprintf_r
                0x00000000080110e8                _vfiprintf_r
 .text._printf_common
                0x0000000008011348       0xda d:/stm32cubeide_1.7.0/stm32cubeide/plugins/com.st.stm32cube.ide.mcu.externaltools.gnu-tools-for-stm32.9-2020-q2-update.win32_2.0.0.202105311346/tools/bin/../lib/gcc/arm-none-eabi/9.3.1/../../../../arm-none-eabi/lib/thumb/v7e-m+fp/hard\libc_nano.a(lib_a-nano-vfprintf_i.o)
                0x0000000008011348                _printf_common
 *fill*         0x0000000008011422        0x2 
 .text._printf_i
                0x0000000008011424      0x24c d:/stm32cubeide_1.7.0/stm32cubeide/plugins/com.st.stm32cube.ide.mcu.externaltools.gnu-tools-for-stm32.9-2020-q2-update.win32_2.0.0.202105311346/tools/bin/../lib/gcc/arm-none-eabi/9.3.1/../../../../arm-none-eabi/lib/thumb/v7e-m+fp/hard\libc_nano.a(lib_a-nano-vfprintf_i.o)
                0x0000000008011424                _printf_i
 .text.printf   0x0000000008011670       0x30 d:/stm32cubeide_1.7.0/stm32cubeide/plugins/com.st.stm32cube.ide.mcu.externaltools.gnu-tools-for-stm32.9-2020-q2-update.win32_2.0.0.202105311346/tools/bin/../lib/gcc/arm-none-eabi/9.3.1/../../../../arm-none-eabi/lib/thumb/v7e-m+fp/hard\libc_nano.a(lib_a-printf.o)
                0x0000000008011670                iprintf
                0x0000000008011670                printf
 .text._puts_r  0x00000000080116a0       0xdc d:/stm32cubeide_1.7.0/stm32cubeide/plugins/com.st.stm32cube.ide.mcu.externaltools.gnu-tools-for-stm32.9-2020-q2-update.win32_2.0.0.202105311346/tools/bin/../lib/gcc/arm-none-eabi/9.3.1/../../../../arm-none-eabi/lib/thumb/v7e-m+fp/hard\libc_nano.a(lib_a-puts.o)
                0x00000000080116a0                _puts_r
 .text.puts     0x000000000801177c       0x10 d:/stm32cubeide_1.7.0/stm32cubeide/plugins/com.st.stm32cube.ide.mcu.externaltools.gnu-tools-for-stm32.9-2020-q2-update.win32_2.0.0.202105311346/tools/bin/../lib/gcc/arm-none-eabi/9.3.1/../../../../arm-none-eabi/lib/thumb/v7e-m+fp/hard\libc_nano.a(lib_a-puts.o)
                0x000000000801177c                puts
 .text._sbrk_r  0x000000000801178c       0x20 d:/stm32cubeide_1.7.0/stm32cubeide/plugins/com.st.stm32cube.ide.mcu.externaltools.gnu-tools-for-stm32.9-2020-q2-update.win32_2.0.0.202105311346/tools/bin/../lib/gcc/arm-none-eabi/9.3.1/../../../../arm-none-eabi/lib/thumb/v7e-m+fp/hard\libc_nano.a(lib_a-sbrkr.o)
                0x000000000801178c                _sbrk_r
 .text.snprintf
                0x00000000080117ac       0x68 d:/stm32cubeide_1.7.0/stm32cubeide/plugins/com.st.stm32cube.ide.mcu.externaltools.gnu-tools-for-stm32.9-2020-q2-update.win32_2.0.0.202105311346/tools/bin/../lib/gcc/arm-none-eabi/9.3.1/../../../../arm-none-eabi/lib/thumb/v7e-m+fp/hard\libc_nano.a(lib_a-snprintf.o)
                0x00000000080117ac                sniprintf
                0x00000000080117ac                snprintf
 .text.sprintf  0x0000000008011814       0x40 d:/stm32cubeide_1.7.0/stm32cubeide/plugins/com.st.stm32cube.ide.mcu.externaltools.gnu-tools-for-stm32.9-2020-q2-update.win32_2.0.0.202105311346/tools/bin/../lib/gcc/arm-none-eabi/9.3.1/../../../../arm-none-eabi/lib/thumb/v7e-m+fp/hard\libc_nano.a(lib_a-sprintf.o)
                0x0000000008011814                siprintf
                0x0000000008011814                sprintf
 .text.strchr   0x0000000008011854       0x1a d:/stm32cubeide_1.7.0/stm32cubeide/plugins/com.st.stm32cube.ide.mcu.externaltools.gnu-tools-for-stm32.9-2020-q2-update.win32_2.0.0.202105311346/tools/bin/../lib/gcc/arm-none-eabi/9.3.1/../../../../arm-none-eabi/lib/thumb/v7e-m+fp/hard\libc_nano.a(lib_a-strchr.o)
                0x0000000008011854                strchr
 .text.strcspn  0x000000000801186e       0x22 d:/stm32cubeide_1.7.0/stm32cubeide/plugins/com.st.stm32cube.ide.mcu.externaltools.gnu-tools-for-stm32.9-2020-q2-update.win32_2.0.0.202105311346/tools/bin/../lib/gcc/arm-none-eabi/9.3.1/../../../../arm-none-eabi/lib/thumb/v7e-m+fp/hard\libc_nano.a(lib_a-strcspn.o)
                0x000000000801186e                strcspn
 .text.strspn   0x0000000008011890       0x20 d:/stm32cubeide_1.7.0/stm32cubeide/plugins/com.st.stm32cube.ide.mcu.externaltools.gnu-tools-for-stm32.9-2020-q2-update.win32_2.0.0.202105311346/tools/bin/../lib/gcc/arm-none-eabi/9.3.1/../../../../arm-none-eabi/lib/thumb/v7e-m+fp/hard\libc_nano.a(lib_a-strspn.o)
                0x0000000008011890                strspn
 .text.__swbuf_r
                0x00000000080118b0       0xa4 d:/stm32cubeide_1.7.0/stm32cubeide/plugins/com.st.stm32cube.ide.mcu.externaltools.gnu-tools-for-stm32.9-2020-q2-update.win32_2.0.0.202105311346/tools/bin/../lib/gcc/arm-none-eabi/9.3.1/../../../../arm-none-eabi/lib/thumb/v7e-m+fp/hard\libc_nano.a(lib_a-wbuf.o)
                0x00000000080118b0                __swbuf_r
 .text.__swsetup_r
                0x0000000008011954       0xdc d:/stm32cubeide_1.7.0/stm32cubeide/plugins/com.st.stm32cube.ide.mcu.externaltools.gnu-tools-for-stm32.9-2020-q2-update.win32_2.0.0.202105311346/tools/bin/../lib/gcc/arm-none-eabi/9.3.1/../../../../arm-none-eabi/lib/thumb/v7e-m+fp/hard\libc_nano.a(lib_a-wsetup.o)
                0x0000000008011954                __swsetup_r
 .text.abort    0x0000000008011a30        0xe d:/stm32cubeide_1.7.0/stm32cubeide/plugins/com.st.stm32cube.ide.mcu.externaltools.gnu-tools-for-stm32.9-2020-q2-update.win32_2.0.0.202105311346/tools/bin/../lib/gcc/arm-none-eabi/9.3.1/../../../../arm-none-eabi/lib/thumb/v7e-m+fp/hard\libc_nano.a(lib_a-abort.o)
                0x0000000008011a30                abort
 *fill*         0x0000000008011a3e        0x2 
 .text.__sflush_r
                0x0000000008011a40      0x10c d:/stm32cubeide_1.7.0/stm32cubeide/plugins/com.st.stm32cube.ide.mcu.externaltools.gnu-tools-for-stm32.9-2020-q2-update.win32_2.0.0.202105311346/tools/bin/../lib/gcc/arm-none-eabi/9.3.1/../../../../arm-none-eabi/lib/thumb/v7e-m+fp/hard\libc_nano.a(lib_a-fflush.o)
                0x0000000008011a40                __sflush_r
 .text._fflush_r
                0x0000000008011b4c       0x78 d:/stm32cubeide_1.7.0/stm32cubeide/plugins/com.st.stm32cube.ide.mcu.externaltools.gnu-tools-for-stm32.9-2020-q2-update.win32_2.0.0.202105311346/tools/bin/../lib/gcc/arm-none-eabi/9.3.1/../../../../arm-none-eabi/lib/thumb/v7e-m+fp/hard\libc_nano.a(lib_a-fflush.o)
                0x0000000008011b4c                _fflush_r
 .text.std      0x0000000008011bc4       0x48 d:/stm32cubeide_1.7.0/stm32cubeide/plugins/com.st.stm32cube.ide.mcu.externaltools.gnu-tools-for-stm32.9-2020-q2-update.win32_2.0.0.202105311346/tools/bin/../lib/gcc/arm-none-eabi/9.3.1/../../../../arm-none-eabi/lib/thumb/v7e-m+fp/hard\libc_nano.a(lib_a-findfp.o)
 .text._cleanup_r
                0x0000000008011c0c        0xc d:/stm32cubeide_1.7.0/stm32cubeide/plugins/com.st.stm32cube.ide.mcu.externaltools.gnu-tools-for-stm32.9-2020-q2-update.win32_2.0.0.202105311346/tools/bin/../lib/gcc/arm-none-eabi/9.3.1/../../../../arm-none-eabi/lib/thumb/v7e-m+fp/hard\libc_nano.a(lib_a-findfp.o)
                0x0000000008011c0c                _cleanup_r
 .text.__sfmoreglue
                0x0000000008011c18       0x2c d:/stm32cubeide_1.7.0/stm32cubeide/plugins/com.st.stm32cube.ide.mcu.externaltools.gnu-tools-for-stm32.9-2020-q2-update.win32_2.0.0.202105311346/tools/bin/../lib/gcc/arm-none-eabi/9.3.1/../../../../arm-none-eabi/lib/thumb/v7e-m+fp/hard\libc_nano.a(lib_a-findfp.o)
                0x0000000008011c18                __sfmoreglue
 .text.__sfp_lock_acquire
                0x0000000008011c44        0xc d:/stm32cubeide_1.7.0/stm32cubeide/plugins/com.st.stm32cube.ide.mcu.externaltools.gnu-tools-for-stm32.9-2020-q2-update.win32_2.0.0.202105311346/tools/bin/../lib/gcc/arm-none-eabi/9.3.1/../../../../arm-none-eabi/lib/thumb/v7e-m+fp/hard\libc_nano.a(lib_a-findfp.o)
                0x0000000008011c44                __sfp_lock_acquire
 .text.__sfp_lock_release
                0x0000000008011c50        0xc d:/stm32cubeide_1.7.0/stm32cubeide/plugins/com.st.stm32cube.ide.mcu.externaltools.gnu-tools-for-stm32.9-2020-q2-update.win32_2.0.0.202105311346/tools/bin/../lib/gcc/arm-none-eabi/9.3.1/../../../../arm-none-eabi/lib/thumb/v7e-m+fp/hard\libc_nano.a(lib_a-findfp.o)
                0x0000000008011c50                __sfp_lock_release
 .text.__sinit_lock_acquire
                0x0000000008011c5c        0xc d:/stm32cubeide_1.7.0/stm32cubeide/plugins/com.st.stm32cube.ide.mcu.externaltools.gnu-tools-for-stm32.9-2020-q2-update.win32_2.0.0.202105311346/tools/bin/../lib/gcc/arm-none-eabi/9.3.1/../../../../arm-none-eabi/lib/thumb/v7e-m+fp/hard\libc_nano.a(lib_a-findfp.o)
                0x0000000008011c5c                __sinit_lock_acquire
 .text.__sinit_lock_release
                0x0000000008011c68        0xc d:/stm32cubeide_1.7.0/stm32cubeide/plugins/com.st.stm32cube.ide.mcu.externaltools.gnu-tools-for-stm32.9-2020-q2-update.win32_2.0.0.202105311346/tools/bin/../lib/gcc/arm-none-eabi/9.3.1/../../../../arm-none-eabi/lib/thumb/v7e-m+fp/hard\libc_nano.a(lib_a-findfp.o)
                0x0000000008011c68                __sinit_lock_release
 .text.__sinit  0x0000000008011c74       0x70 d:/stm32cubeide_1.7.0/stm32cubeide/plugins/com.st.stm32cube.ide.mcu.externaltools.gnu-tools-for-stm32.9-2020-q2-update.win32_2.0.0.202105311346/tools/bin/../lib/gcc/arm-none-eabi/9.3.1/../../../../arm-none-eabi/lib/thumb/v7e-m+fp/hard\libc_nano.a(lib_a-findfp.o)
                0x0000000008011c74                __sinit
 .text.__sfp    0x0000000008011ce4       0x8c d:/stm32cubeide_1.7.0/stm32cubeide/plugins/com.st.stm32cube.ide.mcu.externaltools.gnu-tools-for-stm32.9-2020-q2-update.win32_2.0.0.202105311346/tools/bin/../lib/gcc/arm-none-eabi/9.3.1/../../../../arm-none-eabi/lib/thumb/v7e-m+fp/hard\libc_nano.a(lib_a-findfp.o)
                0x0000000008011ce4                __sfp
 .text._fwalk_reent
                0x0000000008011d70       0x3e d:/stm32cubeide_1.7.0/stm32cubeide/plugins/com.st.stm32cube.ide.mcu.externaltools.gnu-tools-for-stm32.9-2020-q2-update.win32_2.0.0.202105311346/tools/bin/../lib/gcc/arm-none-eabi/9.3.1/../../../../arm-none-eabi/lib/thumb/v7e-m+fp/hard\libc_nano.a(lib_a-fwalk.o)
                0x0000000008011d70                _fwalk_reent
 .text.__retarget_lock_init_recursive
                0x0000000008011dae        0x2 d:/stm32cubeide_1.7.0/stm32cubeide/plugins/com.st.stm32cube.ide.mcu.externaltools.gnu-tools-for-stm32.9-2020-q2-update.win32_2.0.0.202105311346/tools/bin/../lib/gcc/arm-none-eabi/9.3.1/../../../../arm-none-eabi/lib/thumb/v7e-m+fp/hard\libc_nano.a(lib_a-lock.o)
                0x0000000008011dae                __retarget_lock_init_recursive
 .text.__retarget_lock_acquire_recursive
                0x0000000008011db0        0x2 d:/stm32cubeide_1.7.0/stm32cubeide/plugins/com.st.stm32cube.ide.mcu.externaltools.gnu-tools-for-stm32.9-2020-q2-update.win32_2.0.0.202105311346/tools/bin/../lib/gcc/arm-none-eabi/9.3.1/../../../../arm-none-eabi/lib/thumb/v7e-m+fp/hard\libc_nano.a(lib_a-lock.o)
                0x0000000008011db0                __retarget_lock_acquire_recursive
 .text.__retarget_lock_release_recursive
                0x0000000008011db2        0x2 d:/stm32cubeide_1.7.0/stm32cubeide/plugins/com.st.stm32cube.ide.mcu.externaltools.gnu-tools-for-stm32.9-2020-q2-update.win32_2.0.0.202105311346/tools/bin/../lib/gcc/arm-none-eabi/9.3.1/../../../../arm-none-eabi/lib/thumb/v7e-m+fp/hard\libc_nano.a(lib_a-lock.o)
                0x0000000008011db2                __retarget_lock_release_recursive
 .text.__swhatbuf_r
                0x0000000008011db4       0x48 d:/stm32cubeide_1.7.0/stm32cubeide/plugins/com.st.stm32cube.ide.mcu.externaltools.gnu-tools-for-stm32.9-2020-q2-update.win32_2.0.0.202105311346/tools/bin/../lib/gcc/arm-none-eabi/9.3.1/../../../../arm-none-eabi/lib/thumb/v7e-m+fp/hard\libc_nano.a(lib_a-makebuf.o)
                0x0000000008011db4                __swhatbuf_r
 .text.__smakebuf_r
                0x0000000008011dfc       0x80 d:/stm32cubeide_1.7.0/stm32cubeide/plugins/com.st.stm32cube.ide.mcu.externaltools.gnu-tools-for-stm32.9-2020-q2-update.win32_2.0.0.202105311346/tools/bin/../lib/gcc/arm-none-eabi/9.3.1/../../../../arm-none-eabi/lib/thumb/v7e-m+fp/hard\libc_nano.a(lib_a-makebuf.o)
                0x0000000008011dfc                __smakebuf_r
 .text.memmove  0x0000000008011e7c       0x34 d:/stm32cubeide_1.7.0/stm32cubeide/plugins/com.st.stm32cube.ide.mcu.externaltools.gnu-tools-for-stm32.9-2020-q2-update.win32_2.0.0.202105311346/tools/bin/../lib/gcc/arm-none-eabi/9.3.1/../../../../arm-none-eabi/lib/thumb/v7e-m+fp/hard\libc_nano.a(lib_a-memmove.o)
                0x0000000008011e7c                memmove
 .text.__malloc_lock
                0x0000000008011eb0        0xc d:/stm32cubeide_1.7.0/stm32cubeide/plugins/com.st.stm32cube.ide.mcu.externaltools.gnu-tools-for-stm32.9-2020-q2-update.win32_2.0.0.202105311346/tools/bin/../lib/gcc/arm-none-eabi/9.3.1/../../../../arm-none-eabi/lib/thumb/v7e-m+fp/hard\libc_nano.a(lib_a-mlock.o)
                0x0000000008011eb0                __malloc_lock
 .text.__malloc_unlock
                0x0000000008011ebc        0xc d:/stm32cubeide_1.7.0/stm32cubeide/plugins/com.st.stm32cube.ide.mcu.externaltools.gnu-tools-for-stm32.9-2020-q2-update.win32_2.0.0.202105311346/tools/bin/../lib/gcc/arm-none-eabi/9.3.1/../../../../arm-none-eabi/lib/thumb/v7e-m+fp/hard\libc_nano.a(lib_a-mlock.o)
                0x0000000008011ebc                __malloc_unlock
 .text._realloc_r
                0x0000000008011ec8       0x4c d:/stm32cubeide_1.7.0/stm32cubeide/plugins/com.st.stm32cube.ide.mcu.externaltools.gnu-tools-for-stm32.9-2020-q2-update.win32_2.0.0.202105311346/tools/bin/../lib/gcc/arm-none-eabi/9.3.1/../../../../arm-none-eabi/lib/thumb/v7e-m+fp/hard\libc_nano.a(lib_a-nano-reallocr.o)
                0x0000000008011ec8                _realloc_r
 .text.__ssputs_r
                0x0000000008011f14       0xb6 d:/stm32cubeide_1.7.0/stm32cubeide/plugins/com.st.stm32cube.ide.mcu.externaltools.gnu-tools-for-stm32.9-2020-q2-update.win32_2.0.0.202105311346/tools/bin/../lib/gcc/arm-none-eabi/9.3.1/../../../../arm-none-eabi/lib/thumb/v7e-m+fp/hard\libc_nano.a(lib_a-nano-svfprintf.o)
                0x0000000008011f14                __ssputs_r
 *fill*         0x0000000008011fca        0x2 
 .text._svfprintf_r
                0x0000000008011fcc      0x200 d:/stm32cubeide_1.7.0/stm32cubeide/plugins/com.st.stm32cube.ide.mcu.externaltools.gnu-tools-for-stm32.9-2020-q2-update.win32_2.0.0.202105311346/tools/bin/../lib/gcc/arm-none-eabi/9.3.1/../../../../arm-none-eabi/lib/thumb/v7e-m+fp/hard\libc_nano.a(lib_a-nano-svfprintf.o)
                0x0000000008011fcc                _svfiprintf_r
                0x0000000008011fcc                _svfprintf_r
 .text._raise_r
                0x00000000080121cc       0x50 d:/stm32cubeide_1.7.0/stm32cubeide/plugins/com.st.stm32cube.ide.mcu.externaltools.gnu-tools-for-stm32.9-2020-q2-update.win32_2.0.0.202105311346/tools/bin/../lib/gcc/arm-none-eabi/9.3.1/../../../../arm-none-eabi/lib/thumb/v7e-m+fp/hard\libc_nano.a(lib_a-signal.o)
                0x00000000080121cc                _raise_r
 .text.raise    0x000000000801221c       0x10 d:/stm32cubeide_1.7.0/stm32cubeide/plugins/com.st.stm32cube.ide.mcu.externaltools.gnu-tools-for-stm32.9-2020-q2-update.win32_2.0.0.202105311346/tools/bin/../lib/gcc/arm-none-eabi/9.3.1/../../../../arm-none-eabi/lib/thumb/v7e-m+fp/hard\libc_nano.a(lib_a-signal.o)
                0x000000000801221c                raise
 .text._kill_r  0x000000000801222c       0x24 d:/stm32cubeide_1.7.0/stm32cubeide/plugins/com.st.stm32cube.ide.mcu.externaltools.gnu-tools-for-stm32.9-2020-q2-update.win32_2.0.0.202105311346/tools/bin/../lib/gcc/arm-none-eabi/9.3.1/../../../../arm-none-eabi/lib/thumb/v7e-m+fp/hard\libc_nano.a(lib_a-signalr.o)
                0x000000000801222c                _kill_r
 .text._getpid_r