Archive member included to satisfy reference by file (symbol)

d:/stm32cubeide_1.7.0/stm32cubeide/plugins/com.st.stm32cube.ide.mcu.externaltools.gnu-tools-for-stm32.9-2020-q2-update.win32_2.0.0.202105311346/tools/bin/../lib/gcc/arm-none-eabi/9.3.1/../../../../arm-none-eabi/lib/thumb/v7e-m+fp/hard\libc_nano.a(lib_a-assert.o)
                              ./Core/Src/lfs.o (__assert_func)
d:/stm32cubeide_1.7.0/stm32cubeide/plugins/com.st.stm32cube.ide.mcu.externaltools.gnu-tools-for-stm32.9-2020-q2-update.win32_2.0.0.202105311346/tools/bin/../lib/gcc/arm-none-eabi/9.3.1/../../../../arm-none-eabi/lib/thumb/v7e-m+fp/hard\libc_nano.a(lib_a-errno.o)
                              ./Core/Src/syscalls.o (__errno)
d:/stm32cubeide_1.7.0/stm32cubeide/plugins/com.st.stm32cube.ide.mcu.externaltools.gnu-tools-for-stm32.9-2020-q2-update.win32_2.0.0.202105311346/tools/bin/../lib/gcc/arm-none-eabi/9.3.1/../../../../arm-none-eabi/lib/thumb/v7e-m+fp/hard\libc_nano.a(lib_a-exit.o)
                              d:/stm32cubeide_1.7.0/stm32cubeide/plugins/com.st.stm32cube.ide.mcu.externaltools.gnu-tools-for-stm32.9-2020-q2-update.win32_2.0.0.202105311346/tools/bin/../lib/gcc/arm-none-eabi/9.3.1/../../../../arm-none-eabi/lib/thumb/v7e-m+fp/hard/crt0.o (exit)
d:/stm32cubeide_1.7.0/stm32cubeide/plugins/com.st.stm32cube.ide.mcu.externaltools.gnu-tools-for-stm32.9-2020-q2-update.win32_2.0.0.202105311346/tools/bin/../lib/gcc/arm-none-eabi/9.3.1/../../../../arm-none-eabi/lib/thumb/v7e-m+fp/hard\libc_nano.a(lib_a-fprintf.o)
                              d:/stm32cubeide_1.7.0/stm32cubeide/plugins/com.st.stm32cube.ide.mcu.externaltools.gnu-tools-for-stm32.9-2020-q2-update.win32_2.0.0.202105311346/tools/bin/../lib/gcc/arm-none-eabi/9.3.1/../../../../arm-none-eabi/lib/thumb/v7e-m+fp/hard\libc_nano.a(lib_a-assert.o) (fiprintf)
d:/stm32cubeide_1.7.0/stm32cubeide/plugins/com.st.stm32cube.ide.mcu.externaltools.gnu-tools-for-stm32.9-2020-q2-update.win32_2.0.0.202105311346/tools/bin/../lib/gcc/arm-none-eabi/9.3.1/../../../../arm-none-eabi/lib/thumb/v7e-m+fp/hard\libc_nano.a(lib_a-impure.o)
                              d:/stm32cubeide_1.7.0/stm32cubeide/plugins/com.st.stm32cube.ide.mcu.externaltools.gnu-tools-for-stm32.9-2020-q2-update.win32_2.0.0.202105311346/tools/bin/../lib/gcc/arm-none-eabi/9.3.1/../../../../arm-none-eabi/lib/thumb/v7e-m+fp/hard\libc_nano.a(lib_a-exit.o) (_global_impure_ptr)
d:/stm32cubeide_1.7.0/stm32cubeide/plugins/com.st.stm32cube.ide.mcu.externaltools.gnu-tools-for-stm32.9-2020-q2-update.win32_2.0.0.202105311346/tools/bin/../lib/gcc/arm-none-eabi/9.3.1/../../../../arm-none-eabi/lib/thumb/v7e-m+fp/hard\libc_nano.a(lib_a-init.o)
                              d:/stm32cubeide_1.7.0/stm32cubeide/plugins/com.st.stm32cube.ide.mcu.externaltools.gnu-tools-for-stm32.9-2020-q2-update.win32_2.0.0.202105311346/tools/bin/../lib/gcc/arm-none-eabi/9.3.1/../../../../arm-none-eabi/lib/thumb/v7e-m+fp/hard/crt0.o (__libc_init_array)
d:/stm32cubeide_1.7.0/stm32cubeide/plugins/com.st.stm32cube.ide.mcu.externaltools.gnu-tools-for-stm32.9-2020-q2-update.win32_2.0.0.202105311346/tools/bin/../lib/gcc/arm-none-eabi/9.3.1/../../../../arm-none-eabi/lib/thumb/v7e-m+fp/hard\libc_nano.a(lib_a-malloc.o)
                              ./Core/Src/lfs.o (malloc)
d:/stm32cubeide_1.7.0/stm32cubeide/plugins/com.st.stm32cube.ide.mcu.externaltools.gnu-tools-for-stm32.9-2020-q2-update.win32_2.0.0.202105311346/tools/bin/../lib/gcc/arm-none-eabi/9.3.1/../../../../arm-none-eabi/lib/thumb/v7e-m+fp/hard\libc_nano.a(lib_a-memcmp.o)
                              ./Core/Src/lfs.o (memcmp)
d:/stm32cubeide_1.7.0/stm32cubeide/plugins/com.st.stm32cube.ide.mcu.externaltools.gnu-tools-for-stm32.9-2020-q2-update.win32_2.0.0.202105311346/tools/bin/../lib/gcc/arm-none-eabi/9.3.1/../../../../arm-none-eabi/lib/thumb/v7e-m+fp/hard\libc_nano.a(lib_a-memcpy-stub.o)
                              ./Core/Src/lfs.o (memcpy)
d:/stm32cubeide_1.7.0/stm32cubeide/plugins/com.st.stm32cube.ide.mcu.externaltools.gnu-tools-for-stm32.9-2020-q2-update.win32_2.0.0.202105311346/tools/bin/../lib/gcc/arm-none-eabi/9.3.1/../../../../arm-none-eabi/lib/thumb/v7e-m+fp/hard\libc_nano.a(lib_a-memset.o)
                              d:/stm32cubeide_1.7.0/stm32cubeide/plugins/com.st.stm32cube.ide.mcu.externaltools.gnu-tools-for-stm32.9-2020-q2-update.win32_2.0.0.202105311346/tools/bin/../lib/gcc/arm-none-eabi/9.3.1/../../../../arm-none-eabi/lib/thumb/v7e-m+fp/hard/crt0.o (memset)
d:/stm32cubeide_1.7.0/stm32cubeide/plugins/com.st.stm32cube.ide.mcu.externaltools.gnu-tools-for-stm32.9-2020-q2-update.win32_2.0.0.202105311346/tools/bin/../lib/gcc/arm-none-eabi/9.3.1/../../../../arm-none-eabi/lib/thumb/v7e-m+fp/hard\libc_nano.a(lib_a-nano-freer.o)
[...]
Memory Configuration

Name             Origin             Length             Attributes
CCMRAM           0x0000000010000000 0x0000000000010000 xrw
RAM              0x0000000020000000 0x0000000000030000 xrw
FLASH            0x0000000008000000 0x0000000000200000 xr
*default*        0x0000000000000000 0xffffffffffffffff

Linker script and memory map

LOAD d:/stm32cubeide_1.7.0/stm32cubeide/plugins/com.st.stm32cube.ide.mcu.externaltools.gnu-tools-for-stm32.9-2020-q2-update.win32_2.0.0.202105311346/tools/bin/../lib/gcc/arm-none-eabi/9.3.1/thumb/v7e-m+fp/hard/crti.o
LOAD d:/stm32cubeide_1.7.0/stm32cubeide/plugins/com.st.stm32cube.ide.mcu.externaltools.gnu-tools-for-stm32.9-2020-q2-update.win32_2.0.0.202105311346/tools/bin/../lib/gcc/arm-none-eabi/9.3.1/thumb/v7e-m+fp/hard/crtbegin.o
LOAD d:/stm32cubeide_1.7.0/stm32cubeide/plugins/com.st.stm32cube.ide.mcu.externaltools.gnu-tools-for-stm32.9-2020-q2-update.win32_2.0.0.202105311346/tools/bin/../lib/gcc/arm-none-eabi/9.3.1/../../../../arm-none-eabi/lib/thumb/v7e-m+fp/hard/crt0.o
LOAD ./Core/Src/MT25Q.o
LOAD ./Core/Src/lfs.o
LOAD ./Core/Src/lfs_port.o
LOAD ./Core/Src/lfs_util.o
LOAD ./Core/Src/main.o
LOAD ./Core/Src/nor.o
LOAD ./Core/Src/nor_ids.o
LOAD ./Core/Src/stm32f4xx_hal_msp.o
LOAD ./Core/Src/stm32f4xx_it.o
LOAD ./Core/Src/syscalls.o
LOAD ./Core/Src/sysmem.o
LOAD ./Core/Src/system_stm32f4xx.o
LOAD ./Core/Startup/startup_stm32f427aihx.o
LOAD ./Drivers/STM32F4xx_HAL_Driver/Src/stm32f4xx_hal.o
LOAD ./Drivers/STM32F4xx_HAL_Driver/Src/stm32f4xx_hal_adc.o
LOAD ./Drivers/STM32F4xx_HAL_Driver/Src/stm32f4xx_hal_adc_ex.o
LOAD ./Drivers/STM32F4xx_HAL_Driver/Src/stm32f4xx_hal_cortex.o
LOAD ./Drivers/STM32F4xx_HAL_Driver/Src/stm32f4xx_hal_dma.o
LOAD ./Drivers/STM32F4xx_HAL_Driver/Src/stm32f4xx_hal_dma_ex.o
LOAD ./Drivers/STM32F4xx_HAL_Driver/Src/stm32f4xx_hal_exti.o
LOAD ./Drivers/STM32F4xx_HAL_Driver/Src/stm32f4xx_hal_flash.o
LOAD ./Drivers/STM32F4xx_HAL_Driver/Src/stm32f4xx_hal_flash_ex.o
LOAD ./Drivers/STM32F4xx_HAL_Driver/Src/stm32f4xx_hal_flash_ramfunc.o
LOAD ./Drivers/STM32F4xx_HAL_Driver/Src/stm32f4xx_hal_gpio.o
LOAD ./Drivers/STM32F4xx_HAL_Driver/Src/stm32f4xx_hal_pcd.o
LOAD ./Drivers/STM32F4xx_HAL_Driver/Src/stm32f4xx_hal_pcd_ex.o
LOAD ./Drivers/STM32F4xx_HAL_Driver/Src/stm32f4xx_hal_pwr.o
LOAD ./Drivers/STM32F4xx_HAL_Driver/Src/stm32f4xx_hal_pwr_ex.o
LOAD ./Drivers/STM32F4xx_HAL_Driver/Src/stm32f4xx_hal_rcc.o
LOAD ./Drivers/STM32F4xx_HAL_Driver/Src/stm32f4xx_hal_rcc_ex.o
LOAD ./Drivers/STM32F4xx_HAL_Driver/Src/stm32f4xx_hal_spi.o
LOAD ./Drivers/STM32F4xx_HAL_Driver/Src/stm32f4xx_hal_tim.o
LOAD ./Drivers/STM32F4xx_HAL_Driver/Src/stm32f4xx_hal_tim_ex.o
LOAD ./Drivers/STM32F4xx_HAL_Driver/Src/stm32f4xx_hal_uart.o
LOAD ./Drivers/STM32F4xx_HAL_Driver/Src/stm32f4xx_ll_adc.o
LOAD ./Drivers/STM32F4xx_HAL_Driver/Src/stm32f4xx_ll_usb.o
LOAD ./Middlewares/ST/STM32_USB_Device_Library/Class/CDC/Src/usbd_cdc.o
LOAD ./Middlewares/ST/STM32_USB_Device_Library/Core/Src/usbd_core.o
LOAD ./Middlewares/ST/STM32_USB_Device_Library/Core/Src/usbd_ctlreq.o
LOAD ./Middlewares/ST/STM32_USB_Device_Library/Core/Src/usbd_ioreq.o
LOAD ./USB_DEVICE/App/usb_device.o
LOAD ./USB_DEVICE/App/usbd_cdc_if.o
LOAD ./USB_DEVICE/App/usbd_desc.o
LOAD ./USB_DEVICE/Target/usbd_conf.o
START GROUP
LOAD d:/stm32cubeide_1.7.0/stm32cubeide/plugins/com.st.stm32cube.ide.mcu.externaltools.gnu-tools-for-stm32.9-2020-q2-update.win32_2.0.0.202105311346/tools/bin/../lib/gcc/arm-none-eabi/9.3.1/../../../../arm-none-eabi/lib/thumb/v7e-m+fp/hard\libc_nano.a
LOAD d:/stm32cubeide_1.7.0/stm32cubeide/plugins/com.st.stm32cube.ide.mcu.externaltools.gnu-tools-for-stm32.9-2020-q2-update.win32_2.0.0.202105311346/tools/bin/../lib/gcc/arm-none-eabi/9.3.1/../../../../arm-none-eabi/lib/thumb/v7e-m+fp/hard\libm.a
END GROUP
START GROUP
LOAD d:/stm32cubeide_1.7.0/stm32cubeide/plugins/com.st.stm32cube.ide.mcu.externaltools.gnu-tools-for-stm32.9-2020-q2-update.win32_2.0.0.202105311346/tools/bin/../lib/gcc/arm-none-eabi/9.3.1/thumb/v7e-m+fp/hard\libgcc.a
LOAD d:/stm32cubeide_1.7.0/stm32cubeide/plugins/com.st.stm32cube.ide.mcu.externaltools.gnu-tools-for-stm32.9-2020-q2-update.win32_2.0.0.202105311346/tools/bin/../lib/gcc/arm-none-eabi/9.3.1/../../../../arm-none-eabi/lib/thumb/v7e-m+fp/hard\libc_nano.a
END GROUP
START GROUP
LOAD d:/stm32cubeide_1.7.0/stm32cubeide/plugins/com.st.stm32cube.ide.mcu.externaltools.gnu-tools-for-stm32.9-2020-q2-update.win32_2.0.0.202105311346/tools/bin/../lib/gcc/arm-none-eabi/9.3.1/thumb/v7e-m+fp/hard\libgcc.a
LOAD d:/stm32cubeide_1.7.0/stm32cubeide/plugins/com.st.stm32cube.ide.mcu.externaltools.gnu-tools-for-stm32.9-2020-q2-update.win32_2.0.0.202105311346/tools/bin/../lib/gcc/arm-none-eabi/9.3.1/../../../../arm-none-eabi/lib/thumb/v7e-m+fp/hard\libc_nano.a
LOAD d:/stm32cubeide_1.7.0/stm32cubeide/plugins/com.st.stm32cube.ide.mcu.externaltools.gnu-tools-for-stm32.9-2020-q2-update.win32_2.0.0.202105311346/tools/bin/../lib/gcc/arm-none-eabi/9.3.1/../../../../arm-none-eabi/lib/thumb/v7e-m+fp/hard\libnosys.a
END GROUP
START GROUP
LOAD d:/stm32cubeide_1.7.0/stm32cubeide/plugins/com.st.stm32cube.ide.mcu.externaltools.gnu-tools-for-stm32.9-2020-q2-update.win32_2.0.0.202105311346/tools/bin/../lib/gcc/arm-none-eabi/9.3.1/thumb/v7e-m+fp/hard\libgcc.a
LOAD d:/stm32cubeide_1.7.0/stm32cubeide/plugins/com.st.stm32cube.ide.mcu.externaltools.gnu-tools-for-stm32.9-2020-q2-update.win32_2.0.0.202105311346/tools/bin/../lib/gcc/arm-none-eabi/9.3.1/../../../../arm-none-eabi/lib/thumb/v7e-m+fp/hard\libc_nano.a
LOAD d:/stm32cubeide_1.7.0/stm32cubeide/plugins/com.st.stm32cube.ide.mcu.externaltools.gnu-tools-for-stm32.9-2020-q2-update.win32_2.0.0.202105311346/tools/bin/../lib/gcc/arm-none-eabi/9.3.1/../../../../arm-none-eabi/lib/thumb/v7e-m+fp/hard\libnosys.a
END GROUP
LOAD d:/stm32cubeide_1.7.0/stm32cubeide/plugins/com.st.stm32cube.ide.mcu.externaltools.gnu-tools-for-stm32.9-2020-q2-update.win32_2.0.0.202105311346/tools/bin/../lib/gcc/arm-none-eabi/9.3.1/thumb/v7e-m+fp/hard/crtend.o
LOAD d:/stm32cubeide_1.7.0/stm32cubeide/plugins/com.st.stm32cube.ide.mcu.externaltools.gnu-tools-for-stm32.9-2020-q2-update.win32_2.0.0.202105311346/tools/bin/../lib/gcc/arm-none-eabi/9.3.1/thumb/v7e-m+fp/hard/crtn.o
                0x0000000020030000                _estack = (ORIGIN (RAM) + LENGTH (RAM))
                0x0000000000000200                _Min_Heap_Size = 0x200
                0x0000000000000400                _Min_Stack_Size = 0x400

.isr_vector     0x0000000008000000      0x1ac
                0x0000000008000000                . = ALIGN (0x4)
 *(.isr_vector)
 .isr_vector    0x0000000008000000      0x1ac ./Core/Startup/startup_stm32f427aihx.o
                0x0000000008000000                g_pfnVectors
                0x00000000080001ac                . = ALIGN (0x4)

.text           0x00000000080001b0    0x1204c
                0x00000000080001b0                . = ALIGN (0x4)
 *(.text)
 .text          0x00000000080001b0       0x40 d:/stm32cubeide_1.7.0/stm32cubeide/plugins/com.st.stm32cube.ide.mcu.externaltools.gnu-tools-for-stm32.9-2020-q2-update.win32_2.0.0.202105311346/tools/bin/../lib/gcc/arm-none-eabi/9.3.1/thumb/v7e-m+fp/hard/crtbegin.o
 .text          0x00000000080001f0       0x14 d:/stm32cubeide_1.7.0/stm32cubeide/plugins/com.st.stm32cube.ide.mcu.externaltools.gnu-tools-for-stm32.9-2020-q2-update.win32_2.0.0.202105311346/tools/bin/../lib/gcc/arm-none-eabi/9.3.1/../../../../arm-none-eabi/lib/thumb/v7e-m+fp/hard\libc_nano.a(lib_a-strcmp.o)
                0x00000000080001f0                strcmp
 .text          0x0000000008000204       0x10 d:/stm32cubeide_1.7.0/stm32cubeide/plugins/com.st.stm32cube.ide.mcu.externaltools.gnu-tools-for-stm32.9-2020-q2-update.win32_2.0.0.202105311346/tools/bin/../lib/gcc/arm-none-eabi/9.3.1/../../../../arm-none-eabi/lib/thumb/v7e-m+fp/hard\libc_nano.a(lib_a-strlen.o)
                0x0000000008000204                strlen
 *fill*         0x0000000008000214        0xc 
 .text          0x0000000008000220       0xa0 d:/stm32cubeide_1.7.0/stm32cubeide/plugins/com.st.stm32cube.ide.mcu.externaltools.gnu-tools-for-stm32.9-2020-q2-update.win32_2.0.0.202105311346/tools/bin/../lib/gcc/arm-none-eabi/9.3.1/../../../../arm-none-eabi/lib/thumb/v7e-m+fp/hard\libc_nano.a(lib_a-memchr.o)
                0x0000000008000220                memchr
 .text          0x00000000080002c0       0x30 d:/stm32cubeide_1.7.0/stm32cubeide/plugins/com.st.stm32cube.ide.mcu.externaltools.gnu-tools-for-stm32.9-2020-q2-update.win32_2.0.0.202105311346/tools/bin/../lib/gcc/arm-none-eabi/9.3.1/thumb/v7e-m+fp/hard\libgcc.a(_aeabi_uldivmod.o)
                0x00000000080002c0                __aeabi_uldivmod
 .text          0x00000000080002f0       0x28 d:/stm32cubeide_1.7.0/stm32cubeide/plugins/com.st.stm32cube.ide.mcu.externaltools.gnu-tools-for-stm32.9-2020-q2-update.win32_2.0.0.202105311346/tools/bin/../lib/gcc/arm-none-eabi/9.3.1/thumb/v7e-m+fp/hard\libgcc.a(_popcountsi2.o)
                0x00000000080002f0                __popcountsi2
 .text          0x0000000008000318      0x2c4 d:/stm32cubeide_1.7.0/stm32cubeide/plugins/com.st.stm32cube.ide.mcu.externaltools.gnu-tools-for-stm32.9-2020-q2-update.win32_2.0.0.202105311346/tools/bin/../lib/gcc/arm-none-eabi/9.3.1/thumb/v7e-m+fp/hard\libgcc.a(_udivmoddi4.o)
                0x0000000008000318                __udivmoddi4
 .text          0x00000000080005dc        0x4 d:/stm32cubeide_1.7.0/stm32cubeide/plugins/com.st.stm32cube.ide.mcu.externaltools.gnu-tools-for-stm32.9-2020-q2-update.win32_2.0.0.202105311346/tools/bin/../lib/gcc/arm-none-eabi/9.3.1/thumb/v7e-m+fp/hard\libgcc.a(_dvmd_tls.o)
                0x00000000080005dc                __aeabi_idiv0
                0x00000000080005dc                __aeabi_ldiv0
 *(.text*)
 .text.lfs_max  0x00000000080005e0       0x20 ./Core/Src/lfs.o
 .text.lfs_min  0x0000000008000600       0x20 ./Core/Src/lfs.o
 .text.lfs_aligndown
                0x0000000008000620       0x2a ./Core/Src/lfs.o
 .text.lfs_alignup
                0x000000000800064a       0x24 ./Core/Src/lfs.o
 .text.lfs_npw2
                0x000000000800066e       0x20 ./Core/Src/lfs.o
 .text.lfs_ctz  0x000000000800068e       0x1e ./Core/Src/lfs.o
 .text.lfs_popc
                0x00000000080006ac       0x18 ./Core/Src/lfs.o
 .text.lfs_scmp
                0x00000000080006c4       0x1c ./Core/Src/lfs.o
 .text.lfs_fromle32
                0x00000000080006e0       0x16 ./Core/Src/lfs.o
 .text.lfs_tole32
                0x00000000080006f6       0x18 ./Core/Src/lfs.o
 .text.lfs_frombe32
                0x000000000800070e       0x18 ./Core/Src/lfs.o
 .text.lfs_tobe32
                0x0000000008000726       0x18 ./Core/Src/lfs.o
 .text.lfs_malloc
                0x000000000800073e       0x18 ./Core/Src/lfs.o
 .text.lfs_free
                0x0000000008000756       0x16 ./Core/Src/lfs.o
 .text.lfs_cache_drop
                0x000000000800076c       0x1e ./Core/Src/lfs.o
 .text.lfs_cache_zero
                0x000000000800078a       0x2c ./Core/Src/lfs.o
 *fill*         0x00000000080007b6        0x2 
 .text.lfs_bd_read
                0x00000000080007b8      0x298 ./Core/Src/lfs.o
 .text.lfs_bd_cmp
                0x0000000008000a50       0xa2 ./Core/Src/lfs.o
 .text.lfs_bd_crc
                0x0000000008000af2       0x8c ./Core/Src/lfs.o
 *fill*         0x0000000008000b7e        0x2 
 .text.lfs_bd_flush
                0x0000000008000b80       0xf4 ./Core/Src/lfs.o
 .text.lfs_bd_sync
                0x0000000008000c74       0x68 ./Core/Src/lfs.o
 .text.lfs_bd_prog
                0x0000000008000cdc      0x158 ./Core/Src/lfs.o
 .text.lfs_bd_erase
                0x0000000008000e34       0x64 ./Core/Src/lfs.o
 .text.lfs_pair_swap
                0x0000000008000e98       0x2a ./Core/Src/lfs.o
 .text.lfs_pair_isnull
                0x0000000008000ec2       0x36 ./Core/Src/lfs.o
 .text.lfs_pair_cmp
                0x0000000008000ef8       0x54 ./Core/Src/lfs.o
 .text.lfs_pair_issync
                0x0000000008000f4c       0x5a ./Core/Src/lfs.o
 .text.lfs_pair_fromle32
                0x0000000008000fa6       0x34 ./Core/Src/lfs.o
 .text.lfs_pair_tole32
                0x0000000008000fda       0x34 ./Core/Src/lfs.o
 .text.lfs_tag_isvalid
                0x000000000800100e       0x1c ./Core/Src/lfs.o
 .text.lfs_tag_isdelete
                0x000000000800102a       0x26 ./Core/Src/lfs.o
 .text.lfs_tag_type1
                0x0000000008001050       0x20 ./Core/Src/lfs.o
 .text.lfs_tag_type2
                0x0000000008001070       0x20 ./Core/Src/lfs.o
 .text.lfs_tag_type3
                0x0000000008001090       0x20 ./Core/Src/lfs.o
 .text.lfs_tag_chunk
                0x00000000080010b0       0x1a ./Core/Src/lfs.o
 .text.lfs_tag_splice
                0x00000000080010ca       0x1a ./Core/Src/lfs.o
 .text.lfs_tag_id
                0x00000000080010e4       0x20 ./Core/Src/lfs.o
 .text.lfs_tag_size
                0x0000000008001104       0x1a ./Core/Src/lfs.o
 .text.lfs_tag_dsize
                0x000000000800111e       0x28 ./Core/Src/lfs.o
 .text.lfs_gstate_xor
                0x0000000008001146       0x4a ./Core/Src/lfs.o
 .text.lfs_gstate_iszero
                0x0000000008001190       0x3a ./Core/Src/lfs.o
 .text.lfs_gstate_hasorphans
                0x00000000080011ca       0x26 ./Core/Src/lfs.o
 .text.lfs_gstate_getorphans
                0x00000000080011f0       0x1e ./Core/Src/lfs.o
 .text.lfs_gstate_hasmove
                0x000000000800120e       0x26 ./Core/Src/lfs.o
 .text.lfs_gstate_needssuperblock
                0x0000000008001234       0x28 ./Core/Src/lfs.o
 .text.lfs_gstate_hasmovehere
                0x000000000800125c       0x40 ./Core/Src/lfs.o
 .text.lfs_gstate_fromle32
                0x000000000800129c       0x40 ./Core/Src/lfs.o
 .text.lfs_gstate_tole32
                0x00000000080012dc       0x40 ./Core/Src/lfs.o
 .text.lfs_fcrc_fromle32
                0x000000000800131c       0x30 ./Core/Src/lfs.o
 .text.lfs_fcrc_tole32
                0x000000000800134c       0x30 ./Core/Src/lfs.o
 .text.lfs_ctz_fromle32
                0x000000000800137c       0x30 ./Core/Src/lfs.o
 .text.lfs_ctz_tole32
                0x00000000080013ac       0x30 ./Core/Src/lfs.o
 .text.lfs_superblock_fromle32
                0x00000000080013dc       0x70 ./Core/Src/lfs.o
 .text.lfs_superblock_tole32
                0x000000000800144c       0x70 ./Core/Src/lfs.o
 .text.lfs_mlist_isopen
                0x00000000080014bc       0x3a ./Core/Src/lfs.o
 .text.lfs_mlist_remove
                0x00000000080014f6       0x44 ./Core/Src/lfs.o
 .text.lfs_mlist_append
                0x000000000800153a       0x24 ./Core/Src/lfs.o
 *fill*         0x000000000800155e        0x2 
 .text.lfs_fs_disk_version
                0x0000000008001560       0x1c ./Core/Src/lfs.o
 .text.lfs_fs_disk_version_major
                0x000000000800157c       0x1c ./Core/Src/lfs.o
 .text.lfs_fs_disk_version_minor
                0x0000000008001598       0x1a ./Core/Src/lfs.o
 .text.lfs_alloc_lookahead
                0x00000000080015b2       0x6a ./Core/Src/lfs.o
 .text.lfs_alloc_ack
                0x000000000800161c       0x1c ./Core/Src/lfs.o
 .text.lfs_alloc_drop
                0x0000000008001638       0x22 ./Core/Src/lfs.o
 *fill*         0x000000000800165a        0x2 
 .text.lfs_fs_rawgc
                0x000000000800165c       0x84 ./Core/Src/lfs.o
 .text.lfs_alloc
                0x00000000080016e0      0x104 ./Core/Src/lfs.o
 .text.lfs_dir_getslice
                0x00000000080017e4      0x1cc ./Core/Src/lfs.o
 .text.lfs_dir_get
                0x00000000080019b0       0x36 ./Core/Src/lfs.o
 .text.lfs_dir_getread
                0x00000000080019e6      0x1b6 ./Core/Src/lfs.o
 .text.lfs_dir_traverse_filter
                0x0000000008001b9c       0xb8 ./Core/Src/lfs.o
 .text.lfs_dir_traverse
                0x0000000008001c54      0x820 ./Core/Src/lfs.o
 .text.lfs_dir_fetchmatch
                0x0000000008002474      0x790 ./Core/Src/lfs.o
 .text.lfs_dir_fetch
                0x0000000008002c04       0x36 ./Core/Src/lfs.o
 *fill*         0x0000000008002c3a        0x2 
 .text.lfs_dir_getgstate
                0x0000000008002c3c       0x64 ./Core/Src/lfs.o
 .text.lfs_dir_getinfo
                0x0000000008002ca0       0xf4 ./Core/Src/lfs.o
 .text.lfs_dir_find_match
                0x0000000008002d94       0x92 ./Core/Src/lfs.o
 *fill*         0x0000000008002e26        0x2 
 .text.lfs_dir_find
                0x0000000008002e28      0x1f4 ./Core/Src/lfs.o
 .text.lfs_dir_commitprog
                0x000000000800301c       0x6c ./Core/Src/lfs.o
 .text.lfs_dir_commitattr
                0x0000000008003088      0x100 ./Core/Src/lfs.o
 .text.lfs_dir_commitcrc
                0x0000000008003188      0x2e0 ./Core/Src/lfs.o
 .text.lfs_dir_alloc
                0x0000000008003468       0xf2 ./Core/Src/lfs.o
 .text.lfs_dir_split
                0x000000000800355a       0xa8 ./Core/Src/lfs.o
 .text.lfs_dir_commit_size
                0x0000000008003602       0x2c ./Core/Src/lfs.o
 .text.lfs_dir_commit_commit
                0x000000000800362e       0x2a ./Core/Src/lfs.o
 .text.lfs_dir_needsrelocation
                0x0000000008003658       0x4c ./Core/Src/lfs.o
 .text.lfs_dir_compact
                0x00000000080036a4      0x3ec ./Core/Src/lfs.o
 .text.lfs_dir_splittingcompact
                0x0000000008003a90      0x22c ./Core/Src/lfs.o
 .text.lfs_dir_relocatingcommit
                0x0000000008003cbc      0x568 ./Core/Src/lfs.o
 .text.lfs_dir_orphaningcommit
                0x0000000008004224      0x5f4 ./Core/Src/lfs.o
 .text.lfs_dir_commit
                0x0000000008004818       0x4a ./Core/Src/lfs.o
 *fill*         0x0000000008004862        0x2 
 .text.lfs_dir_rawopen
                0x0000000008004864       0xf4 ./Core/Src/lfs.o
 .text.lfs_dir_rawclose
                0x0000000008004958       0x1c ./Core/Src/lfs.o
 .text.lfs_dir_rawread
                0x0000000008004974      0x108 ./Core/Src/lfs.o
 .text.lfs_ctz_index
                0x0000000008004a7c       0x70 ./Core/Src/lfs.o
 .text.lfs_ctz_find
                0x0000000008004aec       0xd6 ./Core/Src/lfs.o
 *fill*         0x0000000008004bc2        0x2 
 .text.lfs_ctz_extend
                0x0000000008004bc4      0x210 ./Core/Src/lfs.o
 .text.lfs_ctz_traverse
                0x0000000008004dd4       0xfc ./Core/Src/lfs.o
 .text.lfs_file_rawopencfg
                0x0000000008004ed0      0x3a0 ./Core/Src/lfs.o
 .text.lfs_file_rawopen
                0x0000000008005270       0x30 ./Core/Src/lfs.o
 .text.lfs_file_rawclose
                0x00000000080052a0       0x3a ./Core/Src/lfs.o
 *fill*         0x00000000080052da        0x2 
 .text.lfs_file_relocate
                0x00000000080052dc      0x1b4 ./Core/Src/lfs.o
 .text.lfs_file_outline
                0x0000000008005490       0x42 ./Core/Src/lfs.o
 *fill*         0x00000000080054d2        0x2 
 .text.lfs_file_flush
                0x00000000080054d4      0x1a8 ./Core/Src/lfs.o
 .text.lfs_file_rawsync
                0x000000000800567c      0x118 ./Core/Src/lfs.o
 .text.lfs_file_flushedread
                0x0000000008005794      0x1a4 ./Core/Src/lfs.o
 .text.lfs_file_rawread
                0x0000000008005938       0x6c ./Core/Src/lfs.o
 .text.lfs_file_flushedwrite
                0x00000000080059a4      0x252 ./Core/Src/lfs.o
 .text.lfs_file_rawsize
                0x0000000008005bf6       0x36 ./Core/Src/lfs.o
 .text.lfs_init
                0x0000000008005c2c      0x398 ./Core/Src/lfs.o
 .text.lfs_deinit
                0x0000000008005fc4       0x4e ./Core/Src/lfs.o
 *fill*         0x0000000008006012        0x2 
 .text.lfs_rawformat
                0x0000000008006014      0x164 ./Core/Src/lfs.o
 .text.lfs_rawmount
                0x0000000008006178      0x41c ./Core/Src/lfs.o
 .text.lfs_rawunmount
                0x0000000008006594       0x18 ./Core/Src/lfs.o
 .text.lfs_fs_rawtraverse
                0x00000000080065ac      0x2a4 ./Core/Src/lfs.o
 .text.lfs_fs_pred
                0x0000000008006850       0xe0 ./Core/Src/lfs.o
 .text.lfs_fs_parent_match
                0x0000000008006930       0x84 ./Core/Src/lfs.o
 .text.lfs_fs_parent
                0x00000000080069b4      0x104 ./Core/Src/lfs.o
 .text.lfs_fs_prepsuperblock
                0x0000000008006ab8       0x2a ./Core/Src/lfs.o
 *fill*         0x0000000008006ae2        0x2 
 .text.lfs_fs_preporphans
                0x0000000008006ae4       0xa0 ./Core/Src/lfs.o
 .text.lfs_fs_prepmove
                0x0000000008006b84       0x74 ./Core/Src/lfs.o
 .text.lfs_fs_desuperblock
                0x0000000008006bf8       0xd8 ./Core/Src/lfs.o
 .text.lfs_fs_demove
                0x0000000008006cd0       0xf8 ./Core/Src/lfs.o
 .text.lfs_fs_deorphan
                0x0000000008006dc8      0x360 ./Core/Src/lfs.o
 .text.lfs_fs_forceconsistency
                0x0000000008007128       0x4a ./Core/Src/lfs.o
 .text.lfs_fs_size_count
                0x0000000008007172       0x26 ./Core/Src/lfs.o
 .text.lfs_fs_rawsize
                0x0000000008007198       0x34 ./Core/Src/lfs.o
 .text.lfs_format
                0x00000000080071cc       0x2c ./Core/Src/lfs.o
                0x00000000080071cc                lfs_format
 .text.lfs_mount
                0x00000000080071f8       0x2c ./Core/Src/lfs.o
                0x00000000080071f8                lfs_mount
 .text.lfs_file_open
                0x0000000008007224       0x68 ./Core/Src/lfs.o
                0x0000000008007224                lfs_file_open
 .text.lfs_file_close
                0x000000000800728c       0x58 ./Core/Src/lfs.o
                0x000000000800728c                lfs_file_close
 .text.lfs_file_read
                0x00000000080072e4       0x60 ./Core/Src/lfs.o
                0x00000000080072e4                lfs_file_read
 .text.lfs_file_size
                0x0000000008007344       0x58 ./Core/Src/lfs.o
                0x0000000008007344                lfs_file_size
 .text.lfs_dir_open
                0x000000000800739c       0x64 ./Core/Src/lfs.o
                0x000000000800739c                lfs_dir_open
 .text.lfs_dir_close
                0x0000000008007400       0x2c ./Core/Src/lfs.o
                0x0000000008007400                lfs_dir_close
 .text.lfs_dir_read
                0x000000000800742c       0x30 ./Core/Src/lfs.o
                0x000000000800742c                lfs_dir_read
 .text.lfs_crc  0x000000000800745c       0x7c ./Core/Src/lfs_util.o
                0x000000000800745c                lfs_crc
 .text.read_file_from_littlefs
                0x00000000080074d8      0x124 ./Core/Src/main.o
                0x00000000080074d8                read_file_from_littlefs
 .text.nor_delay_us
                0x00000000080075fc       0x18 ./Core/Src/main.o
                0x00000000080075fc                nor_delay_us
 .text.nor_cs_assert
                0x0000000008007614       0x18 ./Core/Src/main.o
                0x0000000008007614                nor_cs_assert
 .text.nor_cs_deassert
                0x000000000800762c       0x18 ./Core/Src/main.o
                0x000000000800762c                nor_cs_deassert
 .text.nor_spi_tx
                0x0000000008007644       0x30 ./Core/Src/main.o
                0x0000000008007644                nor_spi_tx
 .text.nor_spi_rx
                0x0000000008007674       0x30 ./Core/Src/main.o
                0x0000000008007674                nor_spi_rx
 .text.__init_nor
                0x00000000080076a4       0x50 ./Core/Src/main.o
                0x00000000080076a4                __init_nor
 .text._fs_read
                0x00000000080076f4       0x38 ./Core/Src/main.o
                0x00000000080076f4                _fs_read
 .text._fs_write
                0x000000000800772c       0x38 ./Core/Src/main.o
                0x000000000800772c                _fs_write
 .text._fs_erase
                0x0000000008007764       0x2c ./Core/Src/main.o
                0x0000000008007764                _fs_erase
 .text._fs_sync
                0x0000000008007790       0x16 ./Core/Src/main.o
                0x0000000008007790                _fs_sync
 *fill*         0x00000000080077a6        0x2 
 .text.list_files
                0x00000000080077a8      0x100 ./Core/Src/main.o
                0x00000000080077a8                list_files
 .text.__init_littefs
                0x00000000080078a8       0xa8 ./Core/Src/main.o
                0x00000000080078a8                __init_littefs
 .text.list_files_with_size
                0x0000000008007950      0x164 ./Core/Src/main.o
                0x0000000008007950                list_files_with_size
 .text.__init_storage
                0x0000000008007ab4       0x10 ./Core/Src/main.o
                0x0000000008007ab4                __init_storage
 .text.main     0x0000000008007ac4       0xf8 ./Core/Src/main.o
                0x0000000008007ac4                main
 .text.SystemClock_Config
                0x0000000008007bbc       0xd4 ./Core/Src/main.o
                0x0000000008007bbc                SystemClock_Config
 .text.MX_ADC1_Init
                0x0000000008007c90       0xa4 ./Core/Src/main.o
 .text.MX_ADC3_Init
                0x0000000008007d34       0xa4 ./Core/Src/main.o
 .text.MX_SPI3_Init
                0x0000000008007dd8       0x6c ./Core/Src/main.o
 .text.MX_SPI4_Init
                0x0000000008007e44       0x6c ./Core/Src/main.o
 .text.MX_UART7_Init
                0x0000000008007eb0       0x54 ./Core/Src/main.o
 .text.MX_USART1_UART_Init
                0x0000000008007f04       0x54 ./Core/Src/main.o
 .text.MX_GPIO_Init
                0x0000000008007f58      0x1f8 ./Core/Src/main.o
 .text.Error_Handler
                0x0000000008008150        0xa ./Core/Src/main.o
                0x0000000008008150                Error_Handler
 .text._nor_cs_assert
                0x000000000800815a       0x16 ./Core/Src/nor.o
 .text._nor_cs_deassert
                0x0000000008008170       0x16 ./Core/Src/nor.o
 .text._nor_spi_tx
                0x0000000008008186       0x1e ./Core/Src/nor.o
 .text._nor_spi_rx
                0x00000000080081a4       0x1e ./Core/Src/nor.o
 .text._nor_delay_us
                0x00000000080081c2       0x1a ./Core/Src/nor.o
 .text._nor_ReadID
                0x00000000080081dc       0x42 ./Core/Src/nor.o
 .text._nor_ReadUniqID
                0x000000000800821e       0x62 ./Core/Src/nor.o
 .text._nor_WriteEnable
                0x0000000008008280       0x2e ./Core/Src/nor.o
 .text._nor_ReadStatusRegister
                0x00000000080082ae       0x84 ./Core/Src/nor.o
                0x00000000080082ae                _nor_ReadStatusRegister
 .text._nor_WaitForWriteEnd
                0x0000000008008332       0x78 ./Core/Src/nor.o
                0x0000000008008332                _nor_WaitForWriteEnd
 .text.NOR_Init
                0x00000000080083aa      0x17c ./Core/Src/nor.o
                0x00000000080083aa                NOR_Init
 *fill*         0x0000000008008526        0x2 
 .text.NOR_EraseAddress
                0x0000000008008528       0xb4 ./Core/Src/nor.o
                0x0000000008008528                NOR_EraseAddress
 .text.NOR_EraseSector
                0x00000000080085dc       0x48 ./Core/Src/nor.o
                0x00000000080085dc                NOR_EraseSector
 .text.NOR_WriteBytes
                0x0000000008008624       0xe0 ./Core/Src/nor.o
                0x0000000008008624                NOR_WriteBytes
 .text.NOR_WriteSector
                0x0000000008008704       0x70 ./Core/Src/nor.o
                0x0000000008008704                NOR_WriteSector
 .text.NOR_ReadBytes
                0x0000000008008774       0xdc ./Core/Src/nor.o
                0x0000000008008774                NOR_ReadBytes
 .text.NOR_ReadSector
                0x0000000008008850       0x70 ./Core/Src/nor.o
                0x0000000008008850                NOR_ReadSector
 .text.NOR_IDS_Interpret_Manufacturer
                0x00000000080088c0       0x18 ./Core/Src/nor_ids.o
                0x00000000080088c0                NOR_IDS_Interpret_Manufacturer
 .text.NOR_IDS_Interpret_Model
                0x00000000080088d8       0x48 ./Core/Src/nor_ids.o
                0x00000000080088d8                NOR_IDS_Interpret_Model
 .text.NOR_IDS_GetQtdBlocks
                0x0000000008008920       0x60 ./Core/Src/nor_ids.o
                0x0000000008008920                NOR_IDS_GetQtdBlocks
 .text.HAL_MspInit
                0x0000000008008980       0x50 ./Core/Src/stm32f4xx_hal_msp.o
                0x0000000008008980                HAL_MspInit
 .text.HAL_ADC_MspInit
                0x00000000080089d0      0x15c ./Core/Src/stm32f4xx_hal_msp.o
                0x00000000080089d0                HAL_ADC_MspInit
 .text.HAL_SPI_MspInit
                0x0000000008008b2c      0x13c ./Core/Src/stm32f4xx_hal_msp.o
                0x0000000008008b2c                HAL_SPI_MspInit
 .text.HAL_UART_MspInit
                0x0000000008008c68      0x11c ./Core/Src/stm32f4xx_hal_msp.o
                0x0000000008008c68                HAL_UART_MspInit
 .text.NMI_Handler
                0x0000000008008d84        0x6 ./Core/Src/stm32f4xx_it.o
                0x0000000008008d84                NMI_Handler
 .text.HardFault_Handler
                0x0000000008008d8a        0x6 ./Core/Src/stm32f4xx_it.o
                0x0000000008008d8a                HardFault_Handler
 .text.MemManage_Handler
                0x0000000008008d90        0x6 ./Core/Src/stm32f4xx_it.o
                0x0000000008008d90                MemManage_Handler
 .text.BusFault_Handler
                0x0000000008008d96        0x6 ./Core/Src/stm32f4xx_it.o
                0x0000000008008d96                BusFault_Handler
 .text.UsageFault_Handler
                0x0000000008008d9c        0x6 ./Core/Src/stm32f4xx_it.o
                0x0000000008008d9c                UsageFault_Handler
 .text.SVC_Handler
                0x0000000008008da2        0xe ./Core/Src/stm32f4xx_it.o
                0x0000000008008da2                SVC_Handler
 .text.DebugMon_Handler
                0x0000000008008db0        0xe ./Core/Src/stm32f4xx_it.o
                0x0000000008008db0                DebugMon_Handler
 .text.PendSV_Handler
                0x0000000008008dbe        0xe ./Core/Src/stm32f4xx_it.o
                0x0000000008008dbe                PendSV_Handler
 .text.SysTick_Handler
                0x0000000008008dcc        0xc ./Core/Src/stm32f4xx_it.o
                0x0000000008008dcc                SysTick_Handler
 .text.USART1_IRQHandler
                0x0000000008008dd8       0x14 ./Core/Src/stm32f4xx_it.o
                0x0000000008008dd8                USART1_IRQHandler
 .text.OTG_FS_IRQHandler
                0x0000000008008dec       0x14 ./Core/Src/stm32f4xx_it.o
                0x0000000008008dec                OTG_FS_IRQHandler
 .text.UART7_IRQHandler
                0x0000000008008e00       0x14 ./Core/Src/stm32f4xx_it.o
                0x0000000008008e00                UART7_IRQHandler
 .text._getpid  0x0000000008008e14       0x10 ./Core/Src/syscalls.o
                0x0000000008008e14                _getpid
 .text._kill    0x0000000008008e24       0x20 ./Core/Src/syscalls.o
                0x0000000008008e24                _kill
 .text._exit    0x0000000008008e44       0x14 ./Core/Src/syscalls.o
                0x0000000008008e44                _exit
 .text._read    0x0000000008008e58       0x3a ./Core/Src/syscalls.o
                0x0000000008008e58                _read
 .text._write   0x0000000008008e92       0x38 ./Core/Src/syscalls.o
                0x0000000008008e92                _write
 .text._close   0x0000000008008eca       0x18 ./Core/Src/syscalls.o
                0x0000000008008eca                _close
 .text._fstat   0x0000000008008ee2       0x20 ./Core/Src/syscalls.o
                0x0000000008008ee2                _fstat
 .text._isatty  0x0000000008008f02       0x16 ./Core/Src/syscalls.o
                0x0000000008008f02                _isatty
 .text._lseek   0x0000000008008f18       0x1a ./Core/Src/syscalls.o
                0x0000000008008f18                _lseek
 *fill*         0x0000000008008f32        0x2 
 .text._sbrk    0x0000000008008f34       0x6c ./Core/Src/sysmem.o
                0x0000000008008f34                _sbrk
 .text.SystemInit
                0x0000000008008fa0       0x24 ./Core/Src/system_stm32f4xx.o
                0x0000000008008fa0                SystemInit
 .text.Reset_Handler
                0x0000000008008fc4       0x50 ./Core/Startup/startup_stm32f427aihx.o
                0x0000000008008fc4                Reset_Handler
 .text.Default_Handler
                0x0000000008009014        0x2 ./Core/Startup/startup_stm32f427aihx.o
                0x0000000008009014                RTC_Alarm_IRQHandler
                0x0000000008009014                HASH_RNG_IRQHandler
                0x0000000008009014                EXTI2_IRQHandler
                0x0000000008009014                TIM8_CC_IRQHandler
                0x0000000008009014                UART8_IRQHandler
                0x0000000008009014                SPI4_IRQHandler
                0x0000000008009014                TIM1_CC_IRQHandler
                0x0000000008009014                DMA2_Stream5_IRQHandler
                0x0000000008009014                DMA1_Stream5_IRQHandler
                0x0000000008009014                PVD_IRQHandler
                0x0000000008009014                SDIO_IRQHandler
                0x0000000008009014                TAMP_STAMP_IRQHandler
                0x0000000008009014                CAN2_RX1_IRQHandler
                0x0000000008009014                EXTI3_IRQHandler
                0x0000000008009014                TIM8_TRG_COM_TIM14_IRQHandler
                0x0000000008009014                TIM1_UP_TIM10_IRQHandler
                0x0000000008009014                TIM8_UP_TIM13_IRQHandler
                0x0000000008009014                I2C3_ER_IRQHandler
                0x0000000008009014                EXTI0_IRQHandler
                0x0000000008009014                I2C2_EV_IRQHandler
                0x0000000008009014                DMA1_Stream2_IRQHandler
                0x0000000008009014                CAN1_RX0_IRQHandler
                0x0000000008009014                FPU_IRQHandler
                0x0000000008009014                OTG_HS_WKUP_IRQHandler
                0x0000000008009014                CAN2_SCE_IRQHandler
                0x0000000008009014                DMA2_Stream2_IRQHandler
                0x0000000008009014                SPI1_IRQHandler
                0x0000000008009014                TIM6_DAC_IRQHandler
                0x0000000008009014                TIM1_BRK_TIM9_IRQHandler
                0x0000000008009014                DCMI_IRQHandler
                0x0000000008009014                CAN2_RX0_IRQHandler
                0x0000000008009014                DMA2_Stream3_IRQHandler
                0x0000000008009014                USART6_IRQHandler
                0x0000000008009014                USART3_IRQHandler
                0x0000000008009014                CAN1_RX1_IRQHandler
                0x0000000008009014                UART5_IRQHandler
                0x0000000008009014                DMA2_Stream0_IRQHandler
                0x0000000008009014                TIM4_IRQHandler
                0x0000000008009014                I2C1_EV_IRQHandler
                0x0000000008009014                DMA1_Stream6_IRQHandler
                0x0000000008009014                DMA1_Stream1_IRQHandler
                0x0000000008009014                UART4_IRQHandler
                0x0000000008009014                TIM3_IRQHandler
                0x0000000008009014                RCC_IRQHandler
                0x0000000008009014                TIM8_BRK_TIM12_IRQHandler
                0x0000000008009014                Default_Handler
                0x0000000008009014                EXTI15_10_IRQHandler
                0x0000000008009014                ADC_IRQHandler
                0x0000000008009014                DMA1_Stream7_IRQHandler
                0x0000000008009014                SPI5_IRQHandler
                0x0000000008009014                TIM7_IRQHandler
                0x0000000008009014                CAN2_TX_IRQHandler
                0x0000000008009014                TIM5_IRQHandler
                0x0000000008009014                DMA2_Stream7_IRQHandler
                0x0000000008009014                I2C3_EV_IRQHandler
                0x0000000008009014                EXTI9_5_IRQHandler
                0x0000000008009014                RTC_WKUP_IRQHandler
                0x0000000008009014                ETH_WKUP_IRQHandler
                0x0000000008009014                SPI2_IRQHandler
                0x0000000008009014                OTG_HS_EP1_IN_IRQHandler
                0x0000000008009014                DMA1_Stream0_IRQHandler
                0x0000000008009014                CAN1_TX_IRQHandler
                0x0000000008009014                EXTI4_IRQHandler
                0x0000000008009014                ETH_IRQHandler
                0x0000000008009014                OTG_HS_EP1_OUT_IRQHandler
                0x0000000008009014                WWDG_IRQHandler
                0x0000000008009014                SPI6_IRQHandler
                0x0000000008009014                TIM2_IRQHandler
                0x0000000008009014                OTG_FS_WKUP_IRQHandler
                0x0000000008009014                TIM1_TRG_COM_TIM11_IRQHandler
                0x0000000008009014                OTG_HS_IRQHandler
                0x0000000008009014                DMA2D_IRQHandler
                0x0000000008009014                EXTI1_IRQHandler
                0x0000000008009014                USART2_IRQHandler
                0x0000000008009014                I2C2_ER_IRQHandler
                0x0000000008009014                DMA2_Stream1_IRQHandler
                0x0000000008009014                CAN1_SCE_IRQHandler
                0x0000000008009014                FLASH_IRQHandler
                0x0000000008009014                DMA2_Stream4_IRQHandler
                0x0000000008009014                SPI3_IRQHandler
                0x0000000008009014                DMA1_Stream4_IRQHandler
                0x0000000008009014                I2C1_ER_IRQHandler
                0x0000000008009014                FMC_IRQHandler
                0x0000000008009014                DMA2_Stream6_IRQHandler
                0x0000000008009014                SAI1_IRQHandler
                0x0000000008009014                DMA1_Stream3_IRQHandler
 *fill*         0x0000000008009016        0x2 
 .text.HAL_Init
                0x0000000008009018       0x44 ./Drivers/STM32F4xx_HAL_Driver/Src/stm32f4xx_hal.o
                0x0000000008009018                HAL_Init
 .text.HAL_InitTick
                0x000000000800905c       0x60 ./Drivers/STM32F4xx_HAL_Driver/Src/stm32f4xx_hal.o
                0x000000000800905c                HAL_InitTick
 .text.HAL_IncTick
                0x00000000080090bc       0x28 ./Drivers/STM32F4xx_HAL_Driver/Src/stm32f4xx_hal.o
                0x00000000080090bc                HAL_IncTick
 .text.HAL_GetTick
                0x00000000080090e4       0x18 ./Drivers/STM32F4xx_HAL_Driver/Src/stm32f4xx_hal.o
                0x00000000080090e4                HAL_GetTick
 .text.HAL_Delay
                0x00000000080090fc       0x48 ./Drivers/STM32F4xx_HAL_Driver/Src/stm32f4xx_hal.o
                0x00000000080090fc                HAL_Delay
 .text.HAL_ADC_Init
                0x0000000008009144       0x86 ./Drivers/STM32F4xx_HAL_Driver/Src/stm32f4xx_hal_adc.o
                0x0000000008009144                HAL_ADC_Init
 *fill*         0x00000000080091ca        0x2 
 .text.HAL_ADC_ConfigChannel
                0x00000000080091cc      0x264 ./Drivers/STM32F4xx_HAL_Driver/Src/stm32f4xx_hal_adc.o
                0x00000000080091cc                HAL_ADC_ConfigChannel
 .text.ADC_Init
                0x0000000008009430      0x1f8 ./Drivers/STM32F4xx_HAL_Driver/Src/stm32f4xx_hal_adc.o
 .text.__NVIC_SetPriorityGrouping
                0x0000000008009628       0x48 ./Drivers/STM32F4xx_HAL_Driver/Src/stm32f4xx_hal_cortex.o
 .text.__NVIC_GetPriorityGrouping
                0x0000000008009670       0x1c ./Drivers/STM32F4xx_HAL_Driver/Src/stm32f4xx_hal_cortex.o
 .text.__NVIC_EnableIRQ
                0x000000000800968c       0x3c ./Drivers/STM32F4xx_HAL_Driver/Src/stm32f4xx_hal_cortex.o
 .text.__NVIC_SetPriority
                0x00000000080096c8       0x54 ./Drivers/STM32F4xx_HAL_Driver/Src/stm32f4xx_hal_cortex.o
 .text.NVIC_EncodePriority
                0x000000000800971c       0x66 ./Drivers/STM32F4xx_HAL_Driver/Src/stm32f4xx_hal_cortex.o
 *fill*         0x0000000008009782        0x2 
 .text.SysTick_Config
                0x0000000008009784       0x44 ./Drivers/STM32F4xx_HAL_Driver/Src/stm32f4xx_hal_cortex.o
 .text.HAL_NVIC_SetPriorityGrouping
                0x00000000080097c8       0x16 ./Drivers/STM32F4xx_HAL_Driver/Src/stm32f4xx_hal_cortex.o
                0x00000000080097c8                HAL_NVIC_SetPriorityGrouping
 .text.HAL_NVIC_SetPriority
                0x00000000080097de       0x38 ./Drivers/STM32F4xx_HAL_Driver/Src/stm32f4xx_hal_cortex.o
                0x00000000080097de                HAL_NVIC_SetPriority
 .text.HAL_NVIC_EnableIRQ
                0x0000000008009816       0x1c ./Drivers/STM32F4xx_HAL_Driver/Src/stm32f4xx_hal_cortex.o
                0x0000000008009816                HAL_NVIC_EnableIRQ
 .text.HAL_SYSTICK_Config
                0x0000000008009832       0x18 ./Drivers/STM32F4xx_HAL_Driver/Src/stm32f4xx_hal_cortex.o
                0x0000000008009832                HAL_SYSTICK_Config
 .text.HAL_DMA_Abort
                0x000000000800984a       0xe0 ./Drivers/STM32F4xx_HAL_Driver/Src/stm32f4xx_hal_dma.o
                0x000000000800984a                HAL_DMA_Abort
 .text.HAL_DMA_Abort_IT
                0x000000000800992a       0x44 ./Drivers/STM32F4xx_HAL_Driver/Src/stm32f4xx_hal_dma.o
                0x000000000800992a                HAL_DMA_Abort_IT
 *fill*         0x000000000800996e        0x2 
 .text.HAL_GPIO_Init
                0x0000000008009970      0x358 ./Drivers/STM32F4xx_HAL_Driver/Src/stm32f4xx_hal_gpio.o
                0x0000000008009970                HAL_GPIO_Init
 .text.HAL_GPIO_WritePin
                0x0000000008009cc8       0x32 ./Drivers/STM32F4xx_HAL_Driver/Src/stm32f4xx_hal_gpio.o
                0x0000000008009cc8                HAL_GPIO_WritePin
 .text.HAL_PCD_Init
                0x0000000008009cfa      0x23a ./Drivers/STM32F4xx_HAL_Driver/Src/stm32f4xx_hal_pcd.o
                0x0000000008009cfa                HAL_PCD_Init
 .text.HAL_PCD_Start
                0x0000000008009f34       0x66 ./Drivers/STM32F4xx_HAL_Driver/Src/stm32f4xx_hal_pcd.o
                0x0000000008009f34                HAL_PCD_Start
 .text.HAL_PCD_IRQHandler
                0x0000000008009f9a      0x764 ./Drivers/STM32F4xx_HAL_Driver/Src/stm32f4xx_hal_pcd.o
                0x0000000008009f9a                HAL_PCD_IRQHandler
 .text.HAL_PCD_SetAddress
                0x000000000800a6fe       0x4a ./Drivers/STM32F4xx_HAL_Driver/Src/stm32f4xx_hal_pcd.o
                0x000000000800a6fe                HAL_PCD_SetAddress
 .text.HAL_PCD_EP_Open
                0x000000000800a748       0xd0 ./Drivers/STM32F4xx_HAL_Driver/Src/stm32f4xx_hal_pcd.o
                0x000000000800a748                HAL_PCD_EP_Open
 .text.HAL_PCD_EP_Close
                0x000000000800a818       0x94 ./Drivers/STM32F4xx_HAL_Driver/Src/stm32f4xx_hal_pcd.o
                0x000000000800a818                HAL_PCD_EP_Close
 .text.HAL_PCD_EP_Receive
                0x000000000800a8ac       0x96 ./Drivers/STM32F4xx_HAL_Driver/Src/stm32f4xx_hal_pcd.o
                0x000000000800a8ac                HAL_PCD_EP_Receive
 .text.HAL_PCD_EP_GetRxCount
                0x000000000800a942       0x30 ./Drivers/STM32F4xx_HAL_Driver/Src/stm32f4xx_hal_pcd.o
                0x000000000800a942                HAL_PCD_EP_GetRxCount
 .text.HAL_PCD_EP_Transmit
                0x000000000800a972       0x94 ./Drivers/STM32F4xx_HAL_Driver/Src/stm32f4xx_hal_pcd.o
                0x000000000800a972                HAL_PCD_EP_Transmit
 .text.HAL_PCD_EP_SetStall
                0x000000000800aa06       0xc8 ./Drivers/STM32F4xx_HAL_Driver/Src/stm32f4xx_hal_pcd.o
                0x000000000800aa06                HAL_PCD_EP_SetStall
 .text.HAL_PCD_EP_ClrStall
                0x000000000800aace       0xac ./Drivers/STM32F4xx_HAL_Driver/Src/stm32f4xx_hal_pcd.o
                0x000000000800aace                HAL_PCD_EP_ClrStall
 .text.PCD_WriteEmptyTxFifo
                0x000000000800ab7a      0x11a ./Drivers/STM32F4xx_HAL_Driver/Src/stm32f4xx_hal_pcd.o
 .text.PCD_EP_OutXfrComplete_int
                0x000000000800ac94      0x218 ./Drivers/STM32F4xx_HAL_Driver/Src/stm32f4xx_hal_pcd.o
 .text.PCD_EP_OutSetupPacket_int
                0x000000000800aeac       0x8c ./Drivers/STM32F4xx_HAL_Driver/Src/stm32f4xx_hal_pcd.o
 .text.HAL_PCDEx_SetTxFiFo
                0x000000000800af38       0x8e ./Drivers/STM32F4xx_HAL_Driver/Src/stm32f4xx_hal_pcd_ex.o
                0x000000000800af38                HAL_PCDEx_SetTxFiFo
 .text.HAL_PCDEx_SetRxFiFo
                0x000000000800afc6       0x22 ./Drivers/STM32F4xx_HAL_Driver/Src/stm32f4xx_hal_pcd_ex.o
                0x000000000800afc6                HAL_PCDEx_SetRxFiFo
 .text.HAL_PCDEx_LPM_Callback
                0x000000000800afe8       0x18 ./Drivers/STM32F4xx_HAL_Driver/Src/stm32f4xx_hal_pcd_ex.o
                0x000000000800afe8                HAL_PCDEx_LPM_Callback
 .text.HAL_RCC_OscConfig
                0x000000000800b000      0x4f0 ./Drivers/STM32F4xx_HAL_Driver/Src/stm32f4xx_hal_rcc.o
                0x000000000800b000                HAL_RCC_OscConfig
 .text.HAL_RCC_ClockConfig
                0x000000000800b4f0      0x1cc ./Drivers/STM32F4xx_HAL_Driver/Src/stm32f4xx_hal_rcc.o
                0x000000000800b4f0                HAL_RCC_ClockConfig
 .text.HAL_RCC_GetSysClockFreq
                0x000000000800b6bc      0x16c ./Drivers/STM32F4xx_HAL_Driver/Src/stm32f4xx_hal_rcc.o
                0x000000000800b6bc                HAL_RCC_GetSysClockFreq
 .text.HAL_RCC_GetHCLKFreq
                0x000000000800b828       0x18 ./Drivers/STM32F4xx_HAL_Driver/Src/stm32f4xx_hal_rcc.o
                0x000000000800b828                HAL_RCC_GetHCLKFreq
 .text.HAL_RCC_GetPCLK1Freq
                0x000000000800b840       0x28 ./Drivers/STM32F4xx_HAL_Driver/Src/stm32f4xx_hal_rcc.o
                0x000000000800b840                HAL_RCC_GetPCLK1Freq
 .text.HAL_RCC_GetPCLK2Freq
                0x000000000800b868       0x28 ./Drivers/STM32F4xx_HAL_Driver/Src/stm32f4xx_hal_rcc.o
                0x000000000800b868                HAL_RCC_GetPCLK2Freq
 .text.HAL_SPI_Init
                0x000000000800b890      0x112 ./Drivers/STM32F4xx_HAL_Driver/Src/stm32f4xx_hal_spi.o
                0x000000000800b890                HAL_SPI_Init
 .text.HAL_SPI_Transmit
                0x000000000800b9a2      0x278 ./Drivers/STM32F4xx_HAL_Driver/Src/stm32f4xx_hal_spi.o
                0x000000000800b9a2                HAL_SPI_Transmit
 .text.HAL_SPI_Receive
                0x000000000800bc1a      0x222 ./Drivers/STM32F4xx_HAL_Driver/Src/stm32f4xx_hal_spi.o
                0x000000000800bc1a                HAL_SPI_Receive
 .text.HAL_SPI_TransmitReceive
                0x000000000800be3c      0x344 ./Drivers/STM32F4xx_HAL_Driver/Src/stm32f4xx_hal_spi.o
                0x000000000800be3c                HAL_SPI_TransmitReceive
 .text.SPI_WaitFlagStateUntilTimeout
                0x000000000800c180      0x110 ./Drivers/STM32F4xx_HAL_Driver/Src/stm32f4xx_hal_spi.o
 .text.SPI_EndRxTransaction
                0x000000000800c290       0xca ./Drivers/STM32F4xx_HAL_Driver/Src/stm32f4xx_hal_spi.o
 *fill*         0x000000000800c35a        0x2 
 .text.SPI_EndRxTxTransaction
                0x000000000800c35c       0x84 ./Drivers/STM32F4xx_HAL_Driver/Src/stm32f4xx_hal_spi.o
 .text.HAL_UART_Init
                0x000000000800c3e0       0x9a ./Drivers/STM32F4xx_HAL_Driver/Src/stm32f4xx_hal_uart.o
                0x000000000800c3e0                HAL_UART_Init
 .text.HAL_UART_Transmit
                0x000000000800c47a      0x124 ./Drivers/STM32F4xx_HAL_Driver/Src/stm32f4xx_hal_uart.o
                0x000000000800c47a                HAL_UART_Transmit
 *fill*         0x000000000800c59e        0x2 
 .text.HAL_UART_IRQHandler
                0x000000000800c5a0      0x51c ./Drivers/STM32F4xx_HAL_Driver/Src/stm32f4xx_hal_uart.o
                0x000000000800c5a0                HAL_UART_IRQHandler
 .text.HAL_UART_TxCpltCallback
                0x000000000800cabc       0x14 ./Drivers/STM32F4xx_HAL_Driver/Src/stm32f4xx_hal_uart.o
                0x000000000800cabc                HAL_UART_TxCpltCallback
 .text.HAL_UART_RxCpltCallback
                0x000000000800cad0       0x14 ./Drivers/STM32F4xx_HAL_Driver/Src/stm32f4xx_hal_uart.o
                0x000000000800cad0                HAL_UART_RxCpltCallback
 .text.HAL_UART_ErrorCallback
                0x000000000800cae4       0x14 ./Drivers/STM32F4xx_HAL_Driver/Src/stm32f4xx_hal_uart.o
                0x000000000800cae4                HAL_UART_ErrorCallback
 .text.HAL_UARTEx_RxEventCallback
                0x000000000800caf8       0x18 ./Drivers/STM32F4xx_HAL_Driver/Src/stm32f4xx_hal_uart.o
                0x000000000800caf8                HAL_UARTEx_RxEventCallback
 .text.UART_WaitOnFlagUntilTimeout
                0x000000000800cb10       0xdc ./Drivers/STM32F4xx_HAL_Driver/Src/stm32f4xx_hal_uart.o
 .text.UART_EndRxTransfer
                0x000000000800cbec       0xc6 ./Drivers/STM32F4xx_HAL_Driver/Src/stm32f4xx_hal_uart.o
 .text.UART_DMAAbortOnError
                0x000000000800ccb2       0x28 ./Drivers/STM32F4xx_HAL_Driver/Src/stm32f4xx_hal_uart.o
 .text.UART_Transmit_IT
                0x000000000800ccda       0xa0 ./Drivers/STM32F4xx_HAL_Driver/Src/stm32f4xx_hal_uart.o
 .text.UART_EndTransmit_IT
                0x000000000800cd7a       0x30 ./Drivers/STM32F4xx_HAL_Driver/Src/stm32f4xx_hal_uart.o
 .text.UART_Receive_IT
                0x000000000800cdaa      0x176 ./Drivers/STM32F4xx_HAL_Driver/Src/stm32f4xx_hal_uart.o
 .text.UART_SetConfig
                0x000000000800cf20      0x390 ./Drivers/STM32F4xx_HAL_Driver/Src/stm32f4xx_hal_uart.o
 .text.USB_CoreInit
                0x000000000800d2b0       0xc2 ./Drivers/STM32F4xx_HAL_Driver/Src/stm32f4xx_ll_usb.o
                0x000000000800d2b0                USB_CoreInit
 *fill*         0x000000000800d372        0x2 
 .text.USB_SetTurnaroundTime
                0x000000000800d374      0x144 ./Drivers/STM32F4xx_HAL_Driver/Src/stm32f4xx_ll_usb.o
                0x000000000800d374                USB_SetTurnaroundTime
 .text.USB_EnableGlobalInt
                0x000000000800d4b8       0x22 ./Drivers/STM32F4xx_HAL_Driver/Src/stm32f4xx_ll_usb.o
                0x000000000800d4b8                USB_EnableGlobalInt
 .text.USB_DisableGlobalInt
                0x000000000800d4da       0x22 ./Drivers/STM32F4xx_HAL_Driver/Src/stm32f4xx_ll_usb.o
                0x000000000800d4da                USB_DisableGlobalInt
 .text.USB_SetCurrentMode
                0x000000000800d4fc       0x98 ./Drivers/STM32F4xx_HAL_Driver/Src/stm32f4xx_ll_usb.o
                0x000000000800d4fc                USB_SetCurrentMode
 .text.USB_DevInit
                0x000000000800d594      0x2c8 ./Drivers/STM32F4xx_HAL_Driver/Src/stm32f4xx_ll_usb.o
                0x000000000800d594                USB_DevInit
 .text.USB_FlushTxFifo
                0x000000000800d85c       0x48 ./Drivers/STM32F4xx_HAL_Driver/Src/stm32f4xx_ll_usb.o
                0x000000000800d85c                USB_FlushTxFifo
 .text.USB_FlushRxFifo
                0x000000000800d8a4       0x40 ./Drivers/STM32F4xx_HAL_Driver/Src/stm32f4xx_ll_usb.o
                0x000000000800d8a4                USB_FlushRxFifo
 .text.USB_SetDevSpeed
                0x000000000800d8e4       0x32 ./Drivers/STM32F4xx_HAL_Driver/Src/stm32f4xx_ll_usb.o
                0x000000000800d8e4                USB_SetDevSpeed
 .text.USB_GetDevSpeed
                0x000000000800d916       0x4a ./Drivers/STM32F4xx_HAL_Driver/Src/stm32f4xx_ll_usb.o
                0x000000000800d916                USB_GetDevSpeed
 .text.USB_ActivateEndpoint
                0x000000000800d960      0x10e ./Drivers/STM32F4xx_HAL_Driver/Src/stm32f4xx_ll_usb.o
                0x000000000800d960                USB_ActivateEndpoint
 *fill*         0x000000000800da6e        0x2 
 .text.USB_DeactivateEndpoint
                0x000000000800da70      0x1b8 ./Drivers/STM32F4xx_HAL_Driver/Src/stm32f4xx_ll_usb.o
                0x000000000800da70                USB_DeactivateEndpoint
 .text.USB_EPStartXfer
                0x000000000800dc28      0x488 ./Drivers/STM32F4xx_HAL_Driver/Src/stm32f4xx_ll_usb.o
                0x000000000800dc28                USB_EPStartXfer
 .text.USB_EP0StartXfer
                0x000000000800e0b0      0x2a6 ./Drivers/STM32F4xx_HAL_Driver/Src/stm32f4xx_ll_usb.o
                0x000000000800e0b0                USB_EP0StartXfer
 .text.USB_WritePacket
                0x000000000800e356       0x7c ./Drivers/STM32F4xx_HAL_Driver/Src/stm32f4xx_ll_usb.o
                0x000000000800e356                USB_WritePacket
 .text.USB_ReadPacket
                0x000000000800e3d2       0xb0 ./Drivers/STM32F4xx_HAL_Driver/Src/stm32f4xx_ll_usb.o
                0x000000000800e3d2                USB_ReadPacket
 .text.USB_EPSetStall
                0x000000000800e482       0xdc ./Drivers/STM32F4xx_HAL_Driver/Src/stm32f4xx_ll_usb.o
                0x000000000800e482                USB_EPSetStall
 .text.USB_EPClearStall
                0x000000000800e55e       0xcc ./Drivers/STM32F4xx_HAL_Driver/Src/stm32f4xx_ll_usb.o
                0x000000000800e55e                USB_EPClearStall
 .text.USB_SetDevAddress
                0x000000000800e62a       0x4c ./Drivers/STM32F4xx_HAL_Driver/Src/stm32f4xx_ll_usb.o
                0x000000000800e62a                USB_SetDevAddress
 .text.USB_DevConnect
                0x000000000800e676       0x42 ./Drivers/STM32F4xx_HAL_Driver/Src/stm32f4xx_ll_usb.o
                0x000000000800e676                USB_DevConnect
 .text.USB_DevDisconnect
                0x000000000800e6b8       0x42 ./Drivers/STM32F4xx_HAL_Driver/Src/stm32f4xx_ll_usb.o
                0x000000000800e6b8                USB_DevDisconnect
 .text.USB_ReadInterrupts
                0x000000000800e6fa       0x26 ./Drivers/STM32F4xx_HAL_Driver/Src/stm32f4xx_ll_usb.o
                0x000000000800e6fa                USB_ReadInterrupts
 .text.USB_ReadDevAllOutEpInterrupt
                0x000000000800e720       0x34 ./Drivers/STM32F4xx_HAL_Driver/Src/stm32f4xx_ll_usb.o
                0x000000000800e720                USB_ReadDevAllOutEpInterrupt
 .text.USB_ReadDevAllInEpInterrupt
                0x000000000800e754       0x34 ./Drivers/STM32F4xx_HAL_Driver/Src/stm32f4xx_ll_usb.o
                0x000000000800e754                USB_ReadDevAllInEpInterrupt
 .text.USB_ReadDevOutEPInterrupt
                0x000000000800e788       0x3c ./Drivers/STM32F4xx_HAL_Driver/Src/stm32f4xx_ll_usb.o
                0x000000000800e788                USB_ReadDevOutEPInterrupt
 .text.USB_ReadDevInEPInterrupt
                0x000000000800e7c4       0x5c ./Drivers/STM32F4xx_HAL_Driver/Src/stm32f4xx_ll_usb.o
                0x000000000800e7c4                USB_ReadDevInEPInterrupt
 .text.USB_GetMode
                0x000000000800e820       0x1c ./Drivers/STM32F4xx_HAL_Driver/Src/stm32f4xx_ll_usb.o
                0x000000000800e820                USB_GetMode
 .text.USB_ActivateSetup
                0x000000000800e83c       0x46 ./Drivers/STM32F4xx_HAL_Driver/Src/stm32f4xx_ll_usb.o
                0x000000000800e83c                USB_ActivateSetup
 *fill*         0x000000000800e882        0x2 
 .text.USB_EP0_OutStart
                0x000000000800e884       0xbc ./Drivers/STM32F4xx_HAL_Driver/Src/stm32f4xx_ll_usb.o
                0x000000000800e884                USB_EP0_OutStart
 .text.USB_CoreReset
                0x000000000800e940       0x64 ./Drivers/STM32F4xx_HAL_Driver/Src/stm32f4xx_ll_usb.o
 .text.USBD_CDC_Init
                0x000000000800e9a4       0xfe ./Middlewares/ST/STM32_USB_Device_Library/Class/CDC/Src/usbd_cdc.o
 .text.USBD_CDC_DeInit
                0x000000000800eaa2       0x74 ./Middlewares/ST/STM32_USB_Device_Library/Class/CDC/Src/usbd_cdc.o
 *fill*         0x000000000800eb16        0x2 
 .text.USBD_CDC_Setup
                0x000000000800eb18      0x190 ./Middlewares/ST/STM32_USB_Device_Library/Class/CDC/Src/usbd_cdc.o
 .text.USBD_CDC_DataIn
                0x000000000800eca8       0xca ./Middlewares/ST/STM32_USB_Device_Library/Class/CDC/Src/usbd_cdc.o
 .text.USBD_CDC_DataOut
                0x000000000800ed72       0x56 ./Middlewares/ST/STM32_USB_Device_Library/Class/CDC/Src/usbd_cdc.o
 .text.USBD_CDC_EP0_RxReady
                0x000000000800edc8       0x5a ./Middlewares/ST/STM32_USB_Device_Library/Class/CDC/Src/usbd_cdc.o
 *fill*         0x000000000800ee22        0x2 
 .text.USBD_CDC_GetFSCfgDesc
                0x000000000800ee24       0x20 ./Middlewares/ST/STM32_USB_Device_Library/Class/CDC/Src/usbd_cdc.o
 .text.USBD_CDC_GetHSCfgDesc
                0x000000000800ee44       0x20 ./Middlewares/ST/STM32_USB_Device_Library/Class/CDC/Src/usbd_cdc.o
 .text.USBD_CDC_GetOtherSpeedCfgDesc
                0x000000000800ee64       0x20 ./Middlewares/ST/STM32_USB_Device_Library/Class/CDC/Src/usbd_cdc.o
 .text.USBD_CDC_GetDeviceQualifierDescriptor
                0x000000000800ee84       0x20 ./Middlewares/ST/STM32_USB_Device_Library/Class/CDC/Src/usbd_cdc.o
                0x000000000800ee84                USBD_CDC_GetDeviceQualifierDescriptor
 .text.USBD_CDC_RegisterInterface
                0x000000000800eea4       0x2a ./Middlewares/ST/STM32_USB_Device_Library/Class/CDC/Src/usbd_cdc.o
                0x000000000800eea4                USBD_CDC_RegisterInterface
 .text.USBD_CDC_SetTxBuffer
                0x000000000800eece       0x3c ./Middlewares/ST/STM32_USB_Device_Library/Class/CDC/Src/usbd_cdc.o
                0x000000000800eece                USBD_CDC_SetTxBuffer
 .text.USBD_CDC_SetRxBuffer
                0x000000000800ef0a       0x32 ./Middlewares/ST/STM32_USB_Device_Library/Class/CDC/Src/usbd_cdc.o
                0x000000000800ef0a                USBD_CDC_SetRxBuffer
 .text.USBD_CDC_ReceivePacket
                0x000000000800ef3c       0x54 ./Middlewares/ST/STM32_USB_Device_Library/Class/CDC/Src/usbd_cdc.o
                0x000000000800ef3c                USBD_CDC_ReceivePacket
 .text.USBD_Init
                0x000000000800ef90       0x60 ./Middlewares/ST/STM32_USB_Device_Library/Core/Src/usbd_core.o
                0x000000000800ef90                USBD_Init
 .text.USBD_RegisterClass
                0x000000000800eff0       0x4e ./Middlewares/ST/STM32_USB_Device_Library/Core/Src/usbd_core.o
                0x000000000800eff0                USBD_RegisterClass
 .text.USBD_Start
                0x000000000800f03e       0x18 ./Middlewares/ST/STM32_USB_Device_Library/Core/Src/usbd_core.o
                0x000000000800f03e                USBD_Start
 .text.USBD_RunTestMode
                0x000000000800f056       0x16 ./Middlewares/ST/STM32_USB_Device_Library/Core/Src/usbd_core.o
                0x000000000800f056                USBD_RunTestMode
 .text.USBD_SetClassConfig
                0x000000000800f06c       0x38 ./Middlewares/ST/STM32_USB_Device_Library/Core/Src/usbd_core.o
                0x000000000800f06c                USBD_SetClassConfig
 .text.USBD_ClrClassConfig
                0x000000000800f0a4       0x30 ./Middlewares/ST/STM32_USB_Device_Library/Core/Src/usbd_core.o
                0x000000000800f0a4                USBD_ClrClassConfig
 .text.USBD_LL_SetupStage
                0x000000000800f0d4       0xaa ./Middlewares/ST/STM32_USB_Device_Library/Core/Src/usbd_core.o
                0x000000000800f0d4                USBD_LL_SetupStage
 .text.USBD_LL_DataOutStage
                0x000000000800f17e       0xc6 ./Middlewares/ST/STM32_USB_Device_Library/Core/Src/usbd_core.o
                0x000000000800f17e                USBD_LL_DataOutStage
 .text.USBD_LL_DataInStage
                0x000000000800f244      0x12c ./Middlewares/ST/STM32_USB_Device_Library/Core/Src/usbd_core.o
                0x000000000800f244                USBD_LL_DataInStage
 .text.USBD_LL_Reset
                0x000000000800f370       0x9c ./Middlewares/ST/STM32_USB_Device_Library/Core/Src/usbd_core.o
                0x000000000800f370                USBD_LL_Reset
 .text.USBD_LL_SetSpeed
                0x000000000800f40c       0x20 ./Middlewares/ST/STM32_USB_Device_Library/Core/Src/usbd_core.o
                0x000000000800f40c                USBD_LL_SetSpeed
 .text.USBD_LL_Suspend
                0x000000000800f42c       0x2c ./Middlewares/ST/STM32_USB_Device_Library/Core/Src/usbd_core.o
                0x000000000800f42c                USBD_LL_Suspend
 .text.USBD_LL_Resume
                0x000000000800f458       0x30 ./Middlewares/ST/STM32_USB_Device_Library/Core/Src/usbd_core.o
                0x000000000800f458                USBD_LL_Resume
 .text.USBD_LL_SOF
                0x000000000800f488       0x44 ./Middlewares/ST/STM32_USB_Device_Library/Core/Src/usbd_core.o
                0x000000000800f488                USBD_LL_SOF
 .text.USBD_LL_IsoINIncomplete
                0x000000000800f4cc       0x4c ./Middlewares/ST/STM32_USB_Device_Library/Core/Src/usbd_core.o
                0x000000000800f4cc                USBD_LL_IsoINIncomplete
 .text.USBD_LL_IsoOUTIncomplete
                0x000000000800f518       0x4c ./Middlewares/ST/STM32_USB_Device_Library/Core/Src/usbd_core.o
                0x000000000800f518                USBD_LL_IsoOUTIncomplete
 .text.USBD_LL_DevConnected
                0x000000000800f564       0x16 ./Middlewares/ST/STM32_USB_Device_Library/Core/Src/usbd_core.o
                0x000000000800f564                USBD_LL_DevConnected
 .text.USBD_LL_DevDisconnected
                0x000000000800f57a       0x38 ./Middlewares/ST/STM32_USB_Device_Library/Core/Src/usbd_core.o
                0x000000000800f57a                USBD_LL_DevDisconnected
 .text.SWAPBYTE
                0x000000000800f5b2       0x3c ./Middlewares/ST/STM32_USB_Device_Library/Core/Src/usbd_ctlreq.o
 *fill*         0x000000000800f5ee        0x2 
 .text.USBD_StdDevReq
                0x000000000800f5f0       0xdc ./Middlewares/ST/STM32_USB_Device_Library/Core/Src/usbd_ctlreq.o
                0x000000000800f5f0                USBD_StdDevReq
 .text.USBD_StdItfReq
                0x000000000800f6cc       0x92 ./Middlewares/ST/STM32_USB_Device_Library/Core/Src/usbd_ctlreq.o
                0x000000000800f6cc                USBD_StdItfReq
 .text.USBD_StdEPReq
                0x000000000800f75e      0x2c4 ./Middlewares/ST/STM32_USB_Device_Library/Core/Src/usbd_ctlreq.o
                0x000000000800f75e                USBD_StdEPReq
 *fill*         0x000000000800fa22        0x2 
 .text.USBD_GetDescriptor
                0x000000000800fa24      0x2d4 ./Middlewares/ST/STM32_USB_Device_Library/Core/Src/usbd_ctlreq.o
 .text.USBD_SetAddress
                0x000000000800fcf8       0x88 ./Middlewares/ST/STM32_USB_Device_Library/Core/Src/usbd_ctlreq.o
 .text.USBD_SetConfig
                0x000000000800fd80      0x14c ./Middlewares/ST/STM32_USB_Device_Library/Core/Src/usbd_ctlreq.o
 .text.USBD_GetConfig
                0x000000000800fecc       0x6c ./Middlewares/ST/STM32_USB_Device_Library/Core/Src/usbd_ctlreq.o
 .text.USBD_GetStatus
                0x000000000800ff38       0x68 ./Middlewares/ST/STM32_USB_Device_Library/Core/Src/usbd_ctlreq.o
 .text.USBD_SetFeature
                0x000000000800ffa0       0x28 ./Middlewares/ST/STM32_USB_Device_Library/Core/Src/usbd_ctlreq.o
 .text.USBD_ClrFeature
                0x000000000800ffc8       0x44 ./Middlewares/ST/STM32_USB_Device_Library/Core/Src/usbd_ctlreq.o
 .text.USBD_ParseSetupRequest
                0x000000000801000c       0x74 ./Middlewares/ST/STM32_USB_Device_Library/Core/Src/usbd_ctlreq.o
                0x000000000801000c                USBD_ParseSetupRequest
 .text.USBD_CtlError
                0x0000000008010080       0x22 ./Middlewares/ST/STM32_USB_Device_Library/Core/Src/usbd_ctlreq.o
                0x0000000008010080                USBD_CtlError
 .text.USBD_GetString
                0x00000000080100a2       0x8c ./Middlewares/ST/STM32_USB_Device_Library/Core/Src/usbd_ctlreq.o
                0x00000000080100a2                USBD_GetString
 .text.USBD_GetLen
                0x000000000801012e       0x34 ./Middlewares/ST/STM32_USB_Device_Library/Core/Src/usbd_ctlreq.o
 .text.USBD_CtlSendData
                0x0000000008010162       0x36 ./Middlewares/ST/STM32_USB_Device_Library/Core/Src/usbd_ioreq.o
                0x0000000008010162                USBD_CtlSendData
 .text.USBD_CtlContinueSendData
                0x0000000008010198       0x22 ./Middlewares/ST/STM32_USB_Device_Library/Core/Src/usbd_ioreq.o
                0x0000000008010198                USBD_CtlContinueSendData
 .text.USBD_CtlPrepareRx
                0x00000000080101ba       0x3a ./Middlewares/ST/STM32_USB_Device_Library/Core/Src/usbd_ioreq.o
                0x00000000080101ba                USBD_CtlPrepareRx
 .text.USBD_CtlContinueRx
                0x00000000080101f4       0x22 ./Middlewares/ST/STM32_USB_Device_Library/Core/Src/usbd_ioreq.o
                0x00000000080101f4                USBD_CtlContinueRx
 .text.USBD_CtlSendStatus
                0x0000000008010216       0x26 ./Middlewares/ST/STM32_USB_Device_Library/Core/Src/usbd_ioreq.o
                0x0000000008010216                USBD_CtlSendStatus
 .text.USBD_CtlReceiveStatus
                0x000000000801023c       0x26 ./Middlewares/ST/STM32_USB_Device_Library/Core/Src/usbd_ioreq.o
                0x000000000801023c                USBD_CtlReceiveStatus
 *fill*         0x0000000008010262        0x2 
 .text.MX_USB_DEVICE_Init
                0x0000000008010264       0x60 ./USB_DEVICE/App/usb_device.o
                0x0000000008010264                MX_USB_DEVICE_Init
 .text.CDC_Init_FS
                0x00000000080102c4       0x28 ./USB_DEVICE/App/usbd_cdc_if.o
 .text.CDC_DeInit_FS
                0x00000000080102ec       0x10 ./USB_DEVICE/App/usbd_cdc_if.o
 .text.CDC_Control_FS
                0x00000000080102fc       0xbc ./USB_DEVICE/App/usbd_cdc_if.o
 .text.CDC_Receive_FS
                0x00000000080103b8       0x28 ./USB_DEVICE/App/usbd_cdc_if.o
 .text.CDC_TransmitCplt_FS
                0x00000000080103e0       0x22 ./USB_DEVICE/App/usbd_cdc_if.o
 *fill*         0x0000000008010402        0x2 
 .text.USBD_FS_DeviceDescriptor
                0x0000000008010404       0x24 ./USB_DEVICE/App/usbd_desc.o
                0x0000000008010404                USBD_FS_DeviceDescriptor
 .text.USBD_FS_LangIDStrDescriptor
                0x0000000008010428       0x24 ./USB_DEVICE/App/usbd_desc.o
                0x0000000008010428                USBD_FS_LangIDStrDescriptor
 .text.USBD_FS_ProductStrDescriptor
                0x000000000801044c       0x3c ./USB_DEVICE/App/usbd_desc.o
                0x000000000801044c                USBD_FS_ProductStrDescriptor
 .text.USBD_FS_ManufacturerStrDescriptor
                0x0000000008010488       0x28 ./USB_DEVICE/App/usbd_desc.o
                0x0000000008010488                USBD_FS_ManufacturerStrDescriptor
 .text.USBD_FS_SerialStrDescriptor
                0x00000000080104b0       0x24 ./USB_DEVICE/App/usbd_desc.o
                0x00000000080104b0                USBD_FS_SerialStrDescriptor
 .text.USBD_FS_ConfigStrDescriptor
                0x00000000080104d4       0x3c ./USB_DEVICE/App/usbd_desc.o
                0x00000000080104d4                USBD_FS_ConfigStrDescriptor
 .text.USBD_FS_InterfaceStrDescriptor
                0x0000000008010510       0x3c ./USB_DEVICE/App/usbd_desc.o
                0x0000000008010510                USBD_FS_InterfaceStrDescriptor
 .text.Get_SerialNum
                0x000000000801054c       0x58 ./USB_DEVICE/App/usbd_desc.o
 .text.IntToUnicode
                0x00000000080105a4       0x7e ./USB_DEVICE/App/usbd_desc.o
 *fill*         0x0000000008010622        0x2 
 .text.HAL_PCD_MspInit
                0x0000000008010624       0xa8 ./USB_DEVICE/Target/usbd_conf.o
                0x0000000008010624                HAL_PCD_MspInit
 .text.HAL_PCD_SetupStageCallback
                0x00000000080106cc       0x24 ./USB_DEVICE/Target/usbd_conf.o
                0x00000000080106cc                HAL_PCD_SetupStageCallback
 .text.HAL_PCD_DataOutStageCallback
                0x00000000080106f0       0x36 ./USB_DEVICE/Target/usbd_conf.o
                0x00000000080106f0                HAL_PCD_DataOutStageCallback
 .text.HAL_PCD_DataInStageCallback
                0x0000000008010726       0x34 ./USB_DEVICE/Target/usbd_conf.o
                0x0000000008010726                HAL_PCD_DataInStageCallback
 .text.HAL_PCD_SOFCallback
                0x000000000801075a       0x1c ./USB_DEVICE/Target/usbd_conf.o
                0x000000000801075a                HAL_PCD_SOFCallback
 .text.HAL_PCD_ResetCallback
                0x0000000008010776       0x50 ./USB_DEVICE/Target/usbd_conf.o
                0x0000000008010776                HAL_PCD_ResetCallback
 *fill*         0x00000000080107c6        0x2 
 .text.HAL_PCD_SuspendCallback
                0x00000000080107c8       0x4c ./USB_DEVICE/Target/usbd_conf.o
                0x00000000080107c8                HAL_PCD_SuspendCallback
 .text.HAL_PCD_ResumeCallback
                0x0000000008010814       0x1c ./USB_DEVICE/Target/usbd_conf.o
                0x0000000008010814                HAL_PCD_ResumeCallback
 .text.HAL_PCD_ISOOUTIncompleteCallback
                0x0000000008010830       0x24 ./USB_DEVICE/Target/usbd_conf.o
                0x0000000008010830                HAL_PCD_ISOOUTIncompleteCallback
 .text.HAL_PCD_ISOINIncompleteCallback
                0x0000000008010854       0x24 ./USB_DEVICE/Target/usbd_conf.o
                0x0000000008010854                HAL_PCD_ISOINIncompleteCallback
 .text.HAL_PCD_ConnectCallback
                0x0000000008010878       0x1c ./USB_DEVICE/Target/usbd_conf.o
                0x0000000008010878                HAL_PCD_ConnectCallback
 .text.HAL_PCD_DisconnectCallback
                0x0000000008010894       0x1c ./USB_DEVICE/Target/usbd_conf.o
                0x0000000008010894                HAL_PCD_DisconnectCallback
 .text.USBD_LL_Init
                0x00000000080108b0       0x98 ./USB_DEVICE/Target/usbd_conf.o
                0x00000000080108b0                USBD_LL_Init
 .text.USBD_LL_Start
                0x0000000008010948       0x36 ./USB_DEVICE/Target/usbd_conf.o
                0x0000000008010948                USBD_LL_Start
 .text.USBD_LL_OpenEP
                0x000000000801097e       0x4c ./USB_DEVICE/Target/usbd_conf.o
                0x000000000801097e                USBD_LL_OpenEP
 .text.USBD_LL_CloseEP
                0x00000000080109ca       0x3e ./USB_DEVICE/Target/usbd_conf.o
                0x00000000080109ca                USBD_LL_CloseEP
 .text.USBD_LL_StallEP
                0x0000000008010a08       0x3e ./USB_DEVICE/Target/usbd_conf.o
                0x0000000008010a08                USBD_LL_StallEP
 .text.USBD_LL_ClearStallEP
                0x0000000008010a46       0x3e ./USB_DEVICE/Target/usbd_conf.o
                0x0000000008010a46                USBD_LL_ClearStallEP
 .text.USBD_LL_IsStallEP
                0x0000000008010a84       0x58 ./USB_DEVICE/Target/usbd_conf.o
                0x0000000008010a84                USBD_LL_IsStallEP
 .text.USBD_LL_SetUSBAddress
                0x0000000008010adc       0x3e ./USB_DEVICE/Target/usbd_conf.o
                0x0000000008010adc                USBD_LL_SetUSBAddress
 .text.USBD_LL_Transmit
                0x0000000008010b1a       0x42 ./USB_DEVICE/Target/usbd_conf.o
                0x0000000008010b1a                USBD_LL_Transmit
 .text.USBD_LL_PrepareReceive
                0x0000000008010b5c       0x42 ./USB_DEVICE/Target/usbd_conf.o
                0x0000000008010b5c                USBD_LL_PrepareReceive
 .text.USBD_LL_GetRxDataSize
                0x0000000008010b9e       0x26 ./USB_DEVICE/Target/usbd_conf.o
                0x0000000008010b9e                USBD_LL_GetRxDataSize
 .text.USBD_static_malloc
                0x0000000008010bc4       0x1c ./USB_DEVICE/Target/usbd_conf.o
                0x0000000008010bc4                USBD_static_malloc
 .text.USBD_static_free
                0x0000000008010be0       0x14 ./USB_DEVICE/Target/usbd_conf.o
                0x0000000008010be0                USBD_static_free
 .text.USBD_Get_USB_Status
                0x0000000008010bf4       0x58 ./USB_DEVICE/Target/usbd_conf.o
                0x0000000008010bf4                USBD_Get_USB_Status
 .text.__assert_func
                0x0000000008010c4c       0x3c d:/stm32cubeide_1.7.0/stm32cubeide/plugins/com.st.stm32cube.ide.mcu.externaltools.gnu-tools-for-stm32.9-2020-q2-update.win32_2.0.0.202105311346/tools/bin/../lib/gcc/arm-none-eabi/9.3.1/../../../../arm-none-eabi/lib/thumb/v7e-m+fp/hard\libc_nano.a(lib_a-assert.o)
                0x0000000008010c4c                __assert_func
 .text.__errno  0x0000000008010c88        0xc d:/stm32cubeide_1.7.0/stm32cubeide/plugins/com.st.stm32cube.ide.mcu.externaltools.gnu-tools-for-stm32.9-2020-q2-update.win32_2.0.0.202105311346/tools/bin/../lib/gcc/arm-none-eabi/9.3.1/../../../../arm-none-eabi/lib/thumb/v7e-m+fp/hard\libc_nano.a(lib_a-errno.o)
                0x0000000008010c88                __errno
 .text.fprintf  0x0000000008010c94       0x24 d:/stm32cubeide_1.7.0/stm32cubeide/plugins/com.st.stm32cube.ide.mcu.externaltools.gnu-tools-for-stm32.9-2020-q2-update.win32_2.0.0.202105311346/tools/bin/../lib/gcc/arm-none-eabi/9.3.1/../../../../arm-none-eabi/lib/thumb/v7e-m+fp/hard\libc_nano.a(lib_a-fprintf.o)
                0x0000000008010c94                fiprintf
                0x0000000008010c94                fprintf
 .text.__libc_init_array
                0x0000000008010cb8       0x48 d:/stm32cubeide_1.7.0/stm32cubeide/plugins/com.st.stm32cube.ide.mcu.externaltools.gnu-tools-for-stm32.9-2020-q2-update.win32_2.0.0.202105311346/tools/bin/../lib/gcc/arm-none-eabi/9.3.1/../../../../arm-none-eabi/lib/thumb/v7e-m+fp/hard\libc_nano.a(lib_a-init.o)
                0x0000000008010cb8                __libc_init_array
 .text.malloc   0x0000000008010d00       0x10 d:/stm32cubeide_1.7.0/stm32cubeide/plugins/com.st.stm32cube.ide.mcu.externaltools.gnu-tools-for-stm32.9-2020-q2-update.win32_2.0.0.202105311346/tools/bin/../lib/gcc/arm-none-eabi/9.3.1/../../../../arm-none-eabi/lib/thumb/v7e-m+fp/hard\libc_nano.a(lib_a-malloc.o)
                0x0000000008010d00                malloc
 .text.free     0x0000000008010d10       0x10 d:/stm32cubeide_1.7.0/stm32cubeide/plugins/com.st.stm32cube.ide.mcu.externaltools.gnu-tools-for-stm32.9-2020-q2-update.win32_2.0.0.202105311346/tools/bin/../lib/gcc/arm-none-eabi/9.3.1/../../../../arm-none-eabi/lib/thumb/v7e-m+fp/hard\libc_nano.a(lib_a-malloc.o)
                0x0000000008010d10                free
 .text.memcmp   0x0000000008010d20       0x1c d:/stm32cubeide_1.7.0/stm32cubeide/plugins/com.st.stm32cube.ide.mcu.externaltools.gnu-tools-for-stm32.9-2020-q2-update.win32_2.0.0.202105311346/tools/bin/../lib/gcc/arm-none-eabi/9.3.1/../../../../arm-none-eabi/lib/thumb/v7e-m+fp/hard\libc_nano.a(lib_a-memcmp.o)
                0x0000000008010d20                memcmp
 .text.memcpy   0x0000000008010d3c       0x1c d:/stm32cubeide_1.7.0/stm32cubeide/plugins/com.st.stm32cube.ide.mcu.externaltools.gnu-tools-for-stm32.9-2020-q2-update.win32_2.0.0.202105311346/tools/bin/../lib/gcc/arm-none-eabi/9.3.1/../../../../arm-none-eabi/lib/thumb/v7e-m+fp/hard\libc_nano.a(lib_a-memcpy-stub.o)
                0x0000000008010d3c                memcpy
 .text.memset   0x0000000008010d58       0x10 d:/stm32cubeide_1.7.0/stm32cubeide/plugins/com.st.stm32cube.ide.mcu.externaltools.gnu-tools-for-stm32.9-2020-q2-update.win32_2.0.0.202105311346/tools/bin/../lib/gcc/arm-none-eabi/9.3.1/../../../../arm-none-eabi/lib/thumb/v7e-m+fp/hard\libc_nano.a(lib_a-memset.o)
                0x0000000008010d58                memset
 .text._free_r  0x0000000008010d68       0xa0 d:/stm32cubeide_1.7.0/stm32cubeide/plugins/com.st.stm32cube.ide.mcu.externaltools.gnu-tools-for-stm32.9-2020-q2-update.win32_2.0.0.202105311346/tools/bin/../lib/gcc/arm-none-eabi/9.3.1/../../../../arm-none-eabi/lib/thumb/v7e-m+fp/hard\libc_nano.a(lib_a-nano-freer.o)
                0x0000000008010d68                _free_r
 .text._malloc_r
                0x0000000008010e08       0xb4 d:/stm32cubeide_1.7.0/stm32cubeide/plugins/com.st.stm32cube.ide.mcu.externaltools.gnu-tools-for-stm32.9-2020-q2-update.win32_2.0.0.202105311346/tools/bin/../lib/gcc/arm-none-eabi/9.3.1/../../../../arm-none-eabi/lib/thumb/v7e-m+fp/hard\libc_nano.a(lib_a-nano-mallocr.o)
                0x0000000008010e08                _malloc_r
 .text.__sfputc_r
                0x0000000008010ebc       0x2e d:/stm32cubeide_1.7.0/stm32cubeide/plugins/com.st.stm32cube.ide.mcu.externaltools.gnu-tools-for-stm32.9-2020-q2-update.win32_2.0.0.202105311346/tools/bin/../lib/gcc/arm-none-eabi/9.3.1/../../../../arm-none-eabi/lib/thumb/v7e-m+fp/hard\libc_nano.a(lib_a-nano-vfprintf.o)
 .text.__sfputs_r
                0x0000000008010eea       0x24 d:/stm32cubeide_1.7.0/stm32cubeide/plugins/com.st.stm32cube.ide.mcu.externaltools.gnu-tools-for-stm32.9-2020-q2-update.win32_2.0.0.202105311346/tools/bin/../lib/gcc/arm-none-eabi/9.3.1/../../../../arm-none-eabi/lib/thumb/v7e-m+fp/hard\libc_nano.a(lib_a-nano-vfprintf.o)
                0x0000000008010eea                __sfputs_r
 *fill*         0x0000000008010f0e        0x2 
 .text._vfprintf_r
                0x0000000008010f10      0x260 d:/stm32cubeide_1.7.0/stm32cubeide/plugins/com.st.stm32cube.ide.mcu.externaltools.gnu-tools-for-stm32.9-2020-q2-update.win32_2.0.0.202105311346/tools/bin/../lib/gcc/arm-none-eabi/9.3.1/../../../../arm-none-eabi/lib/thumb/v7e-m+fp/hard\libc_nano.a(lib_a-nano-vfprintf.o)
                0x0000000008010f10                _vfprintf_r
                0x0000000008010f10                _vfiprintf_r
 .text._printf_common
                0x0000000008011170       0xda d:/stm32cubeide_1.7.0/stm32cubeide/plugins/com.st.stm32cube.ide.mcu.externaltools.gnu-tools-for-stm32.9-2020-q2-update.win32_2.0.0.202105311346/tools/bin/../lib/gcc/arm-none-eabi/9.3.1/../../../../arm-none-eabi/lib/thumb/v7e-m+fp/hard\libc_nano.a(lib_a-nano-vfprintf_i.o)
                0x0000000008011170                _printf_common
 *fill*         0x000000000801124a        0x2 
 .text._printf_i
                0x000000000801124c      0x24c d:/stm32cubeide_1.7.0/stm32cubeide/plugins/com.st.stm32cube.ide.mcu.externaltools.gnu-tools-for-stm32.9-2020-q2-update.win32_2.0.0.202105311346/tools/bin/../lib/gcc/arm-none-eabi/9.3.1/../../../../arm-none-eabi/lib/thumb/v7e-m+fp/hard\libc_nano.a(lib_a-nano-vfprintf_i.o)
                0x000000000801124c                _printf_i
 .text.printf   0x0000000008011498       0x30 d:/stm32cubeide_1.7.0/stm32cubeide/plugins/com.st.stm32cube.ide.mcu.externaltools.gnu-tools-for-stm32.9-2020-q2-update.win32_2.0.0.202105311346/tools/bin/../lib/gcc/arm-none-eabi/9.3.1/../../../../arm-none-eabi/lib/thumb/v7e-m+fp/hard\libc_nano.a(lib_a-printf.o)
                0x0000000008011498                iprintf
                0x0000000008011498                printf
 .text._puts_r  0x00000000080114c8       0xdc d:/stm32cubeide_1.7.0/stm32cubeide/plugins/com.st.stm32cube.ide.mcu.externaltools.gnu-tools-for-stm32.9-2020-q2-update.win32_2.0.0.202105311346/tools/bin/../lib/gcc/arm-none-eabi/9.3.1/../../../../arm-none-eabi/lib/thumb/v7e-m+fp/hard\libc_nano.a(lib_a-puts.o)
                0x00000000080114c8                _puts_r
 .text.puts     0x00000000080115a4       0x10 d:/stm32cubeide_1.7.0/stm32cubeide/plugins/com.st.stm32cube.ide.mcu.externaltools.gnu-tools-for-stm32.9-2020-q2-update.win32_2.0.0.202105311346/tools/bin/../lib/gcc/arm-none-eabi/9.3.1/../../../../arm-none-eabi/lib/thumb/v7e-m+fp/hard\libc_nano.a(lib_a-puts.o)
                0x00000000080115a4                puts
 .text._sbrk_r  0x00000000080115b4       0x20 d:/stm32cubeide_1.7.0/stm32cubeide/plugins/com.st.stm32cube.ide.mcu.externaltools.gnu-tools-for-stm32.9-2020-q2-update.win32_2.0.0.202105311346/tools/bin/../lib/gcc/arm-none-eabi/9.3.1/../../../../arm-none-eabi/lib/thumb/v7e-m+fp/hard\libc_nano.a(lib_a-sbrkr.o)
                0x00000000080115b4                _sbrk_r
 .text.snprintf
                0x00000000080115d4       0x68 d:/stm32cubeide_1.7.0/stm32cubeide/plugins/com.st.stm32cube.ide.mcu.externaltools.gnu-tools-for-stm32.9-2020-q2-update.win32_2.0.0.202105311346/tools/bin/../lib/gcc/arm-none-eabi/9.3.1/../../../../arm-none-eabi/lib/thumb/v7e-m+fp/hard\libc_nano.a(lib_a-snprintf.o)
                0x00000000080115d4                sniprintf
                0x00000000080115d4                snprintf
 .text.sprintf  0x000000000801163c       0x40 d:/stm32cubeide_1.7.0/stm32cubeide/plugins/com.st.stm32cube.ide.mcu.externaltools.gnu-tools-for-stm32.9-2020-q2-update.win32_2.0.0.202105311346/tools/bin/../lib/gcc/arm-none-eabi/9.3.1/../../../../arm-none-eabi/lib/thumb/v7e-m+fp/hard\libc_nano.a(lib_a-sprintf.o)
                0x000000000801163c                siprintf
                0x000000000801163c                sprintf
 .text.strchr   0x000000000801167c       0x1a d:/stm32cubeide_1.7.0/stm32cubeide/plugins/com.st.stm32cube.ide.mcu.externaltools.gnu-tools-for-stm32.9-2020-q2-update.win32_2.0.0.202105311346/tools/bin/../lib/gcc/arm-none-eabi/9.3.1/../../../../arm-none-eabi/lib/thumb/v7e-m+fp/hard\libc_nano.a(lib_a-strchr.o)
                0x000000000801167c                strchr
 .text.strcspn  0x0000000008011696       0x22 d:/stm32cubeide_1.7.0/stm32cubeide/plugins/com.st.stm32cube.ide.mcu.externaltools.gnu-tools-for-stm32.9-2020-q2-update.win32_2.0.0.202105311346/tools/bin/../lib/gcc/arm-none-eabi/9.3.1/../../../../arm-none-eabi/lib/thumb/v7e-m+fp/hard\libc_nano.a(lib_a-strcspn.o)
                0x0000000008011696                strcspn
 .text.strspn   0x00000000080116b8       0x20 d:/stm32cubeide_1.7.0/stm32cubeide/plugins/com.st.stm32cube.ide.mcu.externaltools.gnu-tools-for-stm32.9-2020-q2-update.win32_2.0.0.202105311346/tools/bin/../lib/gcc/arm-none-eabi/9.3.1/../../../../arm-none-eabi/lib/thumb/v7e-m+fp/hard\libc_nano.a(lib_a-strspn.o)
                0x00000000080116b8                strspn
 .text.__swbuf_r
                0x00000000080116d8       0xa4 d:/stm32cubeide_1.7.0/stm32cubeide/plugins/com.st.stm32cube.ide.mcu.externaltools.gnu-tools-for-stm32.9-2020-q2-update.win32_2.0.0.202105311346/tools/bin/../lib/gcc/arm-none-eabi/9.3.1/../../../../arm-none-eabi/lib/thumb/v7e-m+fp/hard\libc_nano.a(lib_a-wbuf.o)
                0x00000000080116d8                __swbuf_r
 .text.__swsetup_r
                0x000000000801177c       0xdc d:/stm32cubeide_1.7.0/stm32cubeide/plugins/com.st.stm32cube.ide.mcu.externaltools.gnu-tools-for-stm32.9-2020-q2-update.win32_2.0.0.202105311346/tools/bin/../lib/gcc/arm-none-eabi/9.3.1/../../../../arm-none-eabi/lib/thumb/v7e-m+fp/hard\libc_nano.a(lib_a-wsetup.o)
                0x000000000801177c                __swsetup_r
 .text.abort    0x0000000008011858        0xe d:/stm32cubeide_1.7.0/stm32cubeide/plugins/com.st.stm32cube.ide.mcu.externaltools.gnu-tools-for-stm32.9-2020-q2-update.win32_2.0.0.202105311346/tools/bin/../lib/gcc/arm-none-eabi/9.3.1/../../../../arm-none-eabi/lib/thumb/v7e-m+fp/hard\libc_nano.a(lib_a-abort.o)
                0x0000000008011858                abort
 *fill*         0x0000000008011866        0x2 
 .text.__sflush_r
                0x0000000008011868      0x10c d:/stm32cubeide_1.7.0/stm32cubeide/plugins/com.st.stm32cube.ide.mcu.externaltools.gnu-tools-for-stm32.9-2020-q2-update.win32_2.0.0.202105311346/tools/bin/../lib/gcc/arm-none-eabi/9.3.1/../../../../arm-none-eabi/lib/thumb/v7e-m+fp/hard\libc_nano.a(lib_a-fflush.o)
                0x0000000008011868                __sflush_r
 .text._fflush_r
                0x0000000008011974       0x78 d:/stm32cubeide_1.7.0/stm32cubeide/plugins/com.st.stm32cube.ide.mcu.externaltools.gnu-tools-for-stm32.9-2020-q2-update.win32_2.0.0.202105311346/tools/bin/../lib/gcc/arm-none-eabi/9.3.1/../../../../arm-none-eabi/lib/thumb/v7e-m+fp/hard\libc_nano.a(lib_a-fflush.o)
                0x0000000008011974                _fflush_r
 .text.std      0x00000000080119ec       0x48 d:/stm32cubeide_1.7.0/stm32cubeide/plugins/com.st.stm32cube.ide.mcu.externaltools.gnu-tools-for-stm32.9-2020-q2-update.win32_2.0.0.202105311346/tools/bin/../lib/gcc/arm-none-eabi/9.3.1/../../../../arm-none-eabi/lib/thumb/v7e-m+fp/hard\libc_nano.a(lib_a-findfp.o)
 .text._cleanup_r
                0x0000000008011a34        0xc d:/stm32cubeide_1.7.0/stm32cubeide/plugins/com.st.stm32cube.ide.mcu.externaltools.gnu-tools-for-stm32.9-2020-q2-update.win32_2.0.0.202105311346/tools/bin/../lib/gcc/arm-none-eabi/9.3.1/../../../../arm-none-eabi/lib/thumb/v7e-m+fp/hard\libc_nano.a(lib_a-findfp.o)
                0x0000000008011a34                _cleanup_r
 .text.__sfmoreglue
                0x0000000008011a40       0x2c d:/stm32cubeide_1.7.0/stm32cubeide/plugins/com.st.stm32cube.ide.mcu.externaltools.gnu-tools-for-stm32.9-2020-q2-update.win32_2.0.0.202105311346/tools/bin/../lib/gcc/arm-none-eabi/9.3.1/../../../../arm-none-eabi/lib/thumb/v7e-m+fp/hard\libc_nano.a(lib_a-findfp.o)
                0x0000000008011a40                __sfmoreglue
 .text.__sfp_lock_acquire
                0x0000000008011a6c        0xc d:/stm32cubeide_1.7.0/stm32cubeide/plugins/com.st.stm32cube.ide.mcu.externaltools.gnu-tools-for-stm32.9-2020-q2-update.win32_2.0.0.202105311346/tools/bin/../lib/gcc/arm-none-eabi/9.3.1/../../../../arm-none-eabi/lib/thumb/v7e-m+fp/hard\libc_nano.a(lib_a-findfp.o)
                0x0000000008011a6c                __sfp_lock_acquire
 .text.__sfp_lock_release
                0x0000000008011a78        0xc d:/stm32cubeide_1.7.0/stm32cubeide/plugins/com.st.stm32cube.ide.mcu.externaltools.gnu-tools-for-stm32.9-2020-q2-update.win32_2.0.0.202105311346/tools/bin/../lib/gcc/arm-none-eabi/9.3.1/../../../../arm-none-eabi/lib/thumb/v7e-m+fp/hard\libc_nano.a(lib_a-findfp.o)
                0x0000000008011a78                __sfp_lock_release
 .text.__sinit_lock_acquire
                0x0000000008011a84        0xc d:/stm32cubeide_1.7.0/stm32cubeide/plugins/com.st.stm32cube.ide.mcu.externaltools.gnu-tools-for-stm32.9-2020-q2-update.win32_2.0.0.202105311346/tools/bin/../lib/gcc/arm-none-eabi/9.3.1/../../../../arm-none-eabi/lib/thumb/v7e-m+fp/hard\libc_nano.a(lib_a-findfp.o)
                0x0000000008011a84                __sinit_lock_acquire
 .text.__sinit_lock_release
                0x0000000008011a90        0xc d:/stm32cubeide_1.7.0/stm32cubeide/plugins/com.st.stm32cube.ide.mcu.externaltools.gnu-tools-for-stm32.9-2020-q2-update.win32_2.0.0.202105311346/tools/bin/../lib/gcc/arm-none-eabi/9.3.1/../../../../arm-none-eabi/lib/thumb/v7e-m+fp/hard\libc_nano.a(lib_a-findfp.o)
                0x0000000008011a90                __sinit_lock_release
 .text.__sinit  0x0000000008011a9c       0x70 d:/stm32cubeide_1.7.0/stm32cubeide/plugins/com.st.stm32cube.ide.mcu.externaltools.gnu-tools-for-stm32.9-2020-q2-update.win32_2.0.0.202105311346/tools/bin/../lib/gcc/arm-none-eabi/9.3.1/../../../../arm-none-eabi/lib/thumb/v7e-m+fp/hard\libc_nano.a(lib_a-findfp.o)
                0x0000000008011a9c                __sinit
 .text.__sfp    0x0000000008011b0c       0x8c d:/stm32cubeide_1.7.0/stm32cubeide/plugins/com.st.stm32cube.ide.mcu.externaltools.gnu-tools-for-stm32.9-2020-q2-update.win32_2.0.0.202105311346/tools/bin/../lib/gcc/arm-none-eabi/9.3.1/../../../../arm-none-eabi/lib/thumb/v7e-m+fp/hard\libc_nano.a(lib_a-findfp.o)
                0x0000000008011b0c                __sfp
 .text._fwalk_reent
                0x0000000008011b98       0x3e d:/stm32cubeide_1.7.0/stm32cubeide/plugins/com.st.stm32cube.ide.mcu.externaltools.gnu-tools-for-stm32.9-2020-q2-update.win32_2.0.0.202105311346/tools/bin/../lib/gcc/arm-none-eabi/9.3.1/../../../../arm-none-eabi/lib/thumb/v7e-m+fp/hard\libc_nano.a(lib_a-fwalk.o)
                0x0000000008011b98                _fwalk_reent
 .text.__retarget_lock_init_recursive
                0x0000000008011bd6        0x2 d:/stm32cubeide_1.7.0/stm32cubeide/plugins/com.st.stm32cube.ide.mcu.externaltools.gnu-tools-for-stm32.9-2020-q2-update.win32_2.0.0.202105311346/tools/bin/../lib/gcc/arm-none-eabi/9.3.1/../../../../arm-none-eabi/lib/thumb/v7e-m+fp/hard\libc_nano.a(lib_a-lock.o)
                0x0000000008011bd6                __retarget_lock_init_recursive
 .text.__retarget_lock_acquire_recursive
                0x0000000008011bd8        0x2 d:/stm32cubeide_1.7.0/stm32cubeide/plugins/com.st.stm32cube.ide.mcu.externaltools.gnu-tools-for-stm32.9-2020-q2-update.win32_2.0.0.202105311346/tools/bin/../lib/gcc/arm-none-eabi/9.3.1/../../../../arm-none-eabi/lib/thumb/v7e-m+fp/hard\libc_nano.a(lib_a-lock.o)
                0x0000000008011bd8                __retarget_lock_acquire_recursive
 .text.__retarget_lock_release_recursive
                0x0000000008011bda        0x2 d:/stm32cubeide_1.7.0/stm32cubeide/plugins/com.st.stm32cube.ide.mcu.externaltools.gnu-tools-for-stm32.9-2020-q2-update.win32_2.0.0.202105311346/tools/bin/../lib/gcc/arm-none-eabi/9.3.1/../../../../arm-none-eabi/lib/thumb/v7e-m+fp/hard\libc_nano.a(lib_a-lock.o)
                0x0000000008011bda                __retarget_lock_release_recursive
 .text.__swhatbuf_r
                0x0000000008011bdc       0x48 d:/stm32cubeide_1.7.0/stm32cubeide/plugins/com.st.stm32cube.ide.mcu.externaltools.gnu-tools-for-stm32.9-2020-q2-update.win32_2.0.0.202105311346/tools/bin/../lib/gcc/arm-none-eabi/9.3.1/../../../../arm-none-eabi/lib/thumb/v7e-m+fp/hard\libc_nano.a(lib_a-makebuf.o)
                0x0000000008011bdc                __swhatbuf_r
 .text.__smakebuf_r
                0x0000000008011c24       0x80 d:/stm32cubeide_1.7.0/stm32cubeide/plugins/com.st.stm32cube.ide.mcu.externaltools.gnu-tools-for-stm32.9-2020-q2-update.win32_2.0.0.202105311346/tools/bin/../lib/gcc/arm-none-eabi/9.3.1/../../../../arm-none-eabi/lib/thumb/v7e-m+fp/hard\libc_nano.a(lib_a-makebuf.o)
                0x0000000008011c24                __smakebuf_r
 .text.memmove  0x0000000008011ca4       0x34 d:/stm32cubeide_1.7.0/stm32cubeide/plugins/com.st.stm32cube.ide.mcu.externaltools.gnu-tools-for-stm32.9-2020-q2-update.win32_2.0.0.202105311346/tools/bin/../lib/gcc/arm-none-eabi/9.3.1/../../../../arm-none-eabi/lib/thumb/v7e-m+fp/hard\libc_nano.a(lib_a-memmove.o)
                0x0000000008011ca4                memmove
 .text.__malloc_lock
                0x0000000008011cd8        0xc d:/stm32cubeide_1.7.0/stm32cubeide/plugins/com.st.stm32cube.ide.mcu.externaltools.gnu-tools-for-stm32.9-2020-q2-update.win32_2.0.0.202105311346/tools/bin/../lib/gcc/arm-none-eabi/9.3.1/../../../../arm-none-eabi/lib/thumb/v7e-m+fp/hard\libc_nano.a(lib_a-mlock.o)
                0x0000000008011cd8                __malloc_lock
 .text.__malloc_unlock
                0x0000000008011ce4        0xc d:/stm32cubeide_1.7.0/stm32cubeide/plugins/com.st.stm32cube.ide.mcu.externaltools.gnu-tools-for-stm32.9-2020-q2-update.win32_2.0.0.202105311346/tools/bin/../lib/gcc/arm-none-eabi/9.3.1/../../../../arm-none-eabi/lib/thumb/v7e-m+fp/hard\libc_nano.a(lib_a-mlock.o)
                0x0000000008011ce4                __malloc_unlock
 .text._realloc_r
                0x0000000008011cf0       0x4c d:/stm32cubeide_1.7.0/stm32cubeide/plugins/com.st.stm32cube.ide.mcu.externaltools.gnu-tools-for-stm32.9-2020-q2-update.win32_2.0.0.202105311346/tools/bin/../lib/gcc/arm-none-eabi/9.3.1/../../../../arm-none-eabi/lib/thumb/v7e-m+fp/hard\libc_nano.a(lib_a-nano-reallocr.o)
                0x0000000008011cf0                _realloc_r
 .text.__ssputs_r
                0x0000000008011d3c       0xb6 d:/stm32cubeide_1.7.0/stm32cubeide/plugins/com.st.stm32cube.ide.mcu.externaltools.gnu-tools-for-stm32.9-2020-q2-update.win32_2.0.0.202105311346/tools/bin/../lib/gcc/arm-none-eabi/9.3.1/../../../../arm-none-eabi/lib/thumb/v7e-m+fp/hard\libc_nano.a(lib_a-nano-svfprintf.o)
                0x0000000008011d3c                __ssputs_r
 *fill*         0x0000000008011df2        0x2 
 .text._svfprintf_r
                0x0000000008011df4      0x200 d:/stm32cubeide_1.7.0/stm32cubeide/plugins/com.st.stm32cube.ide.mcu.externaltools.gnu-tools-for-stm32.9-2020-q2-update.win32_2.0.0.202105311346/tools/bin/../lib/gcc/arm-none-eabi/9.3.1/../../../../arm-none-eabi/lib/thumb/v7e-m+fp/hard\libc_nano.a(lib_a-nano-svfprintf.o)
                0x0000000008011df4                _svfiprintf_r
                0x0000000008011df4                _svfprintf_r
 .text._raise_r
                0x0000000008011ff4       0x50 d:/stm32cubeide_1.7.0/stm32cubeide/plugins/com.st.stm32cube.ide.mcu.externaltools.gnu-tools-for-stm32.9-2020-q2-update.win32_2.0.0.202105311346/tools/bin/../lib/gcc/arm-none-eabi/9.3.1/../../../../arm-none-eabi/lib/thumb/v7e-m+fp/hard\libc_nano.a(lib_a-signal.o)
                0x0000000008011ff4                _raise_r
 .text.raise    0x0000000008012044       0x10 d:/stm32cubeide_1.7.0/stm32cubeide/plugins/com.st.stm32cube.ide.mcu.externaltools.gnu-tools-for-stm32.9-2020-q2-update.win32_2.0.0.202105311346/tools/bin/../lib/gcc/arm-none-eabi/9.3.1/../../../../arm-none-eabi/lib/thumb/v7e-m+fp/hard\libc_nano.a(lib_a-signal.o)
                0x0000000008012044                raise
 .text._kill_r  0x0000000008012054       0x24 d:/stm32cubeide_1.7.0/stm32cubeide/plugins/com.st.stm32cube.ide.mcu.externaltools.gnu-tools-for-stm32.9-2020-q2-update.win32_2.0.0.202105311346/tools/bin/../lib/gcc/arm-none-eabi/9.3.1/../../../../arm-none-eabi/lib/thumb/v7e-m+fp/hard\libc_nano.a(lib_a-signalr.o)
                0x0000000008012054                _kill_r
 .text._getpid_r
                0x0000000008012078        0x4 d:/stm32cubeide_1.7.0/stm32cubeide/plugins/com.st.stm32cube.ide.mcu.externaltools.gnu-tools-for-stm32.9-2020-q2-update.win32_2.0.0.202105311346/tools/bin/../lib/gcc/arm-none-eabi/9.3.1/../../../../arm-none-eabi/lib/thumb/v7e-m+fp/hard\libc_nano.a(lib_a-signalr.o)
                0x0000000008012078                _getpid_r