main.c:98:6:read_file_from_littlefs	136	static
main.c:149:6:HAL_SPI_TxCpltCallback	16	static
main.c:153:6:HAL_SPI_RxCpltCallback	16	static
main.c:157:6:nor_delay_us	16	static
main.c:168:6:nor_cs_assert	8	static
main.c:172:6:nor_cs_deassert	8	static
main.c:176:6:nor_spi_tx	16	static
main.c:183:6:nor_spi_rx	16	static
main.c:191:6:__init_nor	8	static
main.c:205:5:_fs_read	32	static
main.c:215:5:_fs_write	32	static
main.c:225:5:_fs_erase	16	static
main.c:233:5:_fs_sync	16	static
main.c:238:6:list_files	440	static
main.c:277:6:__init_littefs	16	static
main.c:311:6:list_files_with_size	1104	static
main.c:354:6:__init_storage	8	static
main.c:364:5:main	48	static
main.c:489:6:SystemClock_Config	88	static
main.c:533:13:MX_ADC1_Init	24	static
main.c:583:13:MX_ADC3_Init	24	static
main.c:633:13:MX_SPI3_Init	8	static
main.c:671:13:MX_SPI4_Init	8	static
main.c:709:13:MX_UART7_Init	8	static
main.c:742:13:MX_USART1_UART_Init	8	static
main.c:775:13:MX_GPIO_Init	64	static
main.c:843:6:myprintf	112	static
main.c:852:5:bufferSize	24	static
main.c:864:6:Error_Handler	4	static,ignoring_inline_asm
