nor.c:55:13:_nor_cs_assert	16	static
nor.c:60:13:_nor_cs_deassert	16	static
nor.c:65:13:_nor_spi_tx	24	static
nor.c:69:13:_nor_spi_rx	24	static
nor.c:73:13:_nor_delay_us	16	static
nor.c:77:17:_nor_ReadID	24	static
nor.c:90:17:_nor_ReadUniqID	40	static
nor.c:106:13:_nor_WriteEnable	24	static
nor.c:116:6:_nor_WriteDisable	24	static
nor.c:125:9:_nor_ReadStatusRegister	24	static
nor.c:156:6:_nor_WriteStatusRegister	24	static
nor.c:182:11:_nor_WaitForWriteEnd	24	static
nor.c:203:11:_nor_check_buff_is_empty	24	static
nor.c:219:11:NOR_Init	24	static
nor.c:288:11:NOR_Init_wo_ID	24	static
nor.c:343:11:NOR_ExitPowerDown	24	static
nor.c:361:11:NOR_EnterPowerDown	24	static
nor.c:378:11:NOR_EraseChip	24	static
nor.c:397:11:NOR_EraseAddress	40	static
nor.c:438:11:NOR_EraseSector	24	static
nor.c:447:11:NOR_EraseBlock	24	static
nor.c:456:10:NOR_PageToSector	16	static
nor.c:461:10:NOR_PageToBlock	16	static
nor.c:466:10:NOR_SectorToBlock	16	static
nor.c:471:10:NOR_SectorToPage	16	static
nor.c:476:10:NOR_BlockToPage	16	static
nor.c:481:11:NOR_IsEmptyAddress	88	static
nor.c:505:11:NOR_IsEmptyPage	32	static
nor.c:514:11:NOR_IsEmptySector	32	static
nor.c:523:11:NOR_IsEmptyBlock	32	static
nor.c:532:11:NOR_WriteBytes	40	static
nor.c:582:11:NOR_WritePage	32	static
nor.c:596:11:NOR_WriteSector	32	static
nor.c:610:11:NOR_WriteBlock	32	static
nor.c:624:11:NOR_ReadBytes	48	static
nor.c:677:11:NOR_ReadPage	32	static
nor.c:691:11:NOR_ReadSector	32	static
nor.c:705:11:NOR_ReadBlock	32	static
